Archive member included to satisfy reference by file (symbol)

/usr/lib/gcc/arm-none-eabi/10.3.1/../../../arm-none-eabi/lib/thumb/v7e-m+fp/hard/libc_nano.a(lib_a-assert.o)
                              build/debug/deca_device.o (__assert_func)
/usr/lib/gcc/arm-none-eabi/10.3.1/../../../arm-none-eabi/lib/thumb/v7e-m+fp/hard/libc_nano.a(lib_a-atexit.o)
                              /usr/lib/gcc/arm-none-eabi/10.3.1/../../../arm-none-eabi/lib/thumb/v7e-m+fp/hard/crt0.o (atexit)
/usr/lib/gcc/arm-none-eabi/10.3.1/../../../arm-none-eabi/lib/thumb/v7e-m+fp/hard/libc_nano.a(lib_a-errno.o)
                              build/debug/syscalls.o (__errno)
/usr/lib/gcc/arm-none-eabi/10.3.1/../../../arm-none-eabi/lib/thumb/v7e-m+fp/hard/libc_nano.a(lib_a-exit.o)
                              /usr/lib/gcc/arm-none-eabi/10.3.1/../../../arm-none-eabi/lib/thumb/v7e-m+fp/hard/crt0.o (exit)
/usr/lib/gcc/arm-none-eabi/10.3.1/../../../arm-none-eabi/lib/thumb/v7e-m+fp/hard/libc_nano.a(lib_a-fini.o)
                              /usr/lib/gcc/arm-none-eabi/10.3.1/../../../arm-none-eabi/lib/thumb/v7e-m+fp/hard/crt0.o (__libc_fini_array)
/usr/lib/gcc/arm-none-eabi/10.3.1/../../../arm-none-eabi/lib/thumb/v7e-m+fp/hard/libc_nano.a(lib_a-fprintf.o)
                              /usr/lib/gcc/arm-none-eabi/10.3.1/../../../arm-none-eabi/lib/thumb/v7e-m+fp/hard/libc_nano.a(lib_a-assert.o) (fiprintf)
/usr/lib/gcc/arm-none-eabi/10.3.1/../../../arm-none-eabi/lib/thumb/v7e-m+fp/hard/libc_nano.a(lib_a-impure.o)
                              /usr/lib/gcc/arm-none-eabi/10.3.1/../../../arm-none-eabi/lib/thumb/v7e-m+fp/hard/libc_nano.a(lib_a-exit.o) (_global_impure_ptr)
/usr/lib/gcc/arm-none-eabi/10.3.1/../../../arm-none-eabi/lib/thumb/v7e-m+fp/hard/libc_nano.a(lib_a-init.o)
                              /usr/lib/gcc/arm-none-eabi/10.3.1/../../../arm-none-eabi/lib/thumb/v7e-m+fp/hard/crt0.o (__libc_init_array)
/usr/lib/gcc/arm-none-eabi/10.3.1/../../../arm-none-eabi/lib/thumb/v7e-m+fp/hard/libc_nano.a(lib_a-memcmp.o)
                              build/debug/get_msg_from_anchors2.o (memcmp)
/usr/lib/gcc/arm-none-eabi/10.3.1/../../../arm-none-eabi/lib/thumb/v7e-m+fp/hard/libc_nano.a(lib_a-memset.o)
                              /usr/lib/gcc/arm-none-eabi/10.3.1/../../../arm-none-eabi/lib/thumb/v7e-m+fp/hard/crt0.o (memset)
/usr/lib/gcc/arm-none-eabi/10.3.1/../../../arm-none-eabi/lib/thumb/v7e-m+fp/hard/libc_nano.a(lib_a-nano-vfprintf.o)
                              /usr/lib/gcc/arm-none-eabi/10.3.1/../../../arm-none-eabi/lib/thumb/v7e-m+fp/hard/libc_nano.a(lib_a-fprintf.o) (_vfprintf_r)
/usr/lib/gcc/arm-none-eabi/10.3.1/../../../arm-none-eabi/lib/thumb/v7e-m+fp/hard/libc_nano.a(lib_a-nano-vfprintf_i.o)
                              /usr/lib/gcc/arm-none-eabi/10.3.1/../../../arm-none-eabi/lib/thumb/v7e-m+fp/hard/libc_nano.a(lib_a-nano-vfprintf.o) (_printf_i)
/usr/lib/gcc/arm-none-eabi/10.3.1/../../../arm-none-eabi/lib/thumb/v7e-m+fp/hard/libc_nano.a(lib_a-sprintf.o)
                              build/debug/myFunctions.o (sprintf)
/usr/lib/gcc/arm-none-eabi/10.3.1/../../../arm-none-eabi/lib/thumb/v7e-m+fp/hard/libc_nano.a(lib_a-strcat.o)
                              build/debug/myFunctions.o (strcat)
/usr/lib/gcc/arm-none-eabi/10.3.1/../../../arm-none-eabi/lib/thumb/v7e-m+fp/hard/libc_nano.a(lib_a-strcpy.o)
                              /usr/lib/gcc/arm-none-eabi/10.3.1/../../../arm-none-eabi/lib/thumb/v7e-m+fp/hard/libc_nano.a(lib_a-strcat.o) (strcpy)
/usr/lib/gcc/arm-none-eabi/10.3.1/../../../arm-none-eabi/lib/thumb/v7e-m+fp/hard/libc_nano.a(lib_a-strlen.o)
                              build/debug/main.o (strlen)
/usr/lib/gcc/arm-none-eabi/10.3.1/../../../arm-none-eabi/lib/thumb/v7e-m+fp/hard/libc_nano.a(lib_a-strtod.o)
                              build/debug/get_msg_from_anchors2.o (strtod)
/usr/lib/gcc/arm-none-eabi/10.3.1/../../../arm-none-eabi/lib/thumb/v7e-m+fp/hard/libc_nano.a(lib_a-wbuf.o)
                              /usr/lib/gcc/arm-none-eabi/10.3.1/../../../arm-none-eabi/lib/thumb/v7e-m+fp/hard/libc_nano.a(lib_a-nano-vfprintf.o) (__swbuf_r)
/usr/lib/gcc/arm-none-eabi/10.3.1/../../../arm-none-eabi/lib/thumb/v7e-m+fp/hard/libc_nano.a(lib_a-wsetup.o)
                              /usr/lib/gcc/arm-none-eabi/10.3.1/../../../arm-none-eabi/lib/thumb/v7e-m+fp/hard/libc_nano.a(lib_a-nano-vfprintf.o) (__swsetup_r)
/usr/lib/gcc/arm-none-eabi/10.3.1/../../../arm-none-eabi/lib/thumb/v7e-m+fp/hard/libc_nano.a(lib_a-__atexit.o)
                              /usr/lib/gcc/arm-none-eabi/10.3.1/../../../arm-none-eabi/lib/thumb/v7e-m+fp/hard/libc_nano.a(lib_a-atexit.o) (__register_exitproc)
/usr/lib/gcc/arm-none-eabi/10.3.1/../../../arm-none-eabi/lib/thumb/v7e-m+fp/hard/libc_nano.a(lib_a-__call_atexit.o)
                              /usr/lib/gcc/arm-none-eabi/10.3.1/../../../arm-none-eabi/lib/thumb/v7e-m+fp/hard/libc_nano.a(lib_a-__atexit.o) (__call_exitprocs)
[...]
Memory Configuration

Name             Origin             Length             Attributes
RAM              0x0000000020000000 0x0000000000008000 xrw
CCMRAM           0x0000000010000000 0x0000000000002000 xrw
FLASH            0x0000000008000000 0x0000000000020000 xr
*default*        0x0000000000000000 0xffffffffffffffff

Linker script and memory map

LOAD /usr/lib/gcc/arm-none-eabi/10.3.1/thumb/v7e-m+fp/hard/crti.o
LOAD /usr/lib/gcc/arm-none-eabi/10.3.1/thumb/v7e-m+fp/hard/crtbegin.o
LOAD /usr/lib/gcc/arm-none-eabi/10.3.1/../../../arm-none-eabi/lib/thumb/v7e-m+fp/hard/crt0.o
LOAD build/debug/config_options.o
LOAD build/debug/deca_device.o
LOAD build/debug/deca_mutex.o
LOAD build/debug/deca_sleep.o
LOAD build/debug/deca_spi.o
LOAD build/debug/example_info.o
LOAD build/debug/get_msg_from_anchors2.o
LOAD build/debug/gpio.o
LOAD build/debug/main.o
LOAD build/debug/myDWM3000.o
LOAD build/debug/myFunctions.o
LOAD build/debug/port.o
LOAD build/debug/shared_functions.o
LOAD build/debug/spi.o
LOAD build/debug/stm32f3xx_hal.o
LOAD build/debug/stm32f3xx_hal_cortex.o
LOAD build/debug/stm32f3xx_hal_dma.o
LOAD build/debug/stm32f3xx_hal_exti.o
LOAD build/debug/stm32f3xx_hal_flash.o
LOAD build/debug/stm32f3xx_hal_flash_ex.o
LOAD build/debug/stm32f3xx_hal_gpio.o
LOAD build/debug/stm32f3xx_hal_i2c.o
LOAD build/debug/stm32f3xx_hal_i2c_ex.o
LOAD build/debug/stm32f3xx_hal_msp.o
LOAD build/debug/stm32f3xx_hal_pwr.o
LOAD build/debug/stm32f3xx_hal_pwr_ex.o
LOAD build/debug/stm32f3xx_hal_rcc.o
LOAD build/debug/stm32f3xx_hal_rcc_ex.o
LOAD build/debug/stm32f3xx_hal_spi.o
LOAD build/debug/stm32f3xx_hal_spi_ex.o
LOAD build/debug/stm32f3xx_hal_tim.o
LOAD build/debug/stm32f3xx_hal_tim_ex.o
LOAD build/debug/stm32f3xx_hal_uart.o
LOAD build/debug/stm32f3xx_hal_uart_ex.o
LOAD build/debug/stm32f3xx_it.o
LOAD build/debug/syscalls.o
LOAD build/debug/sysmem.o
LOAD build/debug/system_stm32f3xx.o
LOAD build/debug/tim.o
LOAD build/debug/usart.o
LOAD build/debug/startup_stm32f303xc.o
LOAD /usr/lib/gcc/arm-none-eabi/10.3.1/../../../arm-none-eabi/lib/thumb/v7e-m+fp/hard/libc_nano.a
LOAD /usr/lib/gcc/arm-none-eabi/10.3.1/../../../arm-none-eabi/lib/thumb/v7e-m+fp/hard/libm.a
LOAD /usr/lib/gcc/arm-none-eabi/10.3.1/../../../arm-none-eabi/lib/thumb/v7e-m+fp/hard/libnosys.a
START GROUP
LOAD /usr/lib/gcc/arm-none-eabi/10.3.1/thumb/v7e-m+fp/hard/libgcc.a
LOAD /usr/lib/gcc/arm-none-eabi/10.3.1/../../../arm-none-eabi/lib/thumb/v7e-m+fp/hard/libc_nano.a
END GROUP
START GROUP
LOAD /usr/lib/gcc/arm-none-eabi/10.3.1/thumb/v7e-m+fp/hard/libgcc.a
LOAD /usr/lib/gcc/arm-none-eabi/10.3.1/../../../arm-none-eabi/lib/thumb/v7e-m+fp/hard/libc_nano.a
END GROUP
LOAD /usr/lib/gcc/arm-none-eabi/10.3.1/thumb/v7e-m+fp/hard/crtend.o
LOAD /usr/lib/gcc/arm-none-eabi/10.3.1/thumb/v7e-m+fp/hard/crtn.o
                0x0000000020008000                _estack = (ORIGIN (RAM) + LENGTH (RAM))
                0x0000000000000200                _Min_Heap_Size = 0x200
                0x0000000000000400                _Min_Stack_Size = 0x400

.isr_vector     0x0000000008000000      0x188
                0x0000000008000000                . = ALIGN (0x4)
 *(.isr_vector)
 .isr_vector    0x0000000008000000      0x188 build/debug/startup_stm32f303xc.o
                0x0000000008000000                g_pfnVectors
                0x0000000008000188                . = ALIGN (0x4)

.text           0x00000000080001c0     0x9454
                0x00000000080001c0                . = ALIGN (0x4)
 *(.text)
 .text          0x00000000080001c0       0x88 /usr/lib/gcc/arm-none-eabi/10.3.1/thumb/v7e-m+fp/hard/crtbegin.o
 .text          0x0000000008000248       0x4c /usr/lib/gcc/arm-none-eabi/10.3.1/../../../arm-none-eabi/lib/thumb/v7e-m+fp/hard/libc_nano.a(lib_a-assert.o)
                0x0000000008000248                __assert_func
                0x0000000008000288                __assert
 .text          0x0000000008000294        0xc /usr/lib/gcc/arm-none-eabi/10.3.1/../../../arm-none-eabi/lib/thumb/v7e-m+fp/hard/libc_nano.a(lib_a-errno.o)
                0x0000000008000294                __errno
 .text          0x00000000080002a0       0x44 /usr/lib/gcc/arm-none-eabi/10.3.1/../../../arm-none-eabi/lib/thumb/v7e-m+fp/hard/libc_nano.a(lib_a-fprintf.o)
                0x00000000080002a0                _fprintf_r
                0x00000000080002a0                _fiprintf_r
                0x00000000080002bc                fprintf
                0x00000000080002bc                fiprintf
 .text          0x00000000080002e4       0x48 /usr/lib/gcc/arm-none-eabi/10.3.1/../../../arm-none-eabi/lib/thumb/v7e-m+fp/hard/libc_nano.a(lib_a-init.o)
                0x00000000080002e4                __libc_init_array
 .text          0x000000000800032c       0x64 /usr/lib/gcc/arm-none-eabi/10.3.1/../../../arm-none-eabi/lib/thumb/v7e-m+fp/hard/libc_nano.a(lib_a-memcmp.o)
                0x000000000800032c                memcmp
 .text          0x0000000008000390       0xa4 /usr/lib/gcc/arm-none-eabi/10.3.1/../../../arm-none-eabi/lib/thumb/v7e-m+fp/hard/libc_nano.a(lib_a-memset.o)
                0x0000000008000390                memset
 .text          0x0000000008000434      0x328 /usr/lib/gcc/arm-none-eabi/10.3.1/../../../arm-none-eabi/lib/thumb/v7e-m+fp/hard/libc_nano.a(lib_a-nano-vfprintf.o)
                0x0000000008000470                __sfputs_r
                0x00000000080004a0                __sprint_r
                0x00000000080004bc                _vfiprintf_r
                0x00000000080004bc                _vfprintf_r
                0x0000000008000740                vfiprintf
                0x0000000008000740                vfprintf
 .text          0x000000000800075c      0x3dc /usr/lib/gcc/arm-none-eabi/10.3.1/../../../arm-none-eabi/lib/thumb/v7e-m+fp/hard/libc_nano.a(lib_a-nano-vfprintf_i.o)
                0x000000000800075c                _printf_common
                0x0000000008000888                _printf_i
 .text          0x0000000008000b38       0x78 /usr/lib/gcc/arm-none-eabi/10.3.1/../../../arm-none-eabi/lib/thumb/v7e-m+fp/hard/libc_nano.a(lib_a-sprintf.o)
                0x0000000008000b38                _siprintf_r
                0x0000000008000b38                _sprintf_r
                0x0000000008000b70                sprintf
                0x0000000008000b70                siprintf
 .text          0x0000000008000bb0       0x40 /usr/lib/gcc/arm-none-eabi/10.3.1/../../../arm-none-eabi/lib/thumb/v7e-m+fp/hard/libc_nano.a(lib_a-strcat.o)
                0x0000000008000bb0                strcat
 .text          0x0000000008000bf0       0xbc /usr/lib/gcc/arm-none-eabi/10.3.1/../../../arm-none-eabi/lib/thumb/v7e-m+fp/hard/libc_nano.a(lib_a-strcpy.o)
                0x0000000008000bf0                strcpy
 *fill*         0x0000000008000cac       0x14 
 .text          0x0000000008000cc0       0xdc /usr/lib/gcc/arm-none-eabi/10.3.1/../../../arm-none-eabi/lib/thumb/v7e-m+fp/hard/libc_nano.a(lib_a-strlen.o)
                0x0000000008000cc0                strlen
 *fill*         0x0000000008000d9c        0x4 
 .text          0x0000000008000da0     0x1104 /usr/lib/gcc/arm-none-eabi/10.3.1/../../../arm-none-eabi/lib/thumb/v7e-m+fp/hard/libc_nano.a(lib_a-strtod.o)
                0x0000000008000da0                _strtod_l
                0x0000000008001cf0                _strtod_r
                0x0000000008001cfc                strtod_l
                0x0000000008001d18                strtod
                0x0000000008001d38                strtof_l
                0x0000000008001dec                strtof
 .text          0x0000000008001ea4       0xc8 /usr/lib/gcc/arm-none-eabi/10.3.1/../../../arm-none-eabi/lib/thumb/v7e-m+fp/hard/libc_nano.a(lib_a-wbuf.o)
                0x0000000008001ea4                __swbuf_r
                0x0000000008001f54                __swbuf
 .text          0x0000000008001f6c      0x104 /usr/lib/gcc/arm-none-eabi/10.3.1/../../../arm-none-eabi/lib/thumb/v7e-m+fp/hard/libc_nano.a(lib_a-wsetup.o)
                0x0000000008001f6c                __swsetup_r
 .text          0x0000000008002070       0x10 /usr/lib/gcc/arm-none-eabi/10.3.1/../../../arm-none-eabi/lib/thumb/v7e-m+fp/hard/libc_nano.a(lib_a-abort.o)
                0x0000000008002070                abort
 .text          0x0000000008002080      0x1e8 /usr/lib/gcc/arm-none-eabi/10.3.1/../../../arm-none-eabi/lib/thumb/v7e-m+fp/hard/libc_nano.a(lib_a-fflush.o)
                0x0000000008002080                __sflush_r
                0x0000000008002194                _fflush_r
                0x00000000080021e8                fflush
 .text          0x0000000008002268      0x238 /usr/lib/gcc/arm-none-eabi/10.3.1/../../../arm-none-eabi/lib/thumb/v7e-m+fp/hard/libc_nano.a(lib_a-findfp.o)
                0x000000000800226c                _cleanup_r
                0x000000000800227c                __sfmoreglue
                0x00000000080022ac                __sfp
                0x000000000800244c                _cleanup
                0x0000000008002460                __sinit
                0x0000000008002468                __sfp_lock_acquire
                0x000000000800246c                __sfp_lock_release
                0x0000000008002470                __sinit_lock_acquire
                0x0000000008002474                __sinit_lock_release
                0x0000000008002478                __fp_lock_all
                0x000000000800248c                __fp_unlock_all
 .text          0x00000000080024a0      0x2f0 /usr/lib/gcc/arm-none-eabi/10.3.1/../../../arm-none-eabi/lib/thumb/v7e-m+fp/hard/libc_nano.a(lib_a-fvwrite.o)
                0x00000000080024a0                __sfvwrite_r
 .text          0x0000000008002790       0x88 /usr/lib/gcc/arm-none-eabi/10.3.1/../../../arm-none-eabi/lib/thumb/v7e-m+fp/hard/libc_nano.a(lib_a-fwalk.o)
                0x0000000008002790                _fwalk
                0x00000000080027d0                _fwalk_reent
 .text          0x0000000008002818      0x67c /usr/lib/gcc/arm-none-eabi/10.3.1/../../../arm-none-eabi/lib/thumb/v7e-m+fp/hard/libc_nano.a(lib_a-gdtoa-gethex.o)
                0x00000000080028bc                __gethex
 .text          0x0000000008002e94      0x1e4 /usr/lib/gcc/arm-none-eabi/10.3.1/../../../arm-none-eabi/lib/thumb/v7e-m+fp/hard/libc_nano.a(lib_a-gdtoa-hexnan.o)
                0x0000000008002e94                __match
                0x0000000008002ecc                __hexnan
 .text          0x0000000008003078      0x11c /usr/lib/gcc/arm-none-eabi/10.3.1/../../../arm-none-eabi/lib/thumb/v7e-m+fp/hard/libc_nano.a(lib_a-makebuf.o)
                0x0000000008003078                __smakebuf_r
                0x0000000008003138                __swhatbuf_r
 .text          0x0000000008003194       0x40 /usr/lib/gcc/arm-none-eabi/10.3.1/../../../arm-none-eabi/lib/thumb/v7e-m+fp/hard/libc_nano.a(lib_a-mbtowc_r.o)
                0x0000000008003194                _mbtowc_r
                0x00000000080031a8                __ascii_mbtowc
 *fill*         0x00000000080031d4        0xc 
 .text          0x00000000080031e0       0xa0 /usr/lib/gcc/arm-none-eabi/10.3.1/../../../arm-none-eabi/lib/thumb/v7e-m+fp/hard/libc_nano.a(lib_a-memchr.o)
                0x00000000080031e0                memchr
 .text          0x0000000008003280      0x134 /usr/lib/gcc/arm-none-eabi/10.3.1/../../../arm-none-eabi/lib/thumb/v7e-m+fp/hard/libc_nano.a(lib_a-memcpy.o)
                0x0000000008003280                memcpy
 .text          0x00000000080033b4       0xf8 /usr/lib/gcc/arm-none-eabi/10.3.1/../../../arm-none-eabi/lib/thumb/v7e-m+fp/hard/libc_nano.a(lib_a-memmove.o)
                0x00000000080033b4                memmove
 .text          0x00000000080034ac      0xaec /usr/lib/gcc/arm-none-eabi/10.3.1/../../../arm-none-eabi/lib/thumb/v7e-m+fp/hard/libc_nano.a(lib_a-mprec.o)
                0x00000000080034ac                _Balloc
                0x000000000800352c                _Bfree
                0x0000000008003574                __multadd
                0x0000000008003618                __s2b
                0x00000000080036cc                __hi0bits
                0x000000000800370c                __lo0bits
                0x000000000800376c                __i2b
                0x0000000008003798                __multiply
                0x00000000080038f4                __pow5mult
                0x00000000080039d4                __lshift
                0x0000000008003abc                __mcmp
                0x0000000008003b00                __mdiff
                0x0000000008003c4c                __ulp
                0x0000000008003cac                __b2d
                0x0000000008003d6c                __d2b
                0x0000000008003e3c                __ratio
                0x0000000008003e98                _mprec_log10
                0x0000000008003ed8                __copybits
                0x0000000008003f34                __any_on
 .text          0x0000000008003f98       0x1c /usr/lib/gcc/arm-none-eabi/10.3.1/../../../arm-none-eabi/lib/thumb/v7e-m+fp/hard/libc_nano.a(lib_a-nano-callocr.o)
                0x0000000008003f98                _calloc_r
 .text          0x0000000008003fb4       0xc4 /usr/lib/gcc/arm-none-eabi/10.3.1/../../../arm-none-eabi/lib/thumb/v7e-m+fp/hard/libc_nano.a(lib_a-nano-freer.o)
                0x0000000008003fb4                _free_r
 .text          0x0000000008004078       0xb4 /usr/lib/gcc/arm-none-eabi/10.3.1/../../../arm-none-eabi/lib/thumb/v7e-m+fp/hard/libc_nano.a(lib_a-nano-mallocr.o)
                0x0000000008004078                _malloc_r
 .text          0x000000000800412c       0x50 /usr/lib/gcc/arm-none-eabi/10.3.1/../../../arm-none-eabi/lib/thumb/v7e-m+fp/hard/libc_nano.a(lib_a-nano-reallocr.o)
                0x000000000800412c                _realloc_r
 .text          0x000000000800417c      0x3f0 /usr/lib/gcc/arm-none-eabi/10.3.1/../../../arm-none-eabi/lib/thumb/v7e-m+fp/hard/libc_nano.a(lib_a-nano-svfprintf.o)
                0x000000000800417c                __ssputs_r
                0x0000000008004240                __ssprint_r
                0x0000000008004338                _svfprintf_r
                0x0000000008004338                _svfiprintf_r
 *fill*         0x000000000800456c        0x4 
 .text          0x0000000008004570       0x10 /usr/lib/gcc/arm-none-eabi/10.3.1/../../../arm-none-eabi/lib/thumb/v7e-m+fp/hard/libc_nano.a(lib_a-s_nan.o)
                0x0000000008004570                nan
 .text          0x0000000008004580       0x24 /usr/lib/gcc/arm-none-eabi/10.3.1/../../../arm-none-eabi/lib/thumb/v7e-m+fp/hard/libc_nano.a(lib_a-sbrkr.o)
                0x0000000008004580                _sbrk_r
 .text          0x00000000080045a4        0xc /usr/lib/gcc/arm-none-eabi/10.3.1/../../../arm-none-eabi/lib/thumb/v7e-m+fp/hard/libc_nano.a(lib_a-sf_nan.o)
                0x00000000080045a4                nanf
 .text          0x00000000080045b0      0x268 /usr/lib/gcc/arm-none-eabi/10.3.1/../../../arm-none-eabi/lib/thumb/v7e-m+fp/hard/libc_nano.a(lib_a-signal.o)
                0x00000000080045b0                _init_signal_r
                0x00000000080045dc                _signal_r
                0x0000000008004624                _raise_r
                0x0000000008004678                __sigtramp_r
                0x00000000080046d8                raise
                0x0000000008004730                signal
                0x0000000008004780                _init_signal
                0x00000000080047b4                __sigtramp
 .text          0x0000000008004818       0x30 /usr/lib/gcc/arm-none-eabi/10.3.1/../../../arm-none-eabi/lib/thumb/v7e-m+fp/hard/libc_nano.a(lib_a-signalr.o)
                0x0000000008004818                _kill_r
                0x0000000008004844                _getpid_r
 .text          0x0000000008004848       0x90 /usr/lib/gcc/arm-none-eabi/10.3.1/../../../arm-none-eabi/lib/thumb/v7e-m+fp/hard/libc_nano.a(lib_a-stdio.o)
                0x0000000008004848                __sread
                0x000000000800486c                __seofread
                0x0000000008004870                __swrite
                0x00000000080048b0                __sseek
                0x00000000080048d0                __sclose
 .text          0x00000000080048d8       0x80 /usr/lib/gcc/arm-none-eabi/10.3.1/../../../arm-none-eabi/lib/thumb/v7e-m+fp/hard/libc_nano.a(lib_a-strncmp.o)
                0x00000000080048d8                strncmp
 .text          0x0000000008004958       0x30 /usr/lib/gcc/arm-none-eabi/10.3.1/../../../arm-none-eabi/lib/thumb/v7e-m+fp/hard/libc_nano.a(lib_a-wctomb_r.o)
                0x0000000008004958                _wctomb_r
                0x000000000800496c                __ascii_wctomb
 .text          0x0000000008004988       0x2c /usr/lib/gcc/arm-none-eabi/10.3.1/../../../arm-none-eabi/lib/thumb/v7e-m+fp/hard/libc_nano.a(lib_a-writer.o)
                0x0000000008004988                _write_r
 .text          0x00000000080049b4       0x24 /usr/lib/gcc/arm-none-eabi/10.3.1/../../../arm-none-eabi/lib/thumb/v7e-m+fp/hard/libc_nano.a(lib_a-closer.o)
                0x00000000080049b4                _close_r
 .text          0x00000000080049d8       0x2c /usr/lib/gcc/arm-none-eabi/10.3.1/../../../arm-none-eabi/lib/thumb/v7e-m+fp/hard/libc_nano.a(lib_a-fstatr.o)
                0x00000000080049d8                _fstat_r
 .text          0x0000000008004a04       0x24 /usr/lib/gcc/arm-none-eabi/10.3.1/../../../arm-none-eabi/lib/thumb/v7e-m+fp/hard/libc_nano.a(lib_a-isattyr.o)
                0x0000000008004a04                _isatty_r
 .text          0x0000000008004a28       0x2c /usr/lib/gcc/arm-none-eabi/10.3.1/../../../arm-none-eabi/lib/thumb/v7e-m+fp/hard/libc_nano.a(lib_a-lseekr.o)
                0x0000000008004a28                _lseek_r
 .text          0x0000000008004a54       0x20 /usr/lib/gcc/arm-none-eabi/10.3.1/../../../arm-none-eabi/lib/thumb/v7e-m+fp/hard/libc_nano.a(lib_a-malloc.o)
                0x0000000008004a54                malloc
                0x0000000008004a64                free
 .text          0x0000000008004a74        0x8 /usr/lib/gcc/arm-none-eabi/10.3.1/../../../arm-none-eabi/lib/thumb/v7e-m+fp/hard/libc_nano.a(lib_a-mlock.o)
                0x0000000008004a74                __malloc_lock
                0x0000000008004a78                __malloc_unlock
 .text          0x0000000008004a7c       0x14 /usr/lib/gcc/arm-none-eabi/10.3.1/../../../arm-none-eabi/lib/thumb/v7e-m+fp/hard/libc_nano.a(lib_a-nano-msizer.o)
                0x0000000008004a7c                _malloc_usable_size_r
 .text          0x0000000008004a90       0x2c /usr/lib/gcc/arm-none-eabi/10.3.1/../../../arm-none-eabi/lib/thumb/v7e-m+fp/hard/libc_nano.a(lib_a-readr.o)
                0x0000000008004a90                _read_r
 .text          0x0000000008004abc      0x378 /usr/lib/gcc/arm-none-eabi/10.3.1/thumb/v7e-m+fp/hard/libgcc.a(_arm_addsubdf3.o)
                0x0000000008004abc                __aeabi_drsub
                0x0000000008004ac4                __aeabi_dsub
                0x0000000008004ac4                __subdf3
                0x0000000008004ac8                __adddf3
                0x0000000008004ac8                __aeabi_dadd
                0x0000000008004d40                __aeabi_ui2d
                0x0000000008004d40                __floatunsidf
                0x0000000008004d60                __floatsidf
                0x0000000008004d60                __aeabi_i2d
                0x0000000008004d84                __extendsfdf2
                0x0000000008004d84                __aeabi_f2d
                0x0000000008004dc8                __aeabi_ul2d
                0x0000000008004dc8                __floatundidf
                0x0000000008004dd8                __floatdidf
                0x0000000008004dd8                __aeabi_l2d
 .text          0x0000000008004e34      0x424 /usr/lib/gcc/arm-none-eabi/10.3.1/thumb/v7e-m+fp/hard/libgcc.a(_arm_muldivdf3.o)
                0x0000000008004e34                __aeabi_dmul
                0x0000000008004e34                __muldf3
                0x0000000008005088                __aeabi_ddiv
                0x0000000008005088                __divdf3
 .text          0x0000000008005258      0x110 /usr/lib/gcc/arm-none-eabi/10.3.1/thumb/v7e-m+fp/hard/libgcc.a(_arm_cmpdf2.o)
                0x0000000008005258                __gtdf2
                0x0000000008005258                __gedf2
                0x0000000008005260                __ltdf2
                0x0000000008005260                __ledf2
                0x0000000008005268                __cmpdf2
                0x0000000008005268                __eqdf2
                0x0000000008005268                __nedf2
                0x00000000080052e4                __aeabi_cdrcmple
                0x00000000080052f4                __aeabi_cdcmple
                0x00000000080052f4                __aeabi_cdcmpeq
                0x0000000008005304                __aeabi_dcmpeq
                0x0000000008005318                __aeabi_dcmplt
                0x000000000800532c                __aeabi_dcmple
                0x0000000008005340                __aeabi_dcmpge
                0x0000000008005354                __aeabi_dcmpgt
 .text          0x0000000008005368       0x2c /usr/lib/gcc/arm-none-eabi/10.3.1/thumb/v7e-m+fp/hard/libgcc.a(_arm_unorddf2.o)
                0x0000000008005368                __aeabi_dcmpun
                0x0000000008005368                __unorddf2
 .text          0x0000000008005394       0x40 /usr/lib/gcc/arm-none-eabi/10.3.1/thumb/v7e-m+fp/hard/libgcc.a(_arm_fixunsdfsi.o)
                0x0000000008005394                __fixunsdfsi
                0x0000000008005394                __aeabi_d2uiz
 .text          0x00000000080053d4       0xa0 /usr/lib/gcc/arm-none-eabi/10.3.1/thumb/v7e-m+fp/hard/libgcc.a(_arm_truncdfsf2.o)
                0x00000000080053d4                __aeabi_d2f
                0x00000000080053d4                __truncdfsf2
 .text          0x0000000008005474       0x30 /usr/lib/gcc/arm-none-eabi/10.3.1/thumb/v7e-m+fp/hard/libgcc.a(_fixdfdi.o)
                0x0000000008005474                __aeabi_d2lz
                0x0000000008005474                __fixdfdi
 .text          0x00000000080054a4       0x3c /usr/lib/gcc/arm-none-eabi/10.3.1/thumb/v7e-m+fp/hard/libgcc.a(_fixunsdfdi.o)
                0x00000000080054a4                __aeabi_d2ulz
                0x00000000080054a4                __fixunsdfdi
 *(.text*)
 .text.get_sts_mnth
                0x00000000080054e0       0x28 build/debug/deca_device.o
 .text.dwt_generatecrc8
                0x0000000008005508       0x28 build/debug/deca_device.o
                0x0000000008005508                dwt_generatecrc8
 .text.dwt_xfer3000
                0x0000000008005530      0x164 build/debug/deca_device.o
 .text.dwt_writetodevice
                0x0000000008005694       0x12 build/debug/deca_device.o
                0x0000000008005694                dwt_writetodevice
 .text.dwt_write32bitoffsetreg
                0x00000000080056a6       0x2a build/debug/deca_device.o
                0x00000000080056a6                dwt_write32bitoffsetreg
 .text.dwt_disable_rftx_blocks
                0x00000000080056d0       0x14 build/debug/deca_device.o
 .text.dwt_disable_rf_tx
                0x00000000080056e4       0x34 build/debug/deca_device.o
 .text.dwt_write16bitoffsetreg
                0x0000000008005718       0x1e build/debug/deca_device.o
                0x0000000008005718                dwt_write16bitoffsetreg
 *fill*         0x0000000008005736        0x2 
 .text.dwt_force_clocks
                0x0000000008005738       0x30 build/debug/deca_device.o
 .text.dwt_write8bitoffsetreg
                0x0000000008005768       0x1a build/debug/deca_device.o
                0x0000000008005768                dwt_write8bitoffsetreg
 .text.dwt_readfromdevice
                0x0000000008005782       0x10 build/debug/deca_device.o
                0x0000000008005782                dwt_readfromdevice
 .text.dwt_read32bitoffsetreg
                0x0000000008005792       0x2e build/debug/deca_device.o
                0x0000000008005792                dwt_read32bitoffsetreg
 .text._dwt_otpread
                0x00000000080057c0       0x3c build/debug/deca_device.o
 .text.dwt_read16bitoffsetreg
                0x00000000080057fc       0x22 build/debug/deca_device.o
                0x00000000080057fc                dwt_read16bitoffsetreg
 .text.dwt_read8bitoffsetreg
                0x000000000800581e       0x1a build/debug/deca_device.o
                0x000000000800581e                dwt_read8bitoffsetreg
 .text.dwt_modify32bitoffsetreg
                0x0000000008005838       0x4e build/debug/deca_device.o
                0x0000000008005838                dwt_modify32bitoffsetreg
 *fill*         0x0000000008005886        0x2 
 .text._dwt_kick_dgc_on_wakeup
                0x0000000008005888       0x34 build/debug/deca_device.o
 .text.dwt_enable_rf_tx
                0x00000000080058bc       0x74 build/debug/deca_device.o
 .text.dwt_enable_rftx_blocks
                0x0000000008005930       0x38 build/debug/deca_device.o
 .text.dwt_modify16bitoffsetreg
                0x0000000008005968       0x2e build/debug/deca_device.o
                0x0000000008005968                dwt_modify16bitoffsetreg
 *fill*         0x0000000008005996        0x2 
 .text._dwt_prog_ldo_and_bias_tune
                0x0000000008005998       0x34 build/debug/deca_device.o
 .text.dwt_modify8bitoffsetreg
                0x00000000080059cc       0x22 build/debug/deca_device.o
                0x00000000080059cc                dwt_modify8bitoffsetreg
 *fill*         0x00000000080059ee        0x2 
 .text.dwt_setdwstate
                0x00000000080059f0       0x84 build/debug/deca_device.o
                0x00000000080059f0                dwt_setdwstate
 .text.dwt_readdevid
                0x0000000008005a74        0xc build/debug/deca_device.o
                0x0000000008005a74                dwt_readdevid
 .text.dwt_configmrxlut
                0x0000000008005a80       0xec build/debug/deca_device.o
                0x0000000008005a80                dwt_configmrxlut
 .text.dwt_run_pgfcal
                0x0000000008005b6c       0xb0 build/debug/deca_device.o
                0x0000000008005b6c                dwt_run_pgfcal
 .text.dwt_pgf_cal
                0x0000000008005c1c       0x48 build/debug/deca_device.o
                0x0000000008005c1c                dwt_pgf_cal
 .text.dwt_setplenfine
                0x0000000008005c64        0xe build/debug/deca_device.o
                0x0000000008005c64                dwt_setplenfine
 *fill*         0x0000000008005c72        0x2 
 .text.dwt_configure
                0x0000000008005c74      0x388 build/debug/deca_device.o
                0x0000000008005c74                dwt_configure
 .text.dwt_readrxdata
                0x0000000008005ffc       0x64 build/debug/deca_device.o
                0x0000000008005ffc                dwt_readrxdata
 .text.dwt_configureframefilter
                0x0000000008006060       0x38 build/debug/deca_device.o
                0x0000000008006060                dwt_configureframefilter
 .text.dwt_setpanid
                0x0000000008006098        0xe build/debug/deca_device.o
                0x0000000008006098                dwt_setpanid
 .text.dwt_setaddress16
                0x00000000080060a6        0xe build/debug/deca_device.o
                0x00000000080060a6                dwt_setaddress16
 .text.dwt_check_dev_id
                0x00000000080060b4       0x24 build/debug/deca_device.o
                0x00000000080060b4                dwt_check_dev_id
 .text.dwt_initialise
                0x00000000080060d8      0x120 build/debug/deca_device.o
                0x00000000080060d8                dwt_initialise
 .text.dwt_checkidlerc
                0x00000000080061f8       0x10 build/debug/deca_device.o
                0x00000000080061f8                dwt_checkidlerc
 .text.dwt_rxenable
                0x0000000008006208       0xa8 build/debug/deca_device.o
                0x0000000008006208                dwt_rxenable
 .text.dwt_calcbandwidthadj
                0x00000000080062b0       0x6c build/debug/deca_device.o
                0x00000000080062b0                dwt_calcbandwidthadj
 .text.dwt_configuretxrf
                0x000000000800631c       0x48 build/debug/deca_device.o
                0x000000000800631c                dwt_configuretxrf
 .text.decamutexon
                0x0000000008006364       0x14 build/debug/deca_mutex.o
                0x0000000008006364                decamutexon
 .text.decamutexoff
                0x0000000008006378        0xc build/debug/deca_mutex.o
                0x0000000008006378                decamutexoff
 .text.deca_usleep
                0x0000000008006384        0x8 build/debug/deca_sleep.o
                0x0000000008006384                deca_usleep
 .text.writetospiwithcrc
                0x000000000800638c       0x6c build/debug/deca_spi.o
                0x000000000800638c                writetospiwithcrc
 .text.writetospi
                0x00000000080063f8       0x64 build/debug/deca_spi.o
                0x00000000080063f8                writetospi
 .text.readfromspi
                0x000000000800645c       0x68 build/debug/deca_spi.o
                0x000000000800645c                readfromspi
 .text.build_examples
                0x00000000080064c4       0x10 build/debug/example_info.o
                0x00000000080064c4                build_examples
 .text.get_msg_from_anchors
                0x00000000080064d4      0x604 build/debug/get_msg_from_anchors2.o
                0x00000000080064d4                get_msg_from_anchors
 .text.MX_GPIO_Init
                0x0000000008006ad8       0x98 build/debug/gpio.o
                0x0000000008006ad8                MX_GPIO_Init
 .text.test_run_info
                0x0000000008006b70       0x2c build/debug/main.o
                0x0000000008006b70                test_run_info
 .text.test_run_info_DMA
                0x0000000008006b9c       0x18 build/debug/main.o
                0x0000000008006b9c                test_run_info_DMA
 .text.Error_Handler
                0x0000000008006bb4        0x4 build/debug/main.o
                0x0000000008006bb4                Error_Handler
 .text.SystemClock_Config
                0x0000000008006bb8       0x82 build/debug/main.o
                0x0000000008006bb8                SystemClock_Config
 *fill*         0x0000000008006c3a        0x2 
 .text.main     0x0000000008006c3c       0x30 build/debug/main.o
                0x0000000008006c3c                main
 .text.get_msg_toPC_2
                0x0000000008006c6c       0x2c build/debug/myFunctions.o
                0x0000000008006c6c                get_msg_toPC_2
 .text.allTrue  0x0000000008006c98       0x64 build/debug/myFunctions.o
                0x0000000008006c98                allTrue
 .text.concatenateDistancesAndRssiToString
                0x0000000008006cfc       0x84 build/debug/myFunctions.o
                0x0000000008006cfc                concatenateDistancesAndRssiToString
 .text.split_dist_rssi
                0x0000000008006d80       0x48 build/debug/myFunctions.o
                0x0000000008006d80                split_dist_rssi
 .text.usleep   0x0000000008006dc8       0x38 build/debug/port.o
                0x0000000008006dc8                usleep
 .text.Sleep    0x0000000008006e00       0x16 build/debug/port.o
                0x0000000008006e00                Sleep
 .text.port_DisableEXT_IRQ
                0x0000000008006e16        0xe build/debug/port.o
                0x0000000008006e16                port_DisableEXT_IRQ
 .text.port_EnableEXT_IRQ
                0x0000000008006e24        0xe build/debug/port.o
                0x0000000008006e24                port_EnableEXT_IRQ
 *fill*         0x0000000008006e32        0x2 
 .text.EXTI_GetITEnStatus
                0x0000000008006e34       0x40 build/debug/port.o
                0x0000000008006e34                EXTI_GetITEnStatus
 .text.port_GetEXT_IRQStatus
                0x0000000008006e74       0x10 build/debug/port.o
                0x0000000008006e74                port_GetEXT_IRQStatus
 .text.my_reset_DWIC
                0x0000000008006e84       0x38 build/debug/port.o
                0x0000000008006e84                my_reset_DWIC
 .text.__NVIC_EnableIRQ
                0x0000000008006ebc       0x1c build/debug/port.o
 .text.__NVIC_DisableIRQ
                0x0000000008006ed8       0x24 build/debug/port.o
 .text.MX_SPI1_Init
                0x0000000008006efc       0x4c build/debug/spi.o
                0x0000000008006efc                MX_SPI1_Init
 .text.HAL_SPI_MspInit
                0x0000000008006f48       0x68 build/debug/spi.o
                0x0000000008006f48                HAL_SPI_MspInit
 .text.HAL_InitTick
                0x0000000008006fb0       0x4c build/debug/stm32f3xx_hal.o
                0x0000000008006fb0                HAL_InitTick
 .text.HAL_Init
                0x0000000008006ffc       0x24 build/debug/stm32f3xx_hal.o
                0x0000000008006ffc                HAL_Init
 .text.HAL_IncTick
                0x0000000008007020       0x18 build/debug/stm32f3xx_hal.o
                0x0000000008007020                HAL_IncTick
 .text.HAL_GetTick
                0x0000000008007038        0xc build/debug/stm32f3xx_hal.o
                0x0000000008007038                HAL_GetTick
 .text.HAL_Delay
                0x0000000008007044       0x28 build/debug/stm32f3xx_hal.o
                0x0000000008007044                HAL_Delay
 .text.HAL_NVIC_SetPriorityGrouping
                0x000000000800706c       0x24 build/debug/stm32f3xx_hal_cortex.o
                0x000000000800706c                HAL_NVIC_SetPriorityGrouping
 .text.HAL_NVIC_SetPriority
                0x0000000008007090       0x70 build/debug/stm32f3xx_hal_cortex.o
                0x0000000008007090                HAL_NVIC_SetPriority
 .text.HAL_SYSTICK_Config
                0x0000000008007100       0x28 build/debug/stm32f3xx_hal_cortex.o
                0x0000000008007100                HAL_SYSTICK_Config
 .text.DMA_SetConfig
                0x0000000008007128       0x2c build/debug/stm32f3xx_hal_dma.o
 .text.HAL_DMA_Start_IT
                0x0000000008007154       0x74 build/debug/stm32f3xx_hal_dma.o
                0x0000000008007154                HAL_DMA_Start_IT
 .text.HAL_GPIO_Init
                0x00000000080071c8      0x1c8 build/debug/stm32f3xx_hal_gpio.o
                0x00000000080071c8                HAL_GPIO_Init
 .text.HAL_GPIO_WritePin
                0x0000000008007390        0xa build/debug/stm32f3xx_hal_gpio.o
                0x0000000008007390                HAL_GPIO_WritePin
 *fill*         0x000000000800739a        0x2 
 .text.HAL_MspInit
                0x000000000800739c       0x30 build/debug/stm32f3xx_hal_msp.o
                0x000000000800739c                HAL_MspInit
 .text.HAL_RCC_OscConfig
                0x00000000080073cc      0x634 build/debug/stm32f3xx_hal_rcc.o
                0x00000000080073cc                HAL_RCC_OscConfig
 .text.HAL_RCC_GetSysClockFreq
                0x0000000008007a00       0x60 build/debug/stm32f3xx_hal_rcc.o
                0x0000000008007a00                HAL_RCC_GetSysClockFreq
 .text.HAL_RCC_ClockConfig
                0x0000000008007a60      0x1a8 build/debug/stm32f3xx_hal_rcc.o
                0x0000000008007a60                HAL_RCC_ClockConfig
 .text.HAL_RCC_GetHCLKFreq
                0x0000000008007c08        0xc build/debug/stm32f3xx_hal_rcc.o
                0x0000000008007c08                HAL_RCC_GetHCLKFreq
 .text.HAL_RCC_GetPCLK1Freq
                0x0000000008007c14       0x2c build/debug/stm32f3xx_hal_rcc.o
                0x0000000008007c14                HAL_RCC_GetPCLK1Freq
 .text.HAL_RCC_GetPCLK2Freq
                0x0000000008007c40       0x2c build/debug/stm32f3xx_hal_rcc.o
                0x0000000008007c40                HAL_RCC_GetPCLK2Freq
 .text.HAL_RCCEx_PeriphCLKConfig
                0x0000000008007c6c      0x260 build/debug/stm32f3xx_hal_rcc_ex.o
                0x0000000008007c6c                HAL_RCCEx_PeriphCLKConfig
 .text.SPI_WaitFlagStateUntilTimeout
                0x0000000008007ecc       0xd4 build/debug/stm32f3xx_hal_spi.o
 .text.SPI_WaitFifoStateUntilTimeout
                0x0000000008007fa0       0xf4 build/debug/stm32f3xx_hal_spi.o
 .text.SPI_EndRxTxTransaction
                0x0000000008008094       0x62 build/debug/stm32f3xx_hal_spi.o
 .text.SPI_EndRxTransaction
                0x00000000080080f6       0x82 build/debug/stm32f3xx_hal_spi.o
 .text.HAL_SPI_Init
                0x0000000008008178       0xe8 build/debug/stm32f3xx_hal_spi.o
                0x0000000008008178                HAL_SPI_Init
 .text.HAL_SPI_Transmit
                0x0000000008008260      0x1fe build/debug/stm32f3xx_hal_spi.o
                0x0000000008008260                HAL_SPI_Transmit
 .text.HAL_SPI_TransmitReceive
                0x000000000800845e      0x2ec build/debug/stm32f3xx_hal_spi.o
                0x000000000800845e                HAL_SPI_TransmitReceive
 .text.HAL_SPI_Receive
                0x000000000800874a      0x1a8 build/debug/stm32f3xx_hal_spi.o
                0x000000000800874a                HAL_SPI_Receive
 .text.HAL_SPI_GetState
                0x00000000080088f2        0x6 build/debug/stm32f3xx_hal_spi.o
                0x00000000080088f2                HAL_SPI_GetState
 .text.TIM_TI1_ConfigInputStage
                0x00000000080088f8       0x26 build/debug/stm32f3xx_hal_tim.o
 .text.TIM_TI2_ConfigInputStage
                0x000000000800891e       0x28 build/debug/stm32f3xx_hal_tim.o
 .text.TIM_ITRx_SetConfig
                0x0000000008008946       0x10 build/debug/stm32f3xx_hal_tim.o
 *fill*         0x0000000008008956        0x2 
 .text.TIM_Base_SetConfig
                0x0000000008008958       0xc8 build/debug/stm32f3xx_hal_tim.o
                0x0000000008008958                TIM_Base_SetConfig
 .text.HAL_TIM_Base_Init
                0x0000000008008a20       0x60 build/debug/stm32f3xx_hal_tim.o
                0x0000000008008a20                HAL_TIM_Base_Init
 .text.TIM_ETR_SetConfig
                0x0000000008008a80       0x1a build/debug/stm32f3xx_hal_tim.o
                0x0000000008008a80                TIM_ETR_SetConfig
 *fill*         0x0000000008008a9a        0x2 
 .text.HAL_TIM_ConfigClockSource
                0x0000000008008a9c      0x100 build/debug/stm32f3xx_hal_tim.o
                0x0000000008008a9c                HAL_TIM_ConfigClockSource
 .text.HAL_TIMEx_MasterConfigSynchronization
                0x0000000008008b9c       0x90 build/debug/stm32f3xx_hal_tim_ex.o
                0x0000000008008b9c                HAL_TIMEx_MasterConfigSynchronization
 .text.UART_EndTxTransfer
                0x0000000008008c2c       0x18 build/debug/stm32f3xx_hal_uart.o
 .text.UART_EndRxTransfer
                0x0000000008008c44       0x52 build/debug/stm32f3xx_hal_uart.o
 *fill*         0x0000000008008c96        0x2 
 .text.HAL_UART_Transmit_DMA
                0x0000000008008c98       0x98 build/debug/stm32f3xx_hal_uart.o
                0x0000000008008c98                HAL_UART_Transmit_DMA
 .text.HAL_UART_TxCpltCallback
                0x0000000008008d30        0x2 build/debug/stm32f3xx_hal_uart.o
                0x0000000008008d30                HAL_UART_TxCpltCallback
 .text.UART_DMATransmitCplt
                0x0000000008008d32       0x44 build/debug/stm32f3xx_hal_uart.o
 .text.HAL_UART_TxHalfCpltCallback
                0x0000000008008d76        0x2 build/debug/stm32f3xx_hal_uart.o
                0x0000000008008d76                HAL_UART_TxHalfCpltCallback
 .text.UART_DMATxHalfCplt
                0x0000000008008d78        0xa build/debug/stm32f3xx_hal_uart.o
 .text.HAL_UART_ErrorCallback
                0x0000000008008d82        0x2 build/debug/stm32f3xx_hal_uart.o
                0x0000000008008d82                HAL_UART_ErrorCallback
 .text.UART_DMAError
                0x0000000008008d84       0x56 build/debug/stm32f3xx_hal_uart.o
 *fill*         0x0000000008008dda        0x2 
 .text.UART_SetConfig
                0x0000000008008ddc      0x250 build/debug/stm32f3xx_hal_uart.o
                0x0000000008008ddc                UART_SetConfig
 .text.UART_AdvFeatureConfig
                0x000000000800902c       0xca build/debug/stm32f3xx_hal_uart.o
                0x000000000800902c                UART_AdvFeatureConfig
 .text.UART_WaitOnFlagUntilTimeout
                0x00000000080090f6       0xa2 build/debug/stm32f3xx_hal_uart.o
                0x00000000080090f6                UART_WaitOnFlagUntilTimeout
 .text.HAL_UART_Transmit
                0x0000000008009198       0xc8 build/debug/stm32f3xx_hal_uart.o
                0x0000000008009198                HAL_UART_Transmit
 .text.UART_CheckIdleState
                0x0000000008009260       0xc6 build/debug/stm32f3xx_hal_uart.o
                0x0000000008009260                UART_CheckIdleState
 .text.HAL_UART_Init
                0x0000000008009326       0x62 build/debug/stm32f3xx_hal_uart.o
                0x0000000008009326                HAL_UART_Init
 .text.NMI_Handler
                0x0000000008009388        0x2 build/debug/stm32f3xx_it.o
                0x0000000008009388                NMI_Handler
 .text.HardFault_Handler
                0x000000000800938a        0x2 build/debug/stm32f3xx_it.o
                0x000000000800938a                HardFault_Handler
 .text.MemManage_Handler
                0x000000000800938c        0x2 build/debug/stm32f3xx_it.o
                0x000000000800938c                MemManage_Handler
 .text.BusFault_Handler
                0x000000000800938e        0x2 build/debug/stm32f3xx_it.o
                0x000000000800938e                BusFault_Handler
 .text.UsageFault_Handler
                0x0000000008009390        0x2 build/debug/stm32f3xx_it.o
                0x0000000008009390                UsageFault_Handler
 .text.SVC_Handler
                0x0000000008009392        0x2 build/debug/stm32f3xx_it.o
                0x0000000008009392                SVC_Handler
 .text.DebugMon_Handler
                0x0000000008009394        0x2 build/debug/stm32f3xx_it.o
                0x0000000008009394                DebugMon_Handler
 .text.PendSV_Handler
                0x0000000008009396        0x2 build/debug/stm32f3xx_it.o
                0x0000000008009396                PendSV_Handler
 .text.SysTick_Handler
                0x0000000008009398        0x8 build/debug/stm32f3xx_it.o
                0x0000000008009398                SysTick_Handler
 .text._getpid  0x00000000080093a0        0x4 build/debug/syscalls.o
                0x00000000080093a0                _getpid
 .text._kill    0x00000000080093a4       0x10 build/debug/syscalls.o
                0x00000000080093a4                _kill
 .text._exit    0x00000000080093b4        0xc build/debug/syscalls.o
                0x00000000080093b4                _exit
 .text._read    0x00000000080093c0       0x20 build/debug/syscalls.o
                0x00000000080093c0                _read
 .text._write   0x00000000080093e0       0x1c build/debug/syscalls.o
                0x00000000080093e0                _write
 .text._close   0x00000000080093fc        0x6 build/debug/syscalls.o
                0x00000000080093fc                _close
 .text._fstat   0x0000000008009402        0xa build/debug/syscalls.o
                0x0000000008009402                _fstat
 .text._isatty  0x000000000800940c        0x4 build/debug/syscalls.o
                0x000000000800940c                _isatty
 .text._lseek   0x0000000008009410        0x4 build/debug/syscalls.o
                0x0000000008009410                _lseek
 .text._sbrk    0x0000000008009414       0x48 build/debug/sysmem.o
                0x0000000008009414                _sbrk
 .text.SystemInit
                0x000000000800945c       0x14 build/debug/system_stm32f3xx.o
                0x000000000800945c                SystemInit
 .text.MX_TIM2_Init
                0x0000000008009470       0x70 build/debug/tim.o
                0x0000000008009470                MX_TIM2_Init
 .text.HAL_TIM_Base_MspInit
                0x00000000080094e0       0x26 build/debug/tim.o
                0x00000000080094e0                HAL_TIM_Base_MspInit
 *fill*         0x0000000008009506        0x2 
 .text.MX_USART1_UART_Init
                0x0000000008009508       0x38 build/debug/usart.o
                0x0000000008009508                MX_USART1_UART_Init
 .text.HAL_UART_MspInit
                0x0000000008009540       0x68 build/debug/usart.o
                0x0000000008009540                HAL_UART_MspInit
 .text.Reset_Handler
                0x00000000080095a8       0x50 build/debug/startup_stm32f303xc.o
                0x00000000080095a8                Reset_Handler
 .text.Default_Handler
                0x00000000080095f8        0x2 build/debug/startup_stm32f303xc.o
                0x00000000080095f8                RTC_Alarm_IRQHandler
                0x00000000080095f8                TIM8_TRG_COM_IRQHandler
                0x00000000080095f8                TIM8_CC_IRQHandler
                0x00000000080095f8                TIM1_CC_IRQHandler
                0x00000000080095f8                USB_HP_IRQHandler
                0x00000000080095f8                PVD_IRQHandler
                0x00000000080095f8                TAMP_STAMP_IRQHandler
                0x00000000080095f8                EXTI3_IRQHandler
                0x00000000080095f8                USB_HP_CAN_TX_IRQHandler
                0x00000000080095f8                EXTI0_IRQHandler
                0x00000000080095f8                I2C2_EV_IRQHandler
                0x00000000080095f8                FPU_IRQHandler
                0x00000000080095f8                TIM1_UP_TIM16_IRQHandler
                0x00000000080095f8                ADC1_2_IRQHandler
                0x00000000080095f8                SPI1_IRQHandler
                0x00000000080095f8                CAN_SCE_IRQHandler
                0x00000000080095f8                TIM6_DAC_IRQHandler
                0x00000000080095f8                TIM8_UP_IRQHandler
                0x00000000080095f8                DMA2_Channel2_IRQHandler
                0x00000000080095f8                DMA1_Channel4_IRQHandler
                0x00000000080095f8                USART3_IRQHandler
                0x00000000080095f8                DMA1_Channel7_IRQHandler
                0x00000000080095f8                UART5_IRQHandler
                0x00000000080095f8                ADC3_IRQHandler
                0x00000000080095f8                TIM4_IRQHandler
                0x00000000080095f8                CAN_RX1_IRQHandler
                0x00000000080095f8                DMA2_Channel1_IRQHandler
                0x00000000080095f8                I2C1_EV_IRQHandler
                0x00000000080095f8                DMA1_Channel6_IRQHandler
                0x00000000080095f8                UART4_IRQHandler
                0x00000000080095f8                DMA2_Channel4_IRQHandler
                0x00000000080095f8                TIM3_IRQHandler
                0x00000000080095f8                RCC_IRQHandler
                0x00000000080095f8                DMA1_Channel1_IRQHandler
                0x00000000080095f8                Default_Handler
                0x00000000080095f8                USBWakeUp_RMP_IRQHandler
                0x00000000080095f8                EXTI15_10_IRQHandler
                0x00000000080095f8                TIM7_IRQHandler
                0x00000000080095f8                EXTI9_5_IRQHandler
                0x00000000080095f8                RTC_WKUP_IRQHandler
                0x00000000080095f8                SPI2_IRQHandler
                0x00000000080095f8                USB_LP_CAN_RX0_IRQHandler
                0x00000000080095f8                DMA2_Channel5_IRQHandler
                0x00000000080095f8                DMA1_Channel5_IRQHandler
                0x00000000080095f8                USB_LP_IRQHandler
                0x00000000080095f8                EXTI4_IRQHandler
                0x00000000080095f8                TIM1_TRG_COM_TIM17_IRQHandler
                0x00000000080095f8                DMA1_Channel3_IRQHandler
                0x00000000080095f8                ADC4_IRQHandler
                0x00000000080095f8                WWDG_IRQHandler
                0x00000000080095f8                TIM2_IRQHandler
                0x00000000080095f8                COMP7_IRQHandler
                0x00000000080095f8                COMP1_2_3_IRQHandler
                0x00000000080095f8                EXTI1_IRQHandler
                0x00000000080095f8                USART2_IRQHandler
                0x00000000080095f8                COMP4_5_6_IRQHandler
                0x00000000080095f8                I2C2_ER_IRQHandler
                0x00000000080095f8                DMA1_Channel2_IRQHandler
                0x00000000080095f8                TIM8_BRK_IRQHandler
                0x00000000080095f8                FLASH_IRQHandler
                0x00000000080095f8                USART1_IRQHandler
                0x00000000080095f8                SPI3_IRQHandler
                0x00000000080095f8                I2C1_ER_IRQHandler
                0x00000000080095f8                USBWakeUp_IRQHandler
                0x00000000080095f8                DMA2_Channel3_IRQHandler
                0x00000000080095f8                EXTI2_TSC_IRQHandler
                0x00000000080095f8                TIM1_BRK_TIM15_IRQHandler
 *(.glue_7)
 .glue_7        0x00000000080095fa        0x0 linker stubs
 *(.glue_7t)
 .glue_7t       0x00000000080095fa        0x0 linker stubs
 *(.eh_frame)
 *fill*         0x00000000080095fa        0x2 
 .eh_frame      0x00000000080095fc        0x0 /usr/lib/gcc/arm-none-eabi/10.3.1/thumb/v7e-m+fp/hard/crtbegin.o
 *(.init)
 .init          0x00000000080095fc        0x4 /usr/lib/gcc/arm-none-eabi/10.3.1/thumb/v7e-m+fp/hard/crti.o
                0x00000000080095fc                _init
 .init          0x0000000008009600        0x8 /usr/lib/gcc/arm-none-eabi/10.3.1/thumb/v7e-m+fp/hard/crtn.o
 *(.fini)
 .fini          0x0000000008009608        0x4 /usr/lib/gcc/arm-none-eabi/10.3.1/thumb/v7e-m+fp/hard/crti.o
                0x0000000008009608                _fini
 .fini          0x000000000800960c        0x8 /usr/lib/gcc/arm-none-eabi/10.3.1/thumb/v7e-m+fp/hard/crtn.o
                0x0000000008009614                . = ALIGN (0x4)
                0x0000000008009614                _etext = .

.vfp11_veneer   0x0000000008009614        0x0
 .vfp11_veneer  0x0000000008009614        0x0 linker stubs

.v4_bx          0x0000000008009614        0x0
 .v4_bx         0x0000000008009614        0x0 linker stubs

.iplt           0x0000000008009614        0x0
 .iplt          0x0000000008009614        0x0 /usr/lib/gcc/arm-none-eabi/10.3.1/thumb/v7e-m+fp/hard/crtbegin.o

.rodata         0x0000000008009618      0x6b8
                0x0000000008009618                . = ALIGN (0x4)
 *(.rodata)
 .rodata        0x0000000008009618        0x4 /usr/lib/gcc/arm-none-eabi/10.3.1/../../../arm-none-eabi/lib/thumb/v7e-m+fp/hard/libc_nano.a(lib_a-impure.o)
                0x0000000008009618                _global_impure_ptr
 *fill*         0x000000000800961c        0x4 
 .rodata        0x0000000008009620       0x50 /usr/lib/gcc/arm-none-eabi/10.3.1/../../../arm-none-eabi/lib/thumb/v7e-m+fp/hard/libc_nano.a(lib_a-strtod.o)
 .rodata        0x0000000008009670       0x60 /usr/lib/gcc/arm-none-eabi/10.3.1/../../../arm-none-eabi/lib/thumb/v7e-m+fp/hard/libc_nano.a(lib_a-findfp.o)
                0x0000000008009670                __sf_fake_stderr
                0x0000000008009690                __sf_fake_stdout
                0x00000000080096b0                __sf_fake_stdin
 .rodata        0x00000000080096d0      0x100 /usr/lib/gcc/arm-none-eabi/10.3.1/../../../arm-none-eabi/lib/thumb/v7e-m+fp/hard/libc_nano.a(lib_a-gdtoa-gethex.o)
                0x00000000080096d0                __hexdig
 .rodata        0x00000000080097d0        0xc /usr/lib/gcc/arm-none-eabi/10.3.1/../../../arm-none-eabi/lib/thumb/v7e-m+fp/hard/libc_nano.a(lib_a-lnumeric.o)
                0x00000000080097d0                _C_numeric_locale
 *fill*         0x00000000080097dc        0x4 
 .rodata        0x00000000080097e0      0x128 /usr/lib/gcc/arm-none-eabi/10.3.1/../../../arm-none-eabi/lib/thumb/v7e-m+fp/hard/libc_nano.a(lib_a-mprec.o)
                0x00000000080097f0                __mprec_tens
                0x00000000080098b8                __mprec_tinytens
                0x00000000080098e0                __mprec_bigtens
 .rodata        0x0000000008009908      0x101 /usr/lib/gcc/arm-none-eabi/10.3.1/../../../arm-none-eabi/lib/thumb/v7e-m+fp/hard/libc_nano.a(lib_a-ctype_.o)
                0x0000000008009908                _ctype_
 *(.rodata*)
 *fill*         0x0000000008009a09        0x3 
 .rodata.dwt_xfer3000.str1.4
                0x0000000008009a0c       0xda build/debug/deca_device.o
 *fill*         0x0000000008009ae6        0x2 
 .rodata.__func__.1
                0x0000000008009ae8        0xd build/debug/deca_device.o
 *fill*         0x0000000008009af5        0x3 
 .rodata.sts_length_factors
                0x0000000008009af8        0xe build/debug/deca_device.o
                0x0000000008009af8                sts_length_factors
 *fill*         0x0000000008009b06        0x2 
 .rodata.get_msg_from_anchors.str1.4
                0x0000000008009b08       0x43 build/debug/get_msg_from_anchors2.o
 *fill*         0x0000000008009b4b        0x1 
 .rodata.test_run_info.str1.4
                0x0000000008009b4c        0x3 build/debug/main.o
 *fill*         0x0000000008009b4f        0x1 
 .rodata.concatenateDistancesAndRssiToString.str1.4
                0x0000000008009b50        0xf build/debug/myFunctions.o
 *fill*         0x0000000008009b5f        0x1 
 .rodata.aPLLMULFactorTable
                0x0000000008009b60       0x10 build/debug/stm32f3xx_hal_rcc.o
 .rodata.aPredivFactorTable
                0x0000000008009b70       0x10 build/debug/stm32f3xx_hal_rcc.o
 .rodata.AHBPrescTable
                0x0000000008009b80       0x10 build/debug/system_stm32f3xx.o
                0x0000000008009b80                AHBPrescTable
 .rodata.APBPrescTable
                0x0000000008009b90        0x8 build/debug/system_stm32f3xx.o
                0x0000000008009b90                APBPrescTable
 .rodata.str1.4
                0x0000000008009b98       0x3f /usr/lib/gcc/arm-none-eabi/10.3.1/../../../arm-none-eabi/lib/thumb/v7e-m+fp/hard/libc_nano.a(lib_a-assert.o)
                                         0x43 (size before relaxing)
 *fill*         0x0000000008009bd7        0x1 
 .rodata.str1.4
                0x0000000008009bd8       0x13 /usr/lib/gcc/arm-none-eabi/10.3.1/../../../arm-none-eabi/lib/thumb/v7e-m+fp/hard/libc_nano.a(lib_a-nano-vfprintf.o)
 *fill*         0x0000000008009beb        0x1 
 .rodata.str1.4
                0x0000000008009bec       0x25 /usr/lib/gcc/arm-none-eabi/10.3.1/../../../arm-none-eabi/lib/thumb/v7e-m+fp/hard/libc_nano.a(lib_a-nano-vfprintf_i.o)
 *fill*         0x0000000008009c11        0x3 
 .rodata.str1.4
                0x0000000008009c14        0xf /usr/lib/gcc/arm-none-eabi/10.3.1/../../../arm-none-eabi/lib/thumb/v7e-m+fp/hard/libc_nano.a(lib_a-strtod.o)
                                         0x11 (size before relaxing)
 *fill*         0x0000000008009c23        0x1 
 .rodata.str1.4
                0x0000000008009c24       0x4e /usr/lib/gcc/arm-none-eabi/10.3.1/../../../arm-none-eabi/lib/thumb/v7e-m+fp/hard/libc_nano.a(lib_a-gdtoa-gethex.o)
 *fill*         0x0000000008009c72        0x2 
 .rodata.str1.4
                0x0000000008009c74        0x2 /usr/lib/gcc/arm-none-eabi/10.3.1/../../../arm-none-eabi/lib/thumb/v7e-m+fp/hard/libc_nano.a(lib_a-lnumeric.o)
                                          0x5 (size before relaxing)
 *fill*         0x0000000008009c76        0x2 
 .rodata.str1.4
                0x0000000008009c78        0xa /usr/lib/gcc/arm-none-eabi/10.3.1/../../../arm-none-eabi/lib/thumb/v7e-m+fp/hard/libc_nano.a(lib_a-locale.o)
                                         0x12 (size before relaxing)
 *fill*         0x0000000008009c82        0x2 
 .rodata.str1.4
                0x0000000008009c84       0x4b /usr/lib/gcc/arm-none-eabi/10.3.1/../../../arm-none-eabi/lib/thumb/v7e-m+fp/hard/libc_nano.a(lib_a-mprec.o)
                                         0x5d (size before relaxing)
 .rodata.str1.4
                0x0000000008009ccf       0x13 /usr/lib/gcc/arm-none-eabi/10.3.1/../../../arm-none-eabi/lib/thumb/v7e-m+fp/hard/libc_nano.a(lib_a-nano-svfprintf.o)
                0x0000000008009ce4                . = ALIGN (0x4)
 *fill*         0x0000000008009ccf        0x1 

.ARM.extab      0x0000000008009cd0        0x0
                0x0000000008009cd0                . = ALIGN (0x4)
 *(.ARM.extab* .gnu.linkonce.armextab.*)
                0x0000000008009cd0                . = ALIGN (0x4)

.ARM            0x0000000008009cd0        0x0
                0x0000000008009cd0                . = ALIGN (0x4)
                0x0000000008009cd0                __exidx_start = .
 *(.ARM.exidx*)
                0x0000000008009cd0                __exidx_end = .
                0x0000000008009cd0                . = ALIGN (0x4)

.preinit_array  0x0000000008009cd0        0x0
                0x0000000008009cd0                . = ALIGN (0x4)
                0x0000000008009cd0                PROVIDE (__preinit_array_start = .)
 *(.preinit_array*)
                0x0000000008009cd0                PROVIDE (__preinit_array_end = .)
                0x0000000008009cd0                . = ALIGN (0x4)

.init_array     0x0000000008009cd0        0x4
                0x0000000008009cd0                . = ALIGN (0x4)
                0x0000000008009cd0                PROVIDE (__init_array_start = .)
 *(SORT_BY_NAME(.init_array.*))
 *(.init_array*)
 .init_array    0x0000000008009cd0        0x4 /usr/lib/gcc/arm-none-eabi/10.3.1/thumb/v7e-m+fp/hard/crtbegin.o
                0x0000000008009cd4                PROVIDE (__init_array_end = .)
                0x0000000008009cd4                . = ALIGN (0x4)

.fini_array     0x0000000008009cd4        0x4
                0x0000000008009cd4                . = ALIGN (0x4)
                0x0000000008009cd4                PROVIDE (__fini_array_start = .)
 *(SORT_BY_NAME(.fini_array.*))
 *(.fini_array*)
 .fini_array    0x0000000008009cd4        0x4 /usr/lib/gcc/arm-none-eabi/10.3.1/thumb/v7e-m+fp/hard/crtbegin.o
                0x0000000008009cd8                PROVIDE (__fini_array_end = .)
                0x0000000008009cd8                . = ALIGN (0x4)
                0x0000000008009cd8                _sidata = LOADADDR (.data)

.rel.dyn        0x0000000008009cd8        0x0
 .rel.iplt      0x0000000008009cd8        0x0 /usr/lib/gcc/arm-none-eabi/10.3.1/thumb/v7e-m+fp/hard/crtbegin.o

.data           0x0000000020000000      0x228 load address 0x0000000008009cd8
                0x0000000020000000                . = ALIGN (0x4)
                0x0000000020000000                _sdata = .
 *(.data)
 .data          0x0000000020000000       0x64 /usr/lib/gcc/arm-none-eabi/10.3.1/../../../arm-none-eabi/lib/thumb/v7e-m+fp/hard/libc_nano.a(lib_a-impure.o)
                0x0000000020000000                _impure_ptr
 .data          0x0000000020000064        0x2 /usr/lib/gcc/arm-none-eabi/10.3.1/../../../arm-none-eabi/lib/thumb/v7e-m+fp/hard/libc_nano.a(lib_a-lnumeric.o)
 *fill*         0x0000000020000066        0x2 
 .data          0x0000000020000068      0x16c /usr/lib/gcc/arm-none-eabi/10.3.1/../../../arm-none-eabi/lib/thumb/v7e-m+fp/hard/libc_nano.a(lib_a-locale.o)
                0x0000000020000068                __global_locale
 *(.data*)
 .data.config_options
                0x00000000200001d4       0x10 build/debug/config_options.o
                0x00000000200001d4                config_options
 .data.txconfig_options
                0x00000000200001e4        0xc build/debug/config_options.o
                0x00000000200001e4                txconfig_options
 .data.txconfig_options_ch9
                0x00000000200001f0        0xc build/debug/config_options.o
                0x00000000200001f0                txconfig_options_ch9
 .data.pdw3000local
                0x00000000200001fc        0x4 build/debug/deca_device.o
 .data.tx_dist_to_PC
                0x0000000020000200       0x1e build/debug/get_msg_from_anchors2.o
 .data.uwTickFreq
                0x000000002000021e        0x1 build/debug/stm32f3xx_hal.o
                0x000000002000021e                uwTickFreq
 *fill*         0x000000002000021f        0x1 
 .data.uwTickPrio
                0x0000000020000220        0x4 build/debug/stm32f3xx_hal.o
                0x0000000020000220                uwTickPrio
 .data.SystemCoreClock
                0x0000000020000224        0x4 build/debug/system_stm32f3xx.o
                0x0000000020000224                SystemCoreClock
 *(.RamFunc)
 *(.RamFunc*)
                0x0000000020000228                . = ALIGN (0x4)
                0x0000000020000228                _edata = .
                0x0000000008009f00                _siccmram = LOADADDR (.ccmram)

.tm_clone_table
                0x0000000020000228        0x0 load address 0x0000000008009f00
 .tm_clone_table
                0x0000000020000228        0x0 /usr/lib/gcc/arm-none-eabi/10.3.1/thumb/v7e-m+fp/hard/crtbegin.o
 .tm_clone_table
                0x0000000020000228        0x0 /usr/lib/gcc/arm-none-eabi/10.3.1/thumb/v7e-m+fp/hard/crtend.o

.igot.plt       0x0000000020000228        0x0 load address 0x0000000008009f00
 .igot.plt      0x0000000020000228        0x0 /usr/lib/gcc/arm-none-eabi/10.3.1/thumb/v7e-m+fp/hard/crtbegin.o

.ccmram         0x0000000010000000        0x0 load address 0x0000000008009f00
                0x0000000010000000                . = ALIGN (0x4)
                0x0000000010000000                _sccmram = .
 *(.ccmram)
 *(.ccmram*)
                0x0000000010000000                . = ALIGN (0x4)
                0x0000000010000000                _eccmram = .
                0x0000000010000000                . = ALIGN (0x4)

.bss            0x0000000020000228      0x49c
                0x0000000020000228                _sbss = .
                0x0000000020000228                __bss_start__ = _sbss
 *(.bss)
 .bss           0x0000000020000228       0x1c /usr/lib/gcc/arm-none-eabi/10.3.1/thumb/v7e-m+fp/hard/crtbegin.o
 .bss           0x0000000020000244        0x8 /usr/lib/gcc/arm-none-eabi/10.3.1/../../../arm-none-eabi/lib/thumb/v7e-m+fp/hard/libc_nano.a(lib_a-nano-mallocr.o)
                0x0000000020000244                __malloc_free_list
                0x0000000020000248                __malloc_sbrk_start
 .bss           0x000000002000024c        0x4 /usr/lib/gcc/arm-none-eabi/10.3.1/../../../arm-none-eabi/lib/thumb/v7e-m+fp/hard/libc_nano.a(lib_a-reent.o)
                0x000000002000024c                errno
 *(.bss*)
 .bss.DW3000local
                0x0000000020000250       0x40 build/debug/deca_device.o
 .bss.crcTable  0x0000000020000290      0x100 build/debug/deca_device.o
 .bss.example_pointer
                0x0000000020000390        0x4 build/debug/example_info.o
                0x0000000020000390                example_pointer
 .bss.allDistancesToPC_E
                0x0000000020000394       0x40 build/debug/get_msg_from_anchors2.o
                0x0000000020000394                allDistancesToPC_E
 .bss.allDistancesToPC_F
                0x00000000200003d4       0x40 build/debug/get_msg_from_anchors2.o
                0x00000000200003d4                allDistancesToPC_F
 .bss.allDistancesToPC_G
                0x0000000020000414       0x40 build/debug/get_msg_from_anchors2.o
                0x0000000020000414                allDistancesToPC_G
 .bss.anchor    0x0000000020000454        0x1 build/debug/get_msg_from_anchors2.o
                0x0000000020000454                anchor
 *fill*         0x0000000020000455        0x3 
 .bss.distance  0x0000000020000458        0x6 build/debug/get_msg_from_anchors2.o
                0x0000000020000458                distance
 *fill*         0x000000002000045e        0x2 
 .bss.distances_E
                0x0000000020000460       0x10 build/debug/get_msg_from_anchors2.o
                0x0000000020000460                distances_E
 .bss.distances_F
                0x0000000020000470       0x10 build/debug/get_msg_from_anchors2.o
                0x0000000020000470                distances_F
 .bss.distances_G
                0x0000000020000480       0x10 build/debug/get_msg_from_anchors2.o
                0x0000000020000480                distances_G
 .bss.eptr      0x0000000020000490        0x4 build/debug/get_msg_from_anchors2.o
                0x0000000020000490                eptr
 .bss.errors    0x0000000020000494       0x5c build/debug/get_msg_from_anchors2.o
 .bss.indexTag  0x00000000200004f0        0x1 build/debug/get_msg_from_anchors2.o
                0x00000000200004f0                indexTag
 *fill*         0x00000000200004f1        0x3 
 .bss.lookUpTable_E
                0x00000000200004f4        0x4 build/debug/get_msg_from_anchors2.o
                0x00000000200004f4                lookUpTable_E
 .bss.lookUpTable_F
                0x00000000200004f8        0x4 build/debug/get_msg_from_anchors2.o
                0x00000000200004f8                lookUpTable_F
 .bss.lookUpTable_G
                0x00000000200004fc        0x4 build/debug/get_msg_from_anchors2.o
                0x00000000200004fc                lookUpTable_G
 .bss.msg_to_PC
                0x0000000020000500       0x14 build/debug/get_msg_from_anchors2.o
                0x0000000020000500                msg_to_PC
 .bss.rssi      0x0000000020000514        0x8 build/debug/get_msg_from_anchors2.o
                0x0000000020000514                rssi
 .bss.rssi_E    0x000000002000051c       0x10 build/debug/get_msg_from_anchors2.o
                0x000000002000051c                rssi_E
 .bss.rssi_F    0x000000002000052c       0x10 build/debug/get_msg_from_anchors2.o
                0x000000002000052c                rssi_F
 .bss.rssi_G    0x000000002000053c       0x10 build/debug/get_msg_from_anchors2.o
                0x000000002000053c                rssi_G
 .bss.rx_buffer
                0x000000002000054c       0x1e build/debug/get_msg_from_anchors2.o
 *fill*         0x000000002000056a        0x2 
 .bss.status_reg
                0x000000002000056c        0x4 build/debug/get_msg_from_anchors2.o
 .bss.tag       0x0000000020000570        0x1 build/debug/get_msg_from_anchors2.o
                0x0000000020000570                tag
 *fill*         0x0000000020000571        0x3 
 .bss.time      0x0000000020000574       0x10 build/debug/get_msg_from_anchors2.o
                0x0000000020000574                time
 .bss.hspi1     0x0000000020000584       0x64 build/debug/spi.o
                0x0000000020000584                hspi1
 .bss.uwTick    0x00000000200005e8        0x4 build/debug/stm32f3xx_hal.o
                0x00000000200005e8                uwTick
 .bss.__sbrk_heap_end
                0x00000000200005ec        0x4 build/debug/sysmem.o
 .bss.htim2     0x00000000200005f0       0x4c build/debug/tim.o
                0x00000000200005f0                htim2
 .bss.huart1    0x000000002000063c       0x88 build/debug/usart.o
                0x000000002000063c                huart1
 *(COMMON)
                0x00000000200006c4                . = ALIGN (0x4)
                0x00000000200006c4                _ebss = .
                0x00000000200006c4                __bss_end__ = _ebss

._user_heap_stack
                0x00000000200006c4      0x604
                0x00000000200006c8                . = ALIGN (0x8)
 *fill*         0x00000000200006c4        0x4 
                [!provide]                        PROVIDE (end = .)
                0x00000000200006c8                PROVIDE (_end = .)
                0x00000000200008c8                . = (. + _Min_Heap_Size)
 *fill*         0x00000000200006c8      0x200 
                0x0000000020000cc8                . = (. + _Min_Stack_Size)
 *fill*         0x00000000200008c8      0x400 
                0x0000000020000cc8                . = ALIGN (0x8)

/DISCARD/
 libc.a(*)
 libm.a(*)
 libgcc.a(*)
OUTPUT(build/debug/DW_resp4.elf elf32-littlearm)
LOAD linker stubs
LOAD /usr/lib/gcc/arm-none-eabi/10.3.1/../../../arm-none-eabi/lib/thumb/v7e-m+fp/hard/libc.a
LOAD /usr/lib/gcc/arm-none-eabi/10.3.1/../../../arm-none-eabi/lib/thumb/v7e-m+fp/hard/libm.a
LOAD /usr/lib/gcc/arm-none-eabi/10.3.1/thumb/v7e-m+fp/hard/libgcc.a

.ARM.attributes
                0x0000000000000000       0x30
 .ARM.attributes
                0x0000000000000000       0x1e /usr/lib/gcc/arm-none-eabi/10.3.1/thumb/v7e-m+fp/hard/crti.o
 .ARM.attributes
                0x000000000000001e       0x34 /usr/lib/gcc/arm-none-eabi/10.3.1/thumb/v7e-m+fp/hard/crtbegin.o
 .ARM.attributes
                0x0000000000000052       0x39 build/debug/config_options.o
 .ARM.attributes
                0x000000000000008b       0x34 build/debug/deca_device.o
 .ARM.attributes
                0x00000000000000bf       0x34 build/debug/deca_mutex.o
 .ARM.attributes
                0x00000000000000f3       0x34 build/debug/deca_sleep.o
 .ARM.attributes
                0x0000000000000127       0x34 build/debug/deca_spi.o
 .ARM.attributes
                0x000000000000015b       0x34 build/debug/example_info.o
 .ARM.attributes
                0x000000000000018f       0x34 build/debug/get_msg_from_anchors2.o
 .ARM.attributes
                0x00000000000001c3       0x34 build/debug/gpio.o
 .ARM.attributes
                0x00000000000001f7       0x34 build/debug/main.o
 .ARM.attributes
                0x000000000000022b       0x34 build/debug/myFunctions.o
 .ARM.attributes
                0x000000000000025f       0x34 build/debug/port.o
 .ARM.attributes
                0x0000000000000293       0x34 build/debug/spi.o
 .ARM.attributes
                0x00000000000002c7       0x34 build/debug/stm32f3xx_hal.o
 .ARM.attributes
                0x00000000000002fb       0x34 build/debug/stm32f3xx_hal_cortex.o
 .ARM.attributes
                0x000000000000032f       0x34 build/debug/stm32f3xx_hal_dma.o
 .ARM.attributes
                0x0000000000000363       0x34 build/debug/stm32f3xx_hal_gpio.o
 .ARM.attributes
                0x0000000000000397       0x34 build/debug/stm32f3xx_hal_msp.o
 .ARM.attributes
                0x00000000000003cb       0x34 build/debug/stm32f3xx_hal_rcc.o
 .ARM.attributes
                0x00000000000003ff       0x34 build/debug/stm32f3xx_hal_rcc_ex.o
 .ARM.attributes
                0x0000000000000433       0x34 build/debug/stm32f3xx_hal_spi.o
 .ARM.attributes
                0x0000000000000467       0x34 build/debug/stm32f3xx_hal_tim.o
 .ARM.attributes
                0x000000000000049b       0x34 build/debug/stm32f3xx_hal_tim_ex.o
 .ARM.attributes
                0x00000000000004cf       0x34 build/debug/stm32f3xx_hal_uart.o
 .ARM.attributes
                0x0000000000000503       0x34 build/debug/stm32f3xx_it.o
 .ARM.attributes
                0x0000000000000537       0x34 build/debug/syscalls.o
 .ARM.attributes
                0x000000000000056b       0x34 build/debug/sysmem.o
 .ARM.attributes
                0x000000000000059f       0x34 build/debug/system_stm32f3xx.o
 .ARM.attributes
                0x00000000000005d3       0x34 build/debug/tim.o
 .ARM.attributes
                0x0000000000000607       0x34 build/debug/usart.o
 .ARM.attributes
                0x000000000000063b       0x21 build/debug/startup_stm32f303xc.o
 .ARM.attributes
                0x000000000000065c       0x34 /usr/lib/gcc/arm-none-eabi/10.3.1/../../../arm-none-eabi/lib/thumb/v7e-m+fp/hard/libc_nano.a(lib_a-assert.o)
 .ARM.attributes
                0x0000000000000690       0x34 /usr/lib/gcc/arm-none-eabi/10.3.1/../../../arm-none-eabi/lib/thumb/v7e-m+fp/hard/libc_nano.a(lib_a-errno.o)
 .ARM.attributes
                0x00000000000006c4       0x34 /usr/lib/gcc/arm-none-eabi/10.3.1/../../../arm-none-eabi/lib/thumb/v7e-m+fp/hard/libc_nano.a(lib_a-fprintf.o)
 .ARM.attributes
                0x00000000000006f8       0x32 /usr/lib/gcc/arm-none-eabi/10.3.1/../../../arm-none-eabi/lib/thumb/v7e-m+fp/hard/libc_nano.a(lib_a-impure.o)
 .ARM.attributes
                0x000000000000072a       0x34 /usr/lib/gcc/arm-none-eabi/10.3.1/../../../arm-none-eabi/lib/thumb/v7e-m+fp/hard/libc_nano.a(lib_a-init.o)
 .ARM.attributes
                0x000000000000075e       0x34 /usr/lib/gcc/arm-none-eabi/10.3.1/../../../arm-none-eabi/lib/thumb/v7e-m+fp/hard/libc_nano.a(lib_a-memcmp.o)
 .ARM.attributes
                0x0000000000000792       0x34 /usr/lib/gcc/arm-none-eabi/10.3.1/../../../arm-none-eabi/lib/thumb/v7e-m+fp/hard/libc_nano.a(lib_a-memset.o)
 .ARM.attributes
                0x00000000000007c6       0x34 /usr/lib/gcc/arm-none-eabi/10.3.1/../../../arm-none-eabi/lib/thumb/v7e-m+fp/hard/libc_nano.a(lib_a-nano-vfprintf.o)
 .ARM.attributes
                0x00000000000007fa       0x34 /usr/lib/gcc/arm-none-eabi/10.3.1/../../../arm-none-eabi/lib/thumb/v7e-m+fp/hard/libc_nano.a(lib_a-nano-vfprintf_i.o)
 .ARM.attributes
                0x000000000000082e       0x34 /usr/lib/gcc/arm-none-eabi/10.3.1/../../../arm-none-eabi/lib/thumb/v7e-m+fp/hard/libc_nano.a(lib_a-sprintf.o)
 .ARM.attributes
                0x0000000000000862       0x34 /usr/lib/gcc/arm-none-eabi/10.3.1/../../../arm-none-eabi/lib/thumb/v7e-m+fp/hard/libc_nano.a(lib_a-strcat.o)
 .ARM.attributes
                0x0000000000000896       0x34 /usr/lib/gcc/arm-none-eabi/10.3.1/../../../arm-none-eabi/lib/thumb/v7e-m+fp/hard/libc_nano.a(lib_a-strcpy.o)
 .ARM.attributes
                0x00000000000008ca       0x1c /usr/lib/gcc/arm-none-eabi/10.3.1/../../../arm-none-eabi/lib/thumb/v7e-m+fp/hard/libc_nano.a(lib_a-strlen.o)
 .ARM.attributes
                0x00000000000008e6       0x34 /usr/lib/gcc/arm-none-eabi/10.3.1/../../../arm-none-eabi/lib/thumb/v7e-m+fp/hard/libc_nano.a(lib_a-strtod.o)
 .ARM.attributes
                0x000000000000091a       0x34 /usr/lib/gcc/arm-none-eabi/10.3.1/../../../arm-none-eabi/lib/thumb/v7e-m+fp/hard/libc_nano.a(lib_a-wbuf.o)
 .ARM.attributes
                0x000000000000094e       0x34 /usr/lib/gcc/arm-none-eabi/10.3.1/../../../arm-none-eabi/lib/thumb/v7e-m+fp/hard/libc_nano.a(lib_a-wsetup.o)
 .ARM.attributes
                0x0000000000000982       0x34 /usr/lib/gcc/arm-none-eabi/10.3.1/../../../arm-none-eabi/lib/thumb/v7e-m+fp/hard/libc_nano.a(lib_a-abort.o)
 .ARM.attributes
                0x00000000000009b6       0x34 /usr/lib/gcc/arm-none-eabi/10.3.1/../../../arm-none-eabi/lib/thumb/v7e-m+fp/hard/libc_nano.a(lib_a-fflush.o)
 .ARM.attributes
                0x00000000000009ea       0x34 /usr/lib/gcc/arm-none-eabi/10.3.1/../../../arm-none-eabi/lib/thumb/v7e-m+fp/hard/libc_nano.a(lib_a-findfp.o)
 .ARM.attributes
                0x0000000000000a1e       0x34 /usr/lib/gcc/arm-none-eabi/10.3.1/../../../arm-none-eabi/lib/thumb/v7e-m+fp/hard/libc_nano.a(lib_a-fvwrite.o)
 .ARM.attributes
                0x0000000000000a52       0x34 /usr/lib/gcc/arm-none-eabi/10.3.1/../../../arm-none-eabi/lib/thumb/v7e-m+fp/hard/libc_nano.a(lib_a-fwalk.o)
 .ARM.attributes
                0x0000000000000a86       0x34 /usr/lib/gcc/arm-none-eabi/10.3.1/../../../arm-none-eabi/lib/thumb/v7e-m+fp/hard/libc_nano.a(lib_a-gdtoa-gethex.o)
 .ARM.attributes
                0x0000000000000aba       0x34 /usr/lib/gcc/arm-none-eabi/10.3.1/../../../arm-none-eabi/lib/thumb/v7e-m+fp/hard/libc_nano.a(lib_a-gdtoa-hexnan.o)
 .ARM.attributes
                0x0000000000000aee       0x34 /usr/lib/gcc/arm-none-eabi/10.3.1/../../../arm-none-eabi/lib/thumb/v7e-m+fp/hard/libc_nano.a(lib_a-lnumeric.o)
 .ARM.attributes
                0x0000000000000b22       0x34 /usr/lib/gcc/arm-none-eabi/10.3.1/../../../arm-none-eabi/lib/thumb/v7e-m+fp/hard/libc_nano.a(lib_a-locale.o)
 .ARM.attributes
                0x0000000000000b56       0x34 /usr/lib/gcc/arm-none-eabi/10.3.1/../../../arm-none-eabi/lib/thumb/v7e-m+fp/hard/libc_nano.a(lib_a-makebuf.o)
 .ARM.attributes
                0x0000000000000b8a       0x34 /usr/lib/gcc/arm-none-eabi/10.3.1/../../../arm-none-eabi/lib/thumb/v7e-m+fp/hard/libc_nano.a(lib_a-mbtowc_r.o)
 .ARM.attributes
                0x0000000000000bbe       0x1c /usr/lib/gcc/arm-none-eabi/10.3.1/../../../arm-none-eabi/lib/thumb/v7e-m+fp/hard/libc_nano.a(lib_a-memchr.o)
 .ARM.attributes
                0x0000000000000bda       0x1c /usr/lib/gcc/arm-none-eabi/10.3.1/../../../arm-none-eabi/lib/thumb/v7e-m+fp/hard/libc_nano.a(lib_a-memcpy.o)
 .ARM.attributes
                0x0000000000000bf6       0x34 /usr/lib/gcc/arm-none-eabi/10.3.1/../../../arm-none-eabi/lib/thumb/v7e-m+fp/hard/libc_nano.a(lib_a-memmove.o)
 .ARM.attributes
                0x0000000000000c2a       0x34 /usr/lib/gcc/arm-none-eabi/10.3.1/../../../arm-none-eabi/lib/thumb/v7e-m+fp/hard/libc_nano.a(lib_a-mprec.o)
 .ARM.attributes
                0x0000000000000c5e       0x34 /usr/lib/gcc/arm-none-eabi/10.3.1/../../../arm-none-eabi/lib/thumb/v7e-m+fp/hard/libc_nano.a(lib_a-nano-callocr.o)
 .ARM.attributes
                0x0000000000000c92       0x34 /usr/lib/gcc/arm-none-eabi/10.3.1/../../../arm-none-eabi/lib/thumb/v7e-m+fp/hard/libc_nano.a(lib_a-nano-freer.o)
 .ARM.attributes
                0x0000000000000cc6       0x34 /usr/lib/gcc/arm-none-eabi/10.3.1/../../../arm-none-eabi/lib/thumb/v7e-m+fp/hard/libc_nano.a(lib_a-nano-mallocr.o)
 .ARM.attributes
                0x0000000000000cfa       0x34 /usr/lib/gcc/arm-none-eabi/10.3.1/../../../arm-none-eabi/lib/thumb/v7e-m+fp/hard/libc_nano.a(lib_a-nano-reallocr.o)
 .ARM.attributes
                0x0000000000000d2e       0x34 /usr/lib/gcc/arm-none-eabi/10.3.1/../../../arm-none-eabi/lib/thumb/v7e-m+fp/hard/libc_nano.a(lib_a-nano-svfprintf.o)
 .ARM.attributes
                0x0000000000000d62       0x34 /usr/lib/gcc/arm-none-eabi/10.3.1/../../../arm-none-eabi/lib/thumb/v7e-m+fp/hard/libc_nano.a(lib_a-s_nan.o)
 .ARM.attributes
                0x0000000000000d96       0x34 /usr/lib/gcc/arm-none-eabi/10.3.1/../../../arm-none-eabi/lib/thumb/v7e-m+fp/hard/libc_nano.a(lib_a-sbrkr.o)
 .ARM.attributes
                0x0000000000000dca       0x34 /usr/lib/gcc/arm-none-eabi/10.3.1/../../../arm-none-eabi/lib/thumb/v7e-m+fp/hard/libc_nano.a(lib_a-sf_nan.o)
 .ARM.attributes
                0x0000000000000dfe       0x34 /usr/lib/gcc/arm-none-eabi/10.3.1/../../../arm-none-eabi/lib/thumb/v7e-m+fp/hard/libc_nano.a(lib_a-signal.o)
 .ARM.attributes
                0x0000000000000e32       0x34 /usr/lib/gcc/arm-none-eabi/10.3.1/../../../arm-none-eabi/lib/thumb/v7e-m+fp/hard/libc_nano.a(lib_a-signalr.o)
 .ARM.attributes
                0x0000000000000e66       0x34 /usr/lib/gcc/arm-none-eabi/10.3.1/../../../arm-none-eabi/lib/thumb/v7e-m+fp/hard/libc_nano.a(lib_a-stdio.o)
 .ARM.attributes
                0x0000000000000e9a       0x34 /usr/lib/gcc/arm-none-eabi/10.3.1/../../../arm-none-eabi/lib/thumb/v7e-m+fp/hard/libc_nano.a(lib_a-strncmp.o)
 .ARM.attributes
                0x0000000000000ece       0x34 /usr/lib/gcc/arm-none-eabi/10.3.1/../../../arm-none-eabi/lib/thumb/v7e-m+fp/hard/libc_nano.a(lib_a-wctomb_r.o)
 .ARM.attributes
                0x0000000000000f02       0x34 /usr/lib/gcc/arm-none-eabi/10.3.1/../../../arm-none-eabi/lib/thumb/v7e-m+fp/hard/libc_nano.a(lib_a-writer.o)
 .ARM.attributes
                0x0000000000000f36       0x34 /usr/lib/gcc/arm-none-eabi/10.3.1/../../../arm-none-eabi/lib/thumb/v7e-m+fp/hard/libc_nano.a(lib_a-closer.o)
 .ARM.attributes
                0x0000000000000f6a       0x32 /usr/lib/gcc/arm-none-eabi/10.3.1/../../../arm-none-eabi/lib/thumb/v7e-m+fp/hard/libc_nano.a(lib_a-ctype_.o)
 .ARM.attributes
                0x0000000000000f9c       0x34 /usr/lib/gcc/arm-none-eabi/10.3.1/../../../arm-none-eabi/lib/thumb/v7e-m+fp/hard/libc_nano.a(lib_a-fstatr.o)
 .ARM.attributes
                0x0000000000000fd0       0x34 /usr/lib/gcc/arm-none-eabi/10.3.1/../../../arm-none-eabi/lib/thumb/v7e-m+fp/hard/libc_nano.a(lib_a-isattyr.o)
 .ARM.attributes
                0x0000000000001004       0x34 /usr/lib/gcc/arm-none-eabi/10.3.1/../../../arm-none-eabi/lib/thumb/v7e-m+fp/hard/libc_nano.a(lib_a-lseekr.o)
 .ARM.attributes
                0x0000000000001038       0x34 /usr/lib/gcc/arm-none-eabi/10.3.1/../../../arm-none-eabi/lib/thumb/v7e-m+fp/hard/libc_nano.a(lib_a-malloc.o)
 .ARM.attributes
                0x000000000000106c       0x34 /usr/lib/gcc/arm-none-eabi/10.3.1/../../../arm-none-eabi/lib/thumb/v7e-m+fp/hard/libc_nano.a(lib_a-mlock.o)
 .ARM.attributes
                0x00000000000010a0       0x34 /usr/lib/gcc/arm-none-eabi/10.3.1/../../../arm-none-eabi/lib/thumb/v7e-m+fp/hard/libc_nano.a(lib_a-nano-msizer.o)
 .ARM.attributes
                0x00000000000010d4       0x34 /usr/lib/gcc/arm-none-eabi/10.3.1/../../../arm-none-eabi/lib/thumb/v7e-m+fp/hard/libc_nano.a(lib_a-readr.o)
 .ARM.attributes
                0x0000000000001108       0x34 /usr/lib/gcc/arm-none-eabi/10.3.1/../../../arm-none-eabi/lib/thumb/v7e-m+fp/hard/libc_nano.a(lib_a-reent.o)
 .ARM.attributes
                0x000000000000113c       0x1e /usr/lib/gcc/arm-none-eabi/10.3.1/thumb/v7e-m+fp/hard/libgcc.a(_arm_addsubdf3.o)
 .ARM.attributes
                0x000000000000115a       0x1e /usr/lib/gcc/arm-none-eabi/10.3.1/thumb/v7e-m+fp/hard/libgcc.a(_arm_muldivdf3.o)
 .ARM.attributes
                0x0000000000001178       0x1e /usr/lib/gcc/arm-none-eabi/10.3.1/thumb/v7e-m+fp/hard/libgcc.a(_arm_cmpdf2.o)
 .ARM.attributes
                0x0000000000001196       0x1e /usr/lib/gcc/arm-none-eabi/10.3.1/thumb/v7e-m+fp/hard/libgcc.a(_arm_unorddf2.o)
 .ARM.attributes
                0x00000000000011b4       0x1e /usr/lib/gcc/arm-none-eabi/10.3.1/thumb/v7e-m+fp/hard/libgcc.a(_arm_fixunsdfsi.o)
 .ARM.attributes
                0x00000000000011d2       0x1e /usr/lib/gcc/arm-none-eabi/10.3.1/thumb/v7e-m+fp/hard/libgcc.a(_arm_truncdfsf2.o)
 .ARM.attributes
                0x00000000000011f0       0x34 /usr/lib/gcc/arm-none-eabi/10.3.1/thumb/v7e-m+fp/hard/libgcc.a(_fixdfdi.o)
 .ARM.attributes
                0x0000000000001224       0x34 /usr/lib/gcc/arm-none-eabi/10.3.1/thumb/v7e-m+fp/hard/libgcc.a(_fixunsdfdi.o)
 .ARM.attributes
                0x0000000000001258       0x32 /usr/lib/gcc/arm-none-eabi/10.3.1/thumb/v7e-m+fp/hard/crtend.o
 .ARM.attributes
                0x000000000000128a       0x1e /usr/lib/gcc/arm-none-eabi/10.3.1/thumb/v7e-m+fp/hard/crtn.o

.comment        0x0000000000000000       0x33
 .comment       0x0000000000000000       0x33 /usr/lib/gcc/arm-none-eabi/10.3.1/thumb/v7e-m+fp/hard/crtbegin.o
                                         0x34 (size before relaxing)
 .comment       0x0000000000000033       0x34 build/debug/config_options.o
 .comment       0x0000000000000033       0x34 build/debug/deca_device.o
 .comment       0x0000000000000033       0x34 build/debug/deca_mutex.o
 .comment       0x0000000000000033       0x34 build/debug/deca_sleep.o
 .comment       0x0000000000000033       0x34 build/debug/deca_spi.o
 .comment       0x0000000000000033       0x34 build/debug/example_info.o
 .comment       0x0000000000000033       0x34 build/debug/get_msg_from_anchors2.o
 .comment       0x0000000000000033       0x34 build/debug/gpio.o
 .comment       0x0000000000000033       0x34 build/debug/main.o
 .comment       0x0000000000000033       0x34 build/debug/myFunctions.o
 .comment       0x0000000000000033       0x34 build/debug/port.o
 .comment       0x0000000000000033       0x34 build/debug/spi.o
 .comment       0x0000000000000033       0x34 build/debug/stm32f3xx_hal.o
 .comment       0x0000000000000033       0x34 build/debug/stm32f3xx_hal_cortex.o
 .comment       0x0000000000000033       0x34 build/debug/stm32f3xx_hal_dma.o
 .comment       0x0000000000000033       0x34 build/debug/stm32f3xx_hal_gpio.o
 .comment       0x0000000000000033       0x34 build/debug/stm32f3xx_hal_msp.o
 .comment       0x0000000000000033       0x34 build/debug/stm32f3xx_hal_rcc.o
 .comment       0x0000000000000033       0x34 build/debug/stm32f3xx_hal_rcc_ex.o
 .comment       0x0000000000000033       0x34 build/debug/stm32f3xx_hal_spi.o
 .comment       0x0000000000000033       0x34 build/debug/stm32f3xx_hal_tim.o
 .comment       0x0000000000000033       0x34 build/debug/stm32f3xx_hal_tim_ex.o
 .comment       0x0000000000000033       0x34 build/debug/stm32f3xx_hal_uart.o
 .comment       0x0000000000000033       0x34 build/debug/stm32f3xx_it.o
 .comment       0x0000000000000033       0x34 build/debug/syscalls.o
 .comment       0x0000000000000033       0x34 build/debug/sysmem.o
 .comment       0x0000000000000033       0x34 build/debug/system_stm32f3xx.o
 .comment       0x0000000000000033       0x34 build/debug/tim.o
 .comment       0x0000000000000033       0x34 build/debug/usart.o
 .comment       0x0000000000000033       0x34 /usr/lib/gcc/arm-none-eabi/10.3.1/../../../arm-none-eabi/lib/thumb/v7e-m+fp/hard/libc_nano.a(lib_a-assert.o)
 .comment       0x0000000000000033       0x34 /usr/lib/gcc/arm-none-eabi/10.3.1/../../../arm-none-eabi/lib/thumb/v7e-m+fp/hard/libc_nano.a(lib_a-errno.o)
 .comment       0x0000000000000033       0x34 /usr/lib/gcc/arm-none-eabi/10.3.1/../../../arm-none-eabi/lib/thumb/v7e-m+fp/hard/libc_nano.a(lib_a-fprintf.o)
 .comment       0x0000000000000033       0x34 /usr/lib/gcc/arm-none-eabi/10.3.1/../../../arm-none-eabi/lib/thumb/v7e-m+fp/hard/libc_nano.a(lib_a-impure.o)
 .comment       0x0000000000000033       0x34 /usr/lib/gcc/arm-none-eabi/10.3.1/../../../arm-none-eabi/lib/thumb/v7e-m+fp/hard/libc_nano.a(lib_a-init.o)
 .comment       0x0000000000000033       0x34 /usr/lib/gcc/arm-none-eabi/10.3.1/../../../arm-none-eabi/lib/thumb/v7e-m+fp/hard/libc_nano.a(lib_a-memcmp.o)
 .comment       0x0000000000000033       0x34 /usr/lib/gcc/arm-none-eabi/10.3.1/../../../arm-none-eabi/lib/thumb/v7e-m+fp/hard/libc_nano.a(lib_a-memset.o)
 .comment       0x0000000000000033       0x34 /usr/lib/gcc/arm-none-eabi/10.3.1/../../../arm-none-eabi/lib/thumb/v7e-m+fp/hard/libc_nano.a(lib_a-nano-vfprintf.o)
 .comment       0x0000000000000033       0x34 /usr/lib/gcc/arm-none-eabi/10.3.1/../../../arm-none-eabi/lib/thumb/v7e-m+fp/hard/libc_nano.a(lib_a-nano-vfprintf_i.o)
 .comment       0x0000000000000033       0x34 /usr/lib/gcc/arm-none-eabi/10.3.1/../../../arm-none-eabi/lib/thumb/v7e-m+fp/hard/libc_nano.a(lib_a-sprintf.o)
 .comment       0x0000000000000033       0x34 /usr/lib/gcc/arm-none-eabi/10.3.1/../../../arm-none-eabi/lib/thumb/v7e-m+fp/hard/libc_nano.a(lib_a-strcat.o)
 .comment       0x0000000000000033       0x34 /usr/lib/gcc/arm-none-eabi/10.3.1/../../../arm-none-eabi/lib/thumb/v7e-m+fp/hard/libc_nano.a(lib_a-strcpy.o)
 .comment       0x0000000000000033       0x34 /usr/lib/gcc/arm-none-eabi/10.3.1/../../../arm-none-eabi/lib/thumb/v7e-m+fp/hard/libc_nano.a(lib_a-strtod.o)
 .comment       0x0000000000000033       0x34 /usr/lib/gcc/arm-none-eabi/10.3.1/../../../arm-none-eabi/lib/thumb/v7e-m+fp/hard/libc_nano.a(lib_a-wbuf.o)
 .comment       0x0000000000000033       0x34 /usr/lib/gcc/arm-none-eabi/10.3.1/../../../arm-none-eabi/lib/thumb/v7e-m+fp/hard/libc_nano.a(lib_a-wsetup.o)
 .comment       0x0000000000000033       0x34 /usr/lib/gcc/arm-none-eabi/10.3.1/../../../arm-none-eabi/lib/thumb/v7e-m+fp/hard/libc_nano.a(lib_a-abort.o)
 .comment       0x0000000000000033       0x34 /usr/lib/gcc/arm-none-eabi/10.3.1/../../../arm-none-eabi/lib/thumb/v7e-m+fp/hard/libc_nano.a(lib_a-fflush.o)
 .comment       0x0000000000000033       0x34 /usr/lib/gcc/arm-none-eabi/10.3.1/../../../arm-none-eabi/lib/thumb/v7e-m+fp/hard/libc_nano.a(lib_a-findfp.o)
 .comment       0x0000000000000033       0x34 /usr/lib/gcc/arm-none-eabi/10.3.1/../../../arm-none-eabi/lib/thumb/v7e-m+fp/hard/libc_nano.a(lib_a-fvwrite.o)
 .comment       0x0000000000000033       0x34 /usr/lib/gcc/arm-none-eabi/10.3.1/../../../arm-none-eabi/lib/thumb/v7e-m+fp/hard/libc_nano.a(lib_a-fwalk.o)
 .comment       0x0000000000000033       0x34 /usr/lib/gcc/arm-none-eabi/10.3.1/../../../arm-none-eabi/lib/thumb/v7e-m+fp/hard/libc_nano.a(lib_a-gdtoa-gethex.o)
 .comment       0x0000000000000033       0x34 /usr/lib/gcc/arm-none-eabi/10.3.1/../../../arm-none-eabi/lib/thumb/v7e-m+fp/hard/libc_nano.a(lib_a-gdtoa-hexnan.o)
 .comment       0x0000000000000033       0x34 /usr/lib/gcc/arm-none-eabi/10.3.1/../../../arm-none-eabi/lib/thumb/v7e-m+fp/hard/libc_nano.a(lib_a-lnumeric.o)
 .comment       0x0000000000000033       0x34 /usr/lib/gcc/arm-none-eabi/10.3.1/../../../arm-none-eabi/lib/thumb/v7e-m+fp/hard/libc_nano.a(lib_a-locale.o)
 .comment       0x0000000000000033       0x34 /usr/lib/gcc/arm-none-eabi/10.3.1/../../../arm-none-eabi/lib/thumb/v7e-m+fp/hard/libc_nano.a(lib_a-makebuf.o)
 .comment       0x0000000000000033       0x34 /usr/lib/gcc/arm-none-eabi/10.3.1/../../../arm-none-eabi/lib/thumb/v7e-m+fp/hard/libc_nano.a(lib_a-mbtowc_r.o)
 .comment       0x0000000000000033       0x34 /usr/lib/gcc/arm-none-eabi/10.3.1/../../../arm-none-eabi/lib/thumb/v7e-m+fp/hard/libc_nano.a(lib_a-memmove.o)
 .comment       0x0000000000000033       0x34 /usr/lib/gcc/arm-none-eabi/10.3.1/../../../arm-none-eabi/lib/thumb/v7e-m+fp/hard/libc_nano.a(lib_a-mprec.o)
 .comment       0x0000000000000033       0x34 /usr/lib/gcc/arm-none-eabi/10.3.1/../../../arm-none-eabi/lib/thumb/v7e-m+fp/hard/libc_nano.a(lib_a-nano-callocr.o)
 .comment       0x0000000000000033       0x34 /usr/lib/gcc/arm-none-eabi/10.3.1/../../../arm-none-eabi/lib/thumb/v7e-m+fp/hard/libc_nano.a(lib_a-nano-freer.o)
 .comment       0x0000000000000033       0x34 /usr/lib/gcc/arm-none-eabi/10.3.1/../../../arm-none-eabi/lib/thumb/v7e-m+fp/hard/libc_nano.a(lib_a-nano-mallocr.o)
 .comment       0x0000000000000033       0x34 /usr/lib/gcc/arm-none-eabi/10.3.1/../../../arm-none-eabi/lib/thumb/v7e-m+fp/hard/libc_nano.a(lib_a-nano-reallocr.o)
 .comment       0x0000000000000033       0x34 /usr/lib/gcc/arm-none-eabi/10.3.1/../../../arm-none-eabi/lib/thumb/v7e-m+fp/hard/libc_nano.a(lib_a-nano-svfprintf.o)
 .comment       0x0000000000000033       0x34 /usr/lib/gcc/arm-none-eabi/10.3.1/../../../arm-none-eabi/lib/thumb/v7e-m+fp/hard/libc_nano.a(lib_a-s_nan.o)
 .comment       0x0000000000000033       0x34 /usr/lib/gcc/arm-none-eabi/10.3.1/../../../arm-none-eabi/lib/thumb/v7e-m+fp/hard/libc_nano.a(lib_a-sbrkr.o)
 .comment       0x0000000000000033       0x34 /usr/lib/gcc/arm-none-eabi/10.3.1/../../../arm-none-eabi/lib/thumb/v7e-m+fp/hard/libc_nano.a(lib_a-sf_nan.o)
 .comment       0x0000000000000033       0x34 /usr/lib/gcc/arm-none-eabi/10.3.1/../../../arm-none-eabi/lib/thumb/v7e-m+fp/hard/libc_nano.a(lib_a-signal.o)
 .comment       0x0000000000000033       0x34 /usr/lib/gcc/arm-none-eabi/10.3.1/../../../arm-none-eabi/lib/thumb/v7e-m+fp/hard/libc_nano.a(lib_a-signalr.o)
 .comment       0x0000000000000033       0x34 /usr/lib/gcc/arm-none-eabi/10.3.1/../../../arm-none-eabi/lib/thumb/v7e-m+fp/hard/libc_nano.a(lib_a-stdio.o)
 .comment       0x0000000000000033       0x34 /usr/lib/gcc/arm-none-eabi/10.3.1/../../../arm-none-eabi/lib/thumb/v7e-m+fp/hard/libc_nano.a(lib_a-strncmp.o)
 .comment       0x0000000000000033       0x34 /usr/lib/gcc/arm-none-eabi/10.3.1/../../../arm-none-eabi/lib/thumb/v7e-m+fp/hard/libc_nano.a(lib_a-wctomb_r.o)
 .comment       0x0000000000000033       0x34 /usr/lib/gcc/arm-none-eabi/10.3.1/../../../arm-none-eabi/lib/thumb/v7e-m+fp/hard/libc_nano.a(lib_a-writer.o)
 .comment       0x0000000000000033       0x34 /usr/lib/gcc/arm-none-eabi/10.3.1/../../../arm-none-eabi/lib/thumb/v7e-m+fp/hard/libc_nano.a(lib_a-closer.o)
 .comment       0x0000000000000033       0x34 /usr/lib/gcc/arm-none-eabi/10.3.1/../../../arm-none-eabi/lib/thumb/v7e-m+fp/hard/libc_nano.a(lib_a-ctype_.o)
 .comment       0x0000000000000033       0x34 /usr/lib/gcc/arm-none-eabi/10.3.1/../../../arm-none-eabi/lib/thumb/v7e-m+fp/hard/libc_nano.a(lib_a-fstatr.o)
 .comment       0x0000000000000033       0x34 /usr/lib/gcc/arm-none-eabi/10.3.1/../../../arm-none-eabi/lib/thumb/v7e-m+fp/hard/libc_nano.a(lib_a-isattyr.o)
 .comment       0x0000000000000033       0x34 /usr/lib/gcc/arm-none-eabi/10.3.1/../../../arm-none-eabi/lib/thumb/v7e-m+fp/hard/libc_nano.a(lib_a-lseekr.o)
 .comment       0x0000000000000033       0x34 /usr/lib/gcc/arm-none-eabi/10.3.1/../../../arm-none-eabi/lib/thumb/v7e-m+fp/hard/libc_nano.a(lib_a-malloc.o)
 .comment       0x0000000000000033       0x34 /usr/lib/gcc/arm-none-eabi/10.3.1/../../../arm-none-eabi/lib/thumb/v7e-m+fp/hard/libc_nano.a(lib_a-mlock.o)
 .comment       0x0000000000000033       0x34 /usr/lib/gcc/arm-none-eabi/10.3.1/../../../arm-none-eabi/lib/thumb/v7e-m+fp/hard/libc_nano.a(lib_a-nano-msizer.o)
 .comment       0x0000000000000033       0x34 /usr/lib/gcc/arm-none-eabi/10.3.1/../../../arm-none-eabi/lib/thumb/v7e-m+fp/hard/libc_nano.a(lib_a-readr.o)
 .comment       0x0000000000000033       0x34 /usr/lib/gcc/arm-none-eabi/10.3.1/../../../arm-none-eabi/lib/thumb/v7e-m+fp/hard/libc_nano.a(lib_a-reent.o)
 .comment       0x0000000000000033       0x34 /usr/lib/gcc/arm-none-eabi/10.3.1/thumb/v7e-m+fp/hard/libgcc.a(_fixdfdi.o)
 .comment       0x0000000000000033       0x34 /usr/lib/gcc/arm-none-eabi/10.3.1/thumb/v7e-m+fp/hard/libgcc.a(_fixunsdfdi.o)
 .comment       0x0000000000000033       0x34 /usr/lib/gcc/arm-none-eabi/10.3.1/thumb/v7e-m+fp/hard/crtend.o

.debug_info     0x0000000000000000    0x3c893
 .debug_info    0x0000000000000000      0x274 build/debug/config_options.o
 .debug_info    0x0000000000000274     0x6793 build/debug/deca_device.o
 .debug_info    0x0000000000006a07      0x11c build/debug/deca_mutex.o
 .debug_info    0x0000000000006b23      0x10a build/debug/deca_sleep.o
 .debug_info    0x0000000000006c2d      0xb67 build/debug/deca_spi.o
 .debug_info    0x0000000000007794       0xc9 build/debug/example_info.o
 .debug_info    0x000000000000785d      0xe86 build/debug/get_msg_from_anchors2.o
 .debug_info    0x00000000000086e3      0x391 build/debug/gpio.o
 .debug_info    0x0000000000008a74      0xbc5 build/debug/main.o
 .debug_info    0x0000000000009639      0x432 build/debug/myFunctions.o
 .debug_info    0x0000000000009a6b      0xf55 build/debug/port.o
 .debug_info    0x000000000000a9c0      0x8dc build/debug/spi.o
 .debug_info    0x000000000000b29c      0x86f build/debug/stm32f3xx_hal.o