Archive member included to satisfy reference by file (symbol)

/usr/lib/gcc/arm-none-eabi/10.3.1/../../../arm-none-eabi/lib/thumb/v7e-m+fp/hard/libc_nano.a(lib_a-assert.o)
                              build/debug/deca_device.o (__assert_func)
/usr/lib/gcc/arm-none-eabi/10.3.1/../../../arm-none-eabi/lib/thumb/v7e-m+fp/hard/libc_nano.a(lib_a-atexit.o)
                              /usr/lib/gcc/arm-none-eabi/10.3.1/../../../arm-none-eabi/lib/thumb/v7e-m+fp/hard/crt0.o (atexit)
/usr/lib/gcc/arm-none-eabi/10.3.1/../../../arm-none-eabi/lib/thumb/v7e-m+fp/hard/libc_nano.a(lib_a-errno.o)
                              build/debug/syscalls.o (__errno)
/usr/lib/gcc/arm-none-eabi/10.3.1/../../../arm-none-eabi/lib/thumb/v7e-m+fp/hard/libc_nano.a(lib_a-exit.o)
                              /usr/lib/gcc/arm-none-eabi/10.3.1/../../../arm-none-eabi/lib/thumb/v7e-m+fp/hard/crt0.o (exit)
/usr/lib/gcc/arm-none-eabi/10.3.1/../../../arm-none-eabi/lib/thumb/v7e-m+fp/hard/libc_nano.a(lib_a-fini.o)
                              /usr/lib/gcc/arm-none-eabi/10.3.1/../../../arm-none-eabi/lib/thumb/v7e-m+fp/hard/crt0.o (__libc_fini_array)
/usr/lib/gcc/arm-none-eabi/10.3.1/../../../arm-none-eabi/lib/thumb/v7e-m+fp/hard/libc_nano.a(lib_a-fprintf.o)
                              /usr/lib/gcc/arm-none-eabi/10.3.1/../../../arm-none-eabi/lib/thumb/v7e-m+fp/hard/libc_nano.a(lib_a-assert.o) (fiprintf)
/usr/lib/gcc/arm-none-eabi/10.3.1/../../../arm-none-eabi/lib/thumb/v7e-m+fp/hard/libc_nano.a(lib_a-impure.o)
                              /usr/lib/gcc/arm-none-eabi/10.3.1/../../../arm-none-eabi/lib/thumb/v7e-m+fp/hard/libc_nano.a(lib_a-exit.o) (_global_impure_ptr)
/usr/lib/gcc/arm-none-eabi/10.3.1/../../../arm-none-eabi/lib/thumb/v7e-m+fp/hard/libc_nano.a(lib_a-init.o)
                              /usr/lib/gcc/arm-none-eabi/10.3.1/../../../arm-none-eabi/lib/thumb/v7e-m+fp/hard/crt0.o (__libc_init_array)
/usr/lib/gcc/arm-none-eabi/10.3.1/../../../arm-none-eabi/lib/thumb/v7e-m+fp/hard/libc_nano.a(lib_a-memcmp.o)
                              build/debug/ds_twr_responder_sts.o (memcmp)
/usr/lib/gcc/arm-none-eabi/10.3.1/../../../arm-none-eabi/lib/thumb/v7e-m+fp/hard/libc_nano.a(lib_a-memset.o)
                              /usr/lib/gcc/arm-none-eabi/10.3.1/../../../arm-none-eabi/lib/thumb/v7e-m+fp/hard/crt0.o (memset)
/usr/lib/gcc/arm-none-eabi/10.3.1/../../../arm-none-eabi/lib/thumb/v7e-m+fp/hard/libc_nano.a(lib_a-nano-vfprintf.o)
                              /usr/lib/gcc/arm-none-eabi/10.3.1/../../../arm-none-eabi/lib/thumb/v7e-m+fp/hard/libc_nano.a(lib_a-fprintf.o) (_vfprintf_r)
/usr/lib/gcc/arm-none-eabi/10.3.1/../../../arm-none-eabi/lib/thumb/v7e-m+fp/hard/libc_nano.a(lib_a-nano-vfprintf_i.o)
                              /usr/lib/gcc/arm-none-eabi/10.3.1/../../../arm-none-eabi/lib/thumb/v7e-m+fp/hard/libc_nano.a(lib_a-nano-vfprintf.o) (_printf_i)
/usr/lib/gcc/arm-none-eabi/10.3.1/../../../arm-none-eabi/lib/thumb/v7e-m+fp/hard/libc_nano.a(lib_a-sprintf.o)
                              build/debug/ds_twr_responder_sts.o (sprintf)
/usr/lib/gcc/arm-none-eabi/10.3.1/../../../arm-none-eabi/lib/thumb/v7e-m+fp/hard/libc_nano.a(lib_a-strcat.o)
                              build/debug/myFunctions.o (strcat)
/usr/lib/gcc/arm-none-eabi/10.3.1/../../../arm-none-eabi/lib/thumb/v7e-m+fp/hard/libc_nano.a(lib_a-strcpy.o)
                              /usr/lib/gcc/arm-none-eabi/10.3.1/../../../arm-none-eabi/lib/thumb/v7e-m+fp/hard/libc_nano.a(lib_a-strcat.o) (strcpy)
/usr/lib/gcc/arm-none-eabi/10.3.1/../../../arm-none-eabi/lib/thumb/v7e-m+fp/hard/libc_nano.a(lib_a-strlen.o)
                              build/debug/main.o (strlen)
/usr/lib/gcc/arm-none-eabi/10.3.1/../../../arm-none-eabi/lib/thumb/v7e-m+fp/hard/libc_nano.a(lib_a-wbuf.o)
                              /usr/lib/gcc/arm-none-eabi/10.3.1/../../../arm-none-eabi/lib/thumb/v7e-m+fp/hard/libc_nano.a(lib_a-nano-vfprintf.o) (__swbuf_r)
/usr/lib/gcc/arm-none-eabi/10.3.1/../../../arm-none-eabi/lib/thumb/v7e-m+fp/hard/libc_nano.a(lib_a-wsetup.o)
                              /usr/lib/gcc/arm-none-eabi/10.3.1/../../../arm-none-eabi/lib/thumb/v7e-m+fp/hard/libc_nano.a(lib_a-nano-vfprintf.o) (__swsetup_r)
/usr/lib/gcc/arm-none-eabi/10.3.1/../../../arm-none-eabi/lib/thumb/v7e-m+fp/hard/libc_nano.a(lib_a-__atexit.o)
                              /usr/lib/gcc/arm-none-eabi/10.3.1/../../../arm-none-eabi/lib/thumb/v7e-m+fp/hard/libc_nano.a(lib_a-atexit.o) (__register_exitproc)
/usr/lib/gcc/arm-none-eabi/10.3.1/../../../arm-none-eabi/lib/thumb/v7e-m+fp/hard/libc_nano.a(lib_a-__call_atexit.o)
                              /usr/lib/gcc/arm-none-eabi/10.3.1/../../../arm-none-eabi/lib/thumb/v7e-m+fp/hard/libc_nano.a(lib_a-__atexit.o) (__call_exitprocs)
/usr/lib/gcc/arm-none-eabi/10.3.1/../../../arm-none-eabi/lib/thumb/v7e-m+fp/hard/libc_nano.a(lib_a-abort.o)
                              /usr/lib/gcc/arm-none-eabi/10.3.1/../../../arm-none-eabi/lib/thumb/v7e-m+fp/hard/libc_nano.a(lib_a-assert.o) (abort)
[...]
Memory Configuration

Name             Origin             Length             Attributes
RAM              0x0000000020000000 0x0000000000008000 xrw
CCMRAM           0x0000000010000000 0x0000000000002000 xrw
FLASH            0x0000000008000000 0x0000000000020000 xr
*default*        0x0000000000000000 0xffffffffffffffff

Linker script and memory map

LOAD /usr/lib/gcc/arm-none-eabi/10.3.1/thumb/v7e-m+fp/hard/crti.o
LOAD /usr/lib/gcc/arm-none-eabi/10.3.1/thumb/v7e-m+fp/hard/crtbegin.o
LOAD /usr/lib/gcc/arm-none-eabi/10.3.1/../../../arm-none-eabi/lib/thumb/v7e-m+fp/hard/crt0.o
LOAD build/debug/config_options.o
LOAD build/debug/deca_device.o
LOAD build/debug/deca_mutex.o
LOAD build/debug/deca_sleep.o
LOAD build/debug/deca_spi.o
LOAD build/debug/dma.o
LOAD build/debug/ds_twr_responder_sts.o
LOAD build/debug/example_info.o
LOAD build/debug/gpio.o
LOAD build/debug/main.o
LOAD build/debug/myDWM3000.o
LOAD build/debug/myFunctions.o
LOAD build/debug/port.o
LOAD build/debug/shared_functions.o
LOAD build/debug/spi.o
LOAD build/debug/stm32f3xx_hal.o
LOAD build/debug/stm32f3xx_hal_cortex.o
LOAD build/debug/stm32f3xx_hal_dma.o
LOAD build/debug/stm32f3xx_hal_exti.o
LOAD build/debug/stm32f3xx_hal_flash.o
LOAD build/debug/stm32f3xx_hal_flash_ex.o
LOAD build/debug/stm32f3xx_hal_gpio.o
LOAD build/debug/stm32f3xx_hal_i2c.o
LOAD build/debug/stm32f3xx_hal_i2c_ex.o
LOAD build/debug/stm32f3xx_hal_msp.o
LOAD build/debug/stm32f3xx_hal_pwr.o
LOAD build/debug/stm32f3xx_hal_pwr_ex.o
LOAD build/debug/stm32f3xx_hal_rcc.o
LOAD build/debug/stm32f3xx_hal_rcc_ex.o
LOAD build/debug/stm32f3xx_hal_spi.o
LOAD build/debug/stm32f3xx_hal_spi_ex.o
LOAD build/debug/stm32f3xx_hal_tim.o
LOAD build/debug/stm32f3xx_hal_tim_ex.o
LOAD build/debug/stm32f3xx_hal_uart.o
LOAD build/debug/stm32f3xx_hal_uart_ex.o
LOAD build/debug/stm32f3xx_it.o
LOAD build/debug/syscalls.o
LOAD build/debug/sysmem.o
LOAD build/debug/system_stm32f3xx.o
LOAD build/debug/tim.o
LOAD build/debug/usart.o
LOAD build/debug/startup_stm32f303xc.o
LOAD /usr/lib/gcc/arm-none-eabi/10.3.1/../../../arm-none-eabi/lib/thumb/v7e-m+fp/hard/libc_nano.a
LOAD /usr/lib/gcc/arm-none-eabi/10.3.1/../../../arm-none-eabi/lib/thumb/v7e-m+fp/hard/libm.a
LOAD /usr/lib/gcc/arm-none-eabi/10.3.1/../../../arm-none-eabi/lib/thumb/v7e-m+fp/hard/libnosys.a
START GROUP
LOAD /usr/lib/gcc/arm-none-eabi/10.3.1/thumb/v7e-m+fp/hard/libgcc.a
LOAD /usr/lib/gcc/arm-none-eabi/10.3.1/../../../arm-none-eabi/lib/thumb/v7e-m+fp/hard/libc_nano.a
END GROUP
START GROUP
LOAD /usr/lib/gcc/arm-none-eabi/10.3.1/thumb/v7e-m+fp/hard/libgcc.a
LOAD /usr/lib/gcc/arm-none-eabi/10.3.1/../../../arm-none-eabi/lib/thumb/v7e-m+fp/hard/libc_nano.a
END GROUP
LOAD /usr/lib/gcc/arm-none-eabi/10.3.1/thumb/v7e-m+fp/hard/crtend.o
LOAD /usr/lib/gcc/arm-none-eabi/10.3.1/thumb/v7e-m+fp/hard/crtn.o
                0x0000000020008000                _estack = (ORIGIN (RAM) + LENGTH (RAM))
                0x0000000000000200                _Min_Heap_Size = 0x200
                0x0000000000000400                _Min_Stack_Size = 0x400

.isr_vector     0x0000000008000000      0x188
                0x0000000008000000                . = ALIGN (0x4)
 *(.isr_vector)
 .isr_vector    0x0000000008000000      0x188 build/debug/startup_stm32f303xc.o
                0x0000000008000000                g_pfnVectors
                0x0000000008000188                . = ALIGN (0x4)

.text           0x00000000080001c0     0x6f48
                0x00000000080001c0                . = ALIGN (0x4)
 *(.text)
 .text          0x00000000080001c0       0x88 /usr/lib/gcc/arm-none-eabi/10.3.1/thumb/v7e-m+fp/hard/crtbegin.o
 .text          0x0000000008000248       0x4c /usr/lib/gcc/arm-none-eabi/10.3.1/../../../arm-none-eabi/lib/thumb/v7e-m+fp/hard/libc_nano.a(lib_a-assert.o)
                0x0000000008000248                __assert_func
                0x0000000008000288                __assert
 .text          0x0000000008000294        0xc /usr/lib/gcc/arm-none-eabi/10.3.1/../../../arm-none-eabi/lib/thumb/v7e-m+fp/hard/libc_nano.a(lib_a-errno.o)
                0x0000000008000294                __errno
 .text          0x00000000080002a0       0x44 /usr/lib/gcc/arm-none-eabi/10.3.1/../../../arm-none-eabi/lib/thumb/v7e-m+fp/hard/libc_nano.a(lib_a-fprintf.o)
                0x00000000080002a0                _fprintf_r
                0x00000000080002a0                _fiprintf_r
                0x00000000080002bc                fprintf
                0x00000000080002bc                fiprintf
 .text          0x00000000080002e4       0x48 /usr/lib/gcc/arm-none-eabi/10.3.1/../../../arm-none-eabi/lib/thumb/v7e-m+fp/hard/libc_nano.a(lib_a-init.o)
                0x00000000080002e4                __libc_init_array
 .text          0x000000000800032c       0x64 /usr/lib/gcc/arm-none-eabi/10.3.1/../../../arm-none-eabi/lib/thumb/v7e-m+fp/hard/libc_nano.a(lib_a-memcmp.o)
                0x000000000800032c                memcmp
 .text          0x0000000008000390       0xa4 /usr/lib/gcc/arm-none-eabi/10.3.1/../../../arm-none-eabi/lib/thumb/v7e-m+fp/hard/libc_nano.a(lib_a-memset.o)
                0x0000000008000390                memset
 .text          0x0000000008000434      0x328 /usr/lib/gcc/arm-none-eabi/10.3.1/../../../arm-none-eabi/lib/thumb/v7e-m+fp/hard/libc_nano.a(lib_a-nano-vfprintf.o)
                0x0000000008000470                __sfputs_r
                0x00000000080004a0                __sprint_r
                0x00000000080004bc                _vfiprintf_r
                0x00000000080004bc                _vfprintf_r
                0x0000000008000740                vfiprintf
                0x0000000008000740                vfprintf
 .text          0x000000000800075c      0x3dc /usr/lib/gcc/arm-none-eabi/10.3.1/../../../arm-none-eabi/lib/thumb/v7e-m+fp/hard/libc_nano.a(lib_a-nano-vfprintf_i.o)
                0x000000000800075c                _printf_common
                0x0000000008000888                _printf_i
 .text          0x0000000008000b38       0x78 /usr/lib/gcc/arm-none-eabi/10.3.1/../../../arm-none-eabi/lib/thumb/v7e-m+fp/hard/libc_nano.a(lib_a-sprintf.o)
                0x0000000008000b38                _siprintf_r
                0x0000000008000b38                _sprintf_r
                0x0000000008000b70                sprintf
                0x0000000008000b70                siprintf
 *fill*         0x0000000008000bb0       0x10 
 .text          0x0000000008000bc0       0xdc /usr/lib/gcc/arm-none-eabi/10.3.1/../../../arm-none-eabi/lib/thumb/v7e-m+fp/hard/libc_nano.a(lib_a-strlen.o)
                0x0000000008000bc0                strlen
 .text          0x0000000008000c9c       0xc8 /usr/lib/gcc/arm-none-eabi/10.3.1/../../../arm-none-eabi/lib/thumb/v7e-m+fp/hard/libc_nano.a(lib_a-wbuf.o)
                0x0000000008000c9c                __swbuf_r
                0x0000000008000d4c                __swbuf
 .text          0x0000000008000d64      0x104 /usr/lib/gcc/arm-none-eabi/10.3.1/../../../arm-none-eabi/lib/thumb/v7e-m+fp/hard/libc_nano.a(lib_a-wsetup.o)
                0x0000000008000d64                __swsetup_r
 .text          0x0000000008000e68       0x10 /usr/lib/gcc/arm-none-eabi/10.3.1/../../../arm-none-eabi/lib/thumb/v7e-m+fp/hard/libc_nano.a(lib_a-abort.o)
                0x0000000008000e68                abort
 .text          0x0000000008000e78      0x1e8 /usr/lib/gcc/arm-none-eabi/10.3.1/../../../arm-none-eabi/lib/thumb/v7e-m+fp/hard/libc_nano.a(lib_a-fflush.o)
                0x0000000008000e78                __sflush_r
                0x0000000008000f8c                _fflush_r
                0x0000000008000fe0                fflush
 .text          0x0000000008001060      0x238 /usr/lib/gcc/arm-none-eabi/10.3.1/../../../arm-none-eabi/lib/thumb/v7e-m+fp/hard/libc_nano.a(lib_a-findfp.o)
                0x0000000008001064                _cleanup_r
                0x0000000008001074                __sfmoreglue
                0x00000000080010a4                __sfp
                0x0000000008001244                _cleanup
                0x0000000008001258                __sinit
                0x0000000008001260                __sfp_lock_acquire
                0x0000000008001264                __sfp_lock_release
                0x0000000008001268                __sinit_lock_acquire
                0x000000000800126c                __sinit_lock_release
                0x0000000008001270                __fp_lock_all
                0x0000000008001284                __fp_unlock_all
 .text          0x0000000008001298      0x2f0 /usr/lib/gcc/arm-none-eabi/10.3.1/../../../arm-none-eabi/lib/thumb/v7e-m+fp/hard/libc_nano.a(lib_a-fvwrite.o)
                0x0000000008001298                __sfvwrite_r
 .text          0x0000000008001588       0x88 /usr/lib/gcc/arm-none-eabi/10.3.1/../../../arm-none-eabi/lib/thumb/v7e-m+fp/hard/libc_nano.a(lib_a-fwalk.o)
                0x0000000008001588                _fwalk
                0x00000000080015c8                _fwalk_reent
 .text          0x0000000008001610      0x11c /usr/lib/gcc/arm-none-eabi/10.3.1/../../../arm-none-eabi/lib/thumb/v7e-m+fp/hard/libc_nano.a(lib_a-makebuf.o)
                0x0000000008001610                __smakebuf_r
                0x00000000080016d0                __swhatbuf_r
 *fill*         0x000000000800172c        0x4 
 .text          0x0000000008001730       0xa0 /usr/lib/gcc/arm-none-eabi/10.3.1/../../../arm-none-eabi/lib/thumb/v7e-m+fp/hard/libc_nano.a(lib_a-memchr.o)
                0x0000000008001730                memchr
 .text          0x00000000080017d0      0x134 /usr/lib/gcc/arm-none-eabi/10.3.1/../../../arm-none-eabi/lib/thumb/v7e-m+fp/hard/libc_nano.a(lib_a-memcpy.o)
                0x00000000080017d0                memcpy
 .text          0x0000000008001904       0xf8 /usr/lib/gcc/arm-none-eabi/10.3.1/../../../arm-none-eabi/lib/thumb/v7e-m+fp/hard/libc_nano.a(lib_a-memmove.o)
                0x0000000008001904                memmove
 .text          0x00000000080019fc       0xc4 /usr/lib/gcc/arm-none-eabi/10.3.1/../../../arm-none-eabi/lib/thumb/v7e-m+fp/hard/libc_nano.a(lib_a-nano-freer.o)
                0x00000000080019fc                _free_r
 .text          0x0000000008001ac0       0xb4 /usr/lib/gcc/arm-none-eabi/10.3.1/../../../arm-none-eabi/lib/thumb/v7e-m+fp/hard/libc_nano.a(lib_a-nano-mallocr.o)
                0x0000000008001ac0                _malloc_r
 .text          0x0000000008001b74       0x50 /usr/lib/gcc/arm-none-eabi/10.3.1/../../../arm-none-eabi/lib/thumb/v7e-m+fp/hard/libc_nano.a(lib_a-nano-reallocr.o)
                0x0000000008001b74                _realloc_r
 .text          0x0000000008001bc4      0x3f0 /usr/lib/gcc/arm-none-eabi/10.3.1/../../../arm-none-eabi/lib/thumb/v7e-m+fp/hard/libc_nano.a(lib_a-nano-svfprintf.o)
                0x0000000008001bc4                __ssputs_r
                0x0000000008001c88                __ssprint_r
                0x0000000008001d80                _svfprintf_r
                0x0000000008001d80                _svfiprintf_r
 .text          0x0000000008001fb4       0x24 /usr/lib/gcc/arm-none-eabi/10.3.1/../../../arm-none-eabi/lib/thumb/v7e-m+fp/hard/libc_nano.a(lib_a-sbrkr.o)
                0x0000000008001fb4                _sbrk_r
 .text          0x0000000008001fd8      0x268 /usr/lib/gcc/arm-none-eabi/10.3.1/../../../arm-none-eabi/lib/thumb/v7e-m+fp/hard/libc_nano.a(lib_a-signal.o)
                0x0000000008001fd8                _init_signal_r
                0x0000000008002004                _signal_r
                0x000000000800204c                _raise_r
                0x00000000080020a0                __sigtramp_r
                0x0000000008002100                raise
                0x0000000008002158                signal
                0x00000000080021a8                _init_signal
                0x00000000080021dc                __sigtramp
 .text          0x0000000008002240       0x30 /usr/lib/gcc/arm-none-eabi/10.3.1/../../../arm-none-eabi/lib/thumb/v7e-m+fp/hard/libc_nano.a(lib_a-signalr.o)
                0x0000000008002240                _kill_r
                0x000000000800226c                _getpid_r
 .text          0x0000000008002270       0x90 /usr/lib/gcc/arm-none-eabi/10.3.1/../../../arm-none-eabi/lib/thumb/v7e-m+fp/hard/libc_nano.a(lib_a-stdio.o)
                0x0000000008002270                __sread
                0x0000000008002294                __seofread
                0x0000000008002298                __swrite
                0x00000000080022d8                __sseek
                0x00000000080022f8                __sclose
 .text          0x0000000008002300       0x2c /usr/lib/gcc/arm-none-eabi/10.3.1/../../../arm-none-eabi/lib/thumb/v7e-m+fp/hard/libc_nano.a(lib_a-writer.o)
                0x0000000008002300                _write_r
 .text          0x000000000800232c       0x24 /usr/lib/gcc/arm-none-eabi/10.3.1/../../../arm-none-eabi/lib/thumb/v7e-m+fp/hard/libc_nano.a(lib_a-closer.o)
                0x000000000800232c                _close_r
 .text          0x0000000008002350       0x2c /usr/lib/gcc/arm-none-eabi/10.3.1/../../../arm-none-eabi/lib/thumb/v7e-m+fp/hard/libc_nano.a(lib_a-fstatr.o)
                0x0000000008002350                _fstat_r
 .text          0x000000000800237c       0x24 /usr/lib/gcc/arm-none-eabi/10.3.1/../../../arm-none-eabi/lib/thumb/v7e-m+fp/hard/libc_nano.a(lib_a-isattyr.o)
                0x000000000800237c                _isatty_r
 .text          0x00000000080023a0       0x2c /usr/lib/gcc/arm-none-eabi/10.3.1/../../../arm-none-eabi/lib/thumb/v7e-m+fp/hard/libc_nano.a(lib_a-lseekr.o)
                0x00000000080023a0                _lseek_r
 .text          0x00000000080023cc        0x8 /usr/lib/gcc/arm-none-eabi/10.3.1/../../../arm-none-eabi/lib/thumb/v7e-m+fp/hard/libc_nano.a(lib_a-mlock.o)
                0x00000000080023cc                __malloc_lock
                0x00000000080023d0                __malloc_unlock
 .text          0x00000000080023d4       0x14 /usr/lib/gcc/arm-none-eabi/10.3.1/../../../arm-none-eabi/lib/thumb/v7e-m+fp/hard/libc_nano.a(lib_a-nano-msizer.o)
                0x00000000080023d4                _malloc_usable_size_r
 .text          0x00000000080023e8       0x2c /usr/lib/gcc/arm-none-eabi/10.3.1/../../../arm-none-eabi/lib/thumb/v7e-m+fp/hard/libc_nano.a(lib_a-readr.o)
                0x00000000080023e8                _read_r
 .text          0x0000000008002414      0x378 /usr/lib/gcc/arm-none-eabi/10.3.1/thumb/v7e-m+fp/hard/libgcc.a(_arm_addsubdf3.o)
                0x0000000008002414                __aeabi_drsub
                0x000000000800241c                __aeabi_dsub
                0x000000000800241c                __subdf3
                0x0000000008002420                __adddf3
                0x0000000008002420                __aeabi_dadd
                0x0000000008002698                __aeabi_ui2d
                0x0000000008002698                __floatunsidf
                0x00000000080026b8                __floatsidf
                0x00000000080026b8                __aeabi_i2d
                0x00000000080026dc                __extendsfdf2
                0x00000000080026dc                __aeabi_f2d
                0x0000000008002720                __aeabi_ul2d
                0x0000000008002720                __floatundidf
                0x0000000008002730                __floatdidf
                0x0000000008002730                __aeabi_l2d
 .text          0x000000000800278c      0x424 /usr/lib/gcc/arm-none-eabi/10.3.1/thumb/v7e-m+fp/hard/libgcc.a(_arm_muldivdf3.o)
                0x000000000800278c                __aeabi_dmul
                0x000000000800278c                __muldf3
                0x00000000080029e0                __aeabi_ddiv
                0x00000000080029e0                __divdf3
 .text          0x0000000008002bb0       0x30 /usr/lib/gcc/arm-none-eabi/10.3.1/thumb/v7e-m+fp/hard/libgcc.a(_fixdfdi.o)
                0x0000000008002bb0                __aeabi_d2lz
                0x0000000008002bb0                __fixdfdi
 .text          0x0000000008002be0       0x3c /usr/lib/gcc/arm-none-eabi/10.3.1/thumb/v7e-m+fp/hard/libgcc.a(_fixunsdfdi.o)
                0x0000000008002be0                __aeabi_d2ulz
                0x0000000008002be0                __fixunsdfdi
 .text          0x0000000008002c1c      0x110 /usr/lib/gcc/arm-none-eabi/10.3.1/thumb/v7e-m+fp/hard/libgcc.a(_arm_cmpdf2.o)
                0x0000000008002c1c                __gtdf2
                0x0000000008002c1c                __gedf2
                0x0000000008002c24                __ltdf2
                0x0000000008002c24                __ledf2
                0x0000000008002c2c                __cmpdf2
                0x0000000008002c2c                __eqdf2
                0x0000000008002c2c                __nedf2
                0x0000000008002ca8                __aeabi_cdrcmple
                0x0000000008002cb8                __aeabi_cdcmple
                0x0000000008002cb8                __aeabi_cdcmpeq
                0x0000000008002cc8                __aeabi_dcmpeq
                0x0000000008002cdc                __aeabi_dcmplt
                0x0000000008002cf0                __aeabi_dcmple
                0x0000000008002d04                __aeabi_dcmpge
                0x0000000008002d18                __aeabi_dcmpgt
 .text          0x0000000008002d2c       0x40 /usr/lib/gcc/arm-none-eabi/10.3.1/thumb/v7e-m+fp/hard/libgcc.a(_arm_fixunsdfsi.o)
                0x0000000008002d2c                __fixunsdfsi
                0x0000000008002d2c                __aeabi_d2uiz
 *(.text*)
 .text.get_sts_mnth
                0x0000000008002d6c       0x28 build/debug/deca_device.o
 .text.dwt_generatecrc8
                0x0000000008002d94       0x28 build/debug/deca_device.o
                0x0000000008002d94                dwt_generatecrc8
 .text.dwt_xfer3000
                0x0000000008002dbc      0x164 build/debug/deca_device.o
 .text.dwt_writetodevice
                0x0000000008002f20       0x12 build/debug/deca_device.o
                0x0000000008002f20                dwt_writetodevice
 .text.dwt_write32bitoffsetreg
                0x0000000008002f32       0x2a build/debug/deca_device.o
                0x0000000008002f32                dwt_write32bitoffsetreg
 .text.dwt_disable_rftx_blocks
                0x0000000008002f5c       0x14 build/debug/deca_device.o
 .text.dwt_disable_rf_tx
                0x0000000008002f70       0x34 build/debug/deca_device.o
 .text.dwt_write16bitoffsetreg
                0x0000000008002fa4       0x1e build/debug/deca_device.o
                0x0000000008002fa4                dwt_write16bitoffsetreg
 *fill*         0x0000000008002fc2        0x2 
 .text.dwt_force_clocks
                0x0000000008002fc4       0x30 build/debug/deca_device.o
 .text.dwt_write8bitoffsetreg
                0x0000000008002ff4       0x1a build/debug/deca_device.o
                0x0000000008002ff4                dwt_write8bitoffsetreg
 .text.dwt_readfromdevice
                0x000000000800300e       0x10 build/debug/deca_device.o
                0x000000000800300e                dwt_readfromdevice
 .text.dwt_read32bitoffsetreg
                0x000000000800301e       0x2e build/debug/deca_device.o
                0x000000000800301e                dwt_read32bitoffsetreg
 .text._dwt_otpread
                0x000000000800304c       0x3c build/debug/deca_device.o
 .text.dwt_read16bitoffsetreg
                0x0000000008003088       0x22 build/debug/deca_device.o
                0x0000000008003088                dwt_read16bitoffsetreg
 .text.dwt_read8bitoffsetreg
                0x00000000080030aa       0x1a build/debug/deca_device.o
                0x00000000080030aa                dwt_read8bitoffsetreg
 .text.dwt_modify32bitoffsetreg
                0x00000000080030c4       0x4e build/debug/deca_device.o
                0x00000000080030c4                dwt_modify32bitoffsetreg
 *fill*         0x0000000008003112        0x2 
 .text._dwt_kick_dgc_on_wakeup
                0x0000000008003114       0x34 build/debug/deca_device.o
 .text.dwt_enable_rf_tx
                0x0000000008003148       0x74 build/debug/deca_device.o
 .text.dwt_enable_rftx_blocks
                0x00000000080031bc       0x38 build/debug/deca_device.o
 .text.dwt_modify16bitoffsetreg
                0x00000000080031f4       0x2e build/debug/deca_device.o
                0x00000000080031f4                dwt_modify16bitoffsetreg
 *fill*         0x0000000008003222        0x2 
 .text._dwt_prog_ldo_and_bias_tune
                0x0000000008003224       0x34 build/debug/deca_device.o
 .text.dwt_modify8bitoffsetreg
                0x0000000008003258       0x22 build/debug/deca_device.o
                0x0000000008003258                dwt_modify8bitoffsetreg
 *fill*         0x000000000800327a        0x2 
 .text.dwt_setdwstate
                0x000000000800327c       0x84 build/debug/deca_device.o
                0x000000000800327c                dwt_setdwstate
 .text.dwt_readdevid
                0x0000000008003300        0xc build/debug/deca_device.o
                0x0000000008003300                dwt_readdevid
 .text.dwt_configurestskey
                0x000000000800330c       0x40 build/debug/deca_device.o
                0x000000000800330c                dwt_configurestskey
 .text.dwt_configurestsiv
                0x000000000800334c       0x40 build/debug/deca_device.o
                0x000000000800334c                dwt_configurestsiv
 .text.dwt_configurestsloadiv
                0x000000000800338c       0x14 build/debug/deca_device.o
                0x000000000800338c                dwt_configurestsloadiv
 .text.dwt_configmrxlut
                0x00000000080033a0       0xec build/debug/deca_device.o
                0x00000000080033a0                dwt_configmrxlut
 .text.dwt_run_pgfcal
                0x000000000800348c       0xb0 build/debug/deca_device.o
                0x000000000800348c                dwt_run_pgfcal
 .text.dwt_pgf_cal
                0x000000000800353c       0x48 build/debug/deca_device.o
                0x000000000800353c                dwt_pgf_cal
 .text.dwt_setrxantennadelay
                0x0000000008003584       0x10 build/debug/deca_device.o
                0x0000000008003584                dwt_setrxantennadelay
 .text.dwt_settxantennadelay
                0x0000000008003594       0x14 build/debug/deca_device.o
                0x0000000008003594                dwt_settxantennadelay
 .text.dwt_writetxdata
                0x00000000080035a8       0x58 build/debug/deca_device.o
                0x00000000080035a8                dwt_writetxdata
 .text.dwt_writetxfctrl
                0x0000000008003600       0x40 build/debug/deca_device.o
                0x0000000008003600                dwt_writetxfctrl
 .text.dwt_setplenfine
                0x0000000008003640        0xe build/debug/deca_device.o
                0x0000000008003640                dwt_setplenfine
 *fill*         0x000000000800364e        0x2 
 .text.dwt_configure
                0x0000000008003650      0x388 build/debug/deca_device.o
                0x0000000008003650                dwt_configure
 .text.dwt_readrxdata
                0x00000000080039d8       0x64 build/debug/deca_device.o
                0x00000000080039d8                dwt_readrxdata
 .text.dwt_readstsquality
                0x0000000008003a3c       0x34 build/debug/deca_device.o
                0x0000000008003a3c                dwt_readstsquality
 .text.dwt_readstsstatus
                0x0000000008003a70       0x74 build/debug/deca_device.o
                0x0000000008003a70                dwt_readstsstatus
 .text.dwt_readtxtimestamp
                0x0000000008003ae4       0x10 build/debug/deca_device.o
                0x0000000008003ae4                dwt_readtxtimestamp
 .text.dwt_readrxtimestamp
                0x0000000008003af4       0x40 build/debug/deca_device.o
                0x0000000008003af4                dwt_readrxtimestamp
 .text.dwt_configureframefilter
                0x0000000008003b34       0x38 build/debug/deca_device.o
                0x0000000008003b34                dwt_configureframefilter
 .text.dwt_setpanid
                0x0000000008003b6c        0xe build/debug/deca_device.o
                0x0000000008003b6c                dwt_setpanid
 .text.dwt_setaddress16
                0x0000000008003b7a        0xe build/debug/deca_device.o
                0x0000000008003b7a                dwt_setaddress16
 .text.dwt_check_dev_id
                0x0000000008003b88       0x24 build/debug/deca_device.o
                0x0000000008003b88                dwt_check_dev_id
 .text.dwt_initialise
                0x0000000008003bac      0x120 build/debug/deca_device.o
                0x0000000008003bac                dwt_initialise
 .text.dwt_setrxaftertxdelay
                0x0000000008003ccc       0x28 build/debug/deca_device.o
                0x0000000008003ccc                dwt_setrxaftertxdelay
 .text.dwt_checkidlerc
                0x0000000008003cf4       0x10 build/debug/deca_device.o
                0x0000000008003cf4                dwt_checkidlerc
 .text.dwt_setdelayedtrxtime
                0x0000000008003d04        0xe build/debug/deca_device.o
                0x0000000008003d04                dwt_setdelayedtrxtime
 *fill*         0x0000000008003d12        0x2 
 .text.dwt_starttx
                0x0000000008003d14      0x13c build/debug/deca_device.o
                0x0000000008003d14                dwt_starttx
 .text.dwt_rxenable
                0x0000000008003e50       0xa8 build/debug/deca_device.o
                0x0000000008003e50                dwt_rxenable
 .text.dwt_calcbandwidthadj
                0x0000000008003ef8       0x6c build/debug/deca_device.o
                0x0000000008003ef8                dwt_calcbandwidthadj
 .text.dwt_configuretxrf
                0x0000000008003f64       0x48 build/debug/deca_device.o
                0x0000000008003f64                dwt_configuretxrf
 .text.decamutexon
                0x0000000008003fac       0x14 build/debug/deca_mutex.o
                0x0000000008003fac                decamutexon
 .text.decamutexoff
                0x0000000008003fc0        0xc build/debug/deca_mutex.o
                0x0000000008003fc0                decamutexoff
 .text.deca_usleep
                0x0000000008003fcc        0x8 build/debug/deca_sleep.o
                0x0000000008003fcc                deca_usleep
 .text.writetospiwithcrc
                0x0000000008003fd4       0x6c build/debug/deca_spi.o
                0x0000000008003fd4                writetospiwithcrc
 .text.writetospi
                0x0000000008004040       0x64 build/debug/deca_spi.o
                0x0000000008004040                writetospi
 .text.readfromspi
                0x00000000080040a4       0x68 build/debug/deca_spi.o
                0x00000000080040a4                readfromspi
 .text.MX_DMA_Init
                0x000000000800410c       0x34 build/debug/dma.o
                0x000000000800410c                MX_DMA_Init
 .text.ds_twr_responder_sts
                0x0000000008004140      0x438 build/debug/ds_twr_responder_sts.o
                0x0000000008004140                ds_twr_responder_sts
 .text.build_examples
                0x0000000008004578       0x10 build/debug/example_info.o
                0x0000000008004578                build_examples
 .text.MX_GPIO_Init
                0x0000000008004588       0x98 build/debug/gpio.o
                0x0000000008004588                MX_GPIO_Init
 .text.test_run_info
                0x0000000008004620       0x2c build/debug/main.o
                0x0000000008004620                test_run_info
 .text.Send_Float_Over_UART
                0x000000000800464c       0x20 build/debug/main.o
                0x000000000800464c                Send_Float_Over_UART
 .text.Error_Handler
                0x000000000800466c        0x4 build/debug/main.o
                0x000000000800466c                Error_Handler
 .text.SystemClock_Config
                0x0000000008004670       0x82 build/debug/main.o
                0x0000000008004670                SystemClock_Config
 *fill*         0x00000000080046f2        0x2 
 .text.main     0x00000000080046f4       0x34 build/debug/main.o
                0x00000000080046f4                main
 .text.usleep   0x0000000008004728       0x38 build/debug/port.o
                0x0000000008004728                usleep
 .text.Sleep    0x0000000008004760       0x16 build/debug/port.o
                0x0000000008004760                Sleep
 .text.port_DisableEXT_IRQ
                0x0000000008004776        0xe build/debug/port.o
                0x0000000008004776                port_DisableEXT_IRQ
 .text.port_EnableEXT_IRQ
                0x0000000008004784        0xe build/debug/port.o
                0x0000000008004784                port_EnableEXT_IRQ
 *fill*         0x0000000008004792        0x2 
 .text.EXTI_GetITEnStatus
                0x0000000008004794       0x40 build/debug/port.o
                0x0000000008004794                EXTI_GetITEnStatus
 .text.port_GetEXT_IRQStatus
                0x00000000080047d4       0x10 build/debug/port.o
                0x00000000080047d4                port_GetEXT_IRQStatus
 .text.my_reset_DWIC
                0x00000000080047e4       0x38 build/debug/port.o
                0x00000000080047e4                my_reset_DWIC
 .text.__NVIC_EnableIRQ
                0x000000000800481c       0x1c build/debug/port.o
 .text.__NVIC_DisableIRQ
                0x0000000008004838       0x24 build/debug/port.o
 .text.check_for_status_errors
                0x000000000800485c       0xfe build/debug/shared_functions.o
                0x000000000800485c                check_for_status_errors
 *fill*         0x000000000800495a        0x2 
 .text.get_rx_delay_time_txpreamble
                0x000000000800495c       0x44 build/debug/shared_functions.o
                0x000000000800495c                get_rx_delay_time_txpreamble
 .text.get_rx_delay_time_data_rate
                0x00000000080049a0       0x14 build/debug/shared_functions.o
                0x00000000080049a0                get_rx_delay_time_data_rate
 .text.get_tx_timestamp_u64
                0x00000000080049b4       0x34 build/debug/shared_functions.o
                0x00000000080049b4                get_tx_timestamp_u64
 .text.get_rx_timestamp_u64
                0x00000000080049e8       0x34 build/debug/shared_functions.o
                0x00000000080049e8                get_rx_timestamp_u64
 .text.final_msg_get_ts
                0x0000000008004a1c       0x20 build/debug/shared_functions.o
                0x0000000008004a1c                final_msg_get_ts
 .text.MX_SPI1_Init
                0x0000000008004a3c       0x4c build/debug/spi.o
                0x0000000008004a3c                MX_SPI1_Init
 .text.HAL_SPI_MspInit
                0x0000000008004a88       0x68 build/debug/spi.o
                0x0000000008004a88                HAL_SPI_MspInit
 .text.HAL_InitTick
                0x0000000008004af0       0x4c build/debug/stm32f3xx_hal.o
                0x0000000008004af0                HAL_InitTick
 .text.HAL_Init
                0x0000000008004b3c       0x24 build/debug/stm32f3xx_hal.o
                0x0000000008004b3c                HAL_Init
 .text.HAL_IncTick
                0x0000000008004b60       0x18 build/debug/stm32f3xx_hal.o
                0x0000000008004b60                HAL_IncTick
 .text.HAL_GetTick
                0x0000000008004b78        0xc build/debug/stm32f3xx_hal.o
                0x0000000008004b78                HAL_GetTick
 .text.HAL_Delay
                0x0000000008004b84       0x28 build/debug/stm32f3xx_hal.o
                0x0000000008004b84                HAL_Delay
 .text.HAL_NVIC_SetPriorityGrouping
                0x0000000008004bac       0x24 build/debug/stm32f3xx_hal_cortex.o
                0x0000000008004bac                HAL_NVIC_SetPriorityGrouping
 .text.HAL_NVIC_SetPriority
                0x0000000008004bd0       0x70 build/debug/stm32f3xx_hal_cortex.o
                0x0000000008004bd0                HAL_NVIC_SetPriority
 .text.HAL_NVIC_EnableIRQ
                0x0000000008004c40       0x1c build/debug/stm32f3xx_hal_cortex.o
                0x0000000008004c40                HAL_NVIC_EnableIRQ
 .text.HAL_SYSTICK_Config
                0x0000000008004c5c       0x28 build/debug/stm32f3xx_hal_cortex.o
                0x0000000008004c5c                HAL_SYSTICK_Config
 .text.DMA_CalcBaseAndBitshift
                0x0000000008004c84       0x4c build/debug/stm32f3xx_hal_dma.o
 .text.HAL_DMA_Init
                0x0000000008004cd0       0x50 build/debug/stm32f3xx_hal_dma.o
                0x0000000008004cd0                HAL_DMA_Init
 .text.HAL_DMA_IRQHandler
                0x0000000008004d20       0xb4 build/debug/stm32f3xx_hal_dma.o
                0x0000000008004d20                HAL_DMA_IRQHandler
 .text.HAL_GPIO_Init
                0x0000000008004dd4      0x1c8 build/debug/stm32f3xx_hal_gpio.o
                0x0000000008004dd4                HAL_GPIO_Init
 .text.HAL_GPIO_WritePin
                0x0000000008004f9c        0xa build/debug/stm32f3xx_hal_gpio.o
                0x0000000008004f9c                HAL_GPIO_WritePin
 *fill*         0x0000000008004fa6        0x2 
 .text.HAL_MspInit
                0x0000000008004fa8       0x30 build/debug/stm32f3xx_hal_msp.o
                0x0000000008004fa8                HAL_MspInit
 .text.HAL_RCC_OscConfig
                0x0000000008004fd8      0x634 build/debug/stm32f3xx_hal_rcc.o
                0x0000000008004fd8                HAL_RCC_OscConfig
 .text.HAL_RCC_GetSysClockFreq
                0x000000000800560c       0x60 build/debug/stm32f3xx_hal_rcc.o
                0x000000000800560c                HAL_RCC_GetSysClockFreq
 .text.HAL_RCC_ClockConfig
                0x000000000800566c      0x1a8 build/debug/stm32f3xx_hal_rcc.o
                0x000000000800566c                HAL_RCC_ClockConfig
 .text.HAL_RCC_GetHCLKFreq
                0x0000000008005814        0xc build/debug/stm32f3xx_hal_rcc.o
                0x0000000008005814                HAL_RCC_GetHCLKFreq
 .text.HAL_RCC_GetPCLK1Freq
                0x0000000008005820       0x2c build/debug/stm32f3xx_hal_rcc.o
                0x0000000008005820                HAL_RCC_GetPCLK1Freq
 .text.HAL_RCC_GetPCLK2Freq
                0x000000000800584c       0x2c build/debug/stm32f3xx_hal_rcc.o
                0x000000000800584c                HAL_RCC_GetPCLK2Freq
 .text.HAL_RCCEx_PeriphCLKConfig
                0x0000000008005878      0x260 build/debug/stm32f3xx_hal_rcc_ex.o
                0x0000000008005878                HAL_RCCEx_PeriphCLKConfig
 .text.SPI_WaitFlagStateUntilTimeout
                0x0000000008005ad8       0xd4 build/debug/stm32f3xx_hal_spi.o
 .text.SPI_WaitFifoStateUntilTimeout
                0x0000000008005bac       0xf4 build/debug/stm32f3xx_hal_spi.o
 .text.SPI_EndRxTxTransaction
                0x0000000008005ca0       0x62 build/debug/stm32f3xx_hal_spi.o
 .text.SPI_EndRxTransaction
                0x0000000008005d02       0x82 build/debug/stm32f3xx_hal_spi.o
 .text.HAL_SPI_Init
                0x0000000008005d84       0xe8 build/debug/stm32f3xx_hal_spi.o
                0x0000000008005d84                HAL_SPI_Init
 .text.HAL_SPI_Transmit
                0x0000000008005e6c      0x1fe build/debug/stm32f3xx_hal_spi.o
                0x0000000008005e6c                HAL_SPI_Transmit
 .text.HAL_SPI_TransmitReceive
                0x000000000800606a      0x2ec build/debug/stm32f3xx_hal_spi.o
                0x000000000800606a                HAL_SPI_TransmitReceive
 .text.HAL_SPI_Receive
                0x0000000008006356      0x1a8 build/debug/stm32f3xx_hal_spi.o
                0x0000000008006356                HAL_SPI_Receive
 .text.HAL_SPI_GetState
                0x00000000080064fe        0x6 build/debug/stm32f3xx_hal_spi.o
                0x00000000080064fe                HAL_SPI_GetState
 .text.TIM_TI1_ConfigInputStage
                0x0000000008006504       0x26 build/debug/stm32f3xx_hal_tim.o
 .text.TIM_TI2_ConfigInputStage
                0x000000000800652a       0x28 build/debug/stm32f3xx_hal_tim.o
 .text.TIM_ITRx_SetConfig
                0x0000000008006552       0x10 build/debug/stm32f3xx_hal_tim.o
 *fill*         0x0000000008006562        0x2 
 .text.TIM_Base_SetConfig
                0x0000000008006564       0xc8 build/debug/stm32f3xx_hal_tim.o
                0x0000000008006564                TIM_Base_SetConfig
 .text.HAL_TIM_Base_Init
                0x000000000800662c       0x60 build/debug/stm32f3xx_hal_tim.o
                0x000000000800662c                HAL_TIM_Base_Init
 .text.TIM_ETR_SetConfig
                0x000000000800668c       0x1a build/debug/stm32f3xx_hal_tim.o
                0x000000000800668c                TIM_ETR_SetConfig
 *fill*         0x00000000080066a6        0x2 
 .text.HAL_TIM_ConfigClockSource
                0x00000000080066a8      0x100 build/debug/stm32f3xx_hal_tim.o
                0x00000000080066a8                HAL_TIM_ConfigClockSource
 .text.HAL_TIMEx_MasterConfigSynchronization
                0x00000000080067a8       0x90 build/debug/stm32f3xx_hal_tim_ex.o
                0x00000000080067a8                HAL_TIMEx_MasterConfigSynchronization
 .text.UART_EndRxTransfer
                0x0000000008006838       0x52 build/debug/stm32f3xx_hal_uart.o
 *fill*         0x000000000800688a        0x2 
 .text.UART_SetConfig
                0x000000000800688c      0x250 build/debug/stm32f3xx_hal_uart.o
                0x000000000800688c                UART_SetConfig
 .text.UART_AdvFeatureConfig
                0x0000000008006adc       0xca build/debug/stm32f3xx_hal_uart.o
                0x0000000008006adc                UART_AdvFeatureConfig
 .text.UART_WaitOnFlagUntilTimeout
                0x0000000008006ba6       0xa2 build/debug/stm32f3xx_hal_uart.o
                0x0000000008006ba6                UART_WaitOnFlagUntilTimeout
 .text.HAL_UART_Transmit
                0x0000000008006c48       0xc8 build/debug/stm32f3xx_hal_uart.o
                0x0000000008006c48                HAL_UART_Transmit
 .text.UART_CheckIdleState
                0x0000000008006d10       0xc6 build/debug/stm32f3xx_hal_uart.o
                0x0000000008006d10                UART_CheckIdleState
 .text.HAL_UART_Init
                0x0000000008006dd6       0x62 build/debug/stm32f3xx_hal_uart.o
                0x0000000008006dd6                HAL_UART_Init
 .text.NMI_Handler
                0x0000000008006e38        0x2 build/debug/stm32f3xx_it.o
                0x0000000008006e38                NMI_Handler
 .text.HardFault_Handler
                0x0000000008006e3a        0x2 build/debug/stm32f3xx_it.o
                0x0000000008006e3a                HardFault_Handler
 .text.MemManage_Handler
                0x0000000008006e3c        0x2 build/debug/stm32f3xx_it.o
                0x0000000008006e3c                MemManage_Handler
 .text.BusFault_Handler
                0x0000000008006e3e        0x2 build/debug/stm32f3xx_it.o
                0x0000000008006e3e                BusFault_Handler
 .text.UsageFault_Handler
                0x0000000008006e40        0x2 build/debug/stm32f3xx_it.o
                0x0000000008006e40                UsageFault_Handler
 .text.SVC_Handler
                0x0000000008006e42        0x2 build/debug/stm32f3xx_it.o
                0x0000000008006e42                SVC_Handler
 .text.DebugMon_Handler
                0x0000000008006e44        0x2 build/debug/stm32f3xx_it.o
                0x0000000008006e44                DebugMon_Handler
 .text.PendSV_Handler
                0x0000000008006e46        0x2 build/debug/stm32f3xx_it.o
                0x0000000008006e46                PendSV_Handler
 .text.SysTick_Handler
                0x0000000008006e48        0x8 build/debug/stm32f3xx_it.o
                0x0000000008006e48                SysTick_Handler
 .text.DMA1_Channel4_IRQHandler
                0x0000000008006e50       0x10 build/debug/stm32f3xx_it.o
                0x0000000008006e50                DMA1_Channel4_IRQHandler
 .text._getpid  0x0000000008006e60        0x4 build/debug/syscalls.o
                0x0000000008006e60                _getpid
 .text._kill    0x0000000008006e64       0x10 build/debug/syscalls.o
                0x0000000008006e64                _kill
 .text._exit    0x0000000008006e74        0xc build/debug/syscalls.o
                0x0000000008006e74                _exit
 .text._read    0x0000000008006e80       0x20 build/debug/syscalls.o
                0x0000000008006e80                _read
 .text._write   0x0000000008006ea0       0x1c build/debug/syscalls.o
                0x0000000008006ea0                _write
 .text._close   0x0000000008006ebc        0x6 build/debug/syscalls.o
                0x0000000008006ebc                _close
 .text._fstat   0x0000000008006ec2        0xa build/debug/syscalls.o
                0x0000000008006ec2                _fstat
 .text._isatty  0x0000000008006ecc        0x4 build/debug/syscalls.o
                0x0000000008006ecc                _isatty
 .text._lseek   0x0000000008006ed0        0x4 build/debug/syscalls.o
                0x0000000008006ed0                _lseek
 .text._sbrk    0x0000000008006ed4       0x48 build/debug/sysmem.o
                0x0000000008006ed4                _sbrk
 .text.SystemInit
                0x0000000008006f1c       0x14 build/debug/system_stm32f3xx.o
                0x0000000008006f1c                SystemInit
 .text.MX_TIM2_Init
                0x0000000008006f30       0x70 build/debug/tim.o
                0x0000000008006f30                MX_TIM2_Init
 .text.HAL_TIM_Base_MspInit
                0x0000000008006fa0       0x26 build/debug/tim.o
                0x0000000008006fa0                HAL_TIM_Base_MspInit
 *fill*         0x0000000008006fc6        0x2 
 .text.MX_USART1_UART_Init
                0x0000000008006fc8       0x38 build/debug/usart.o
                0x0000000008006fc8                MX_USART1_UART_Init
 .text.HAL_UART_MspInit
                0x0000000008007000       0x9c build/debug/usart.o
                0x0000000008007000                HAL_UART_MspInit
 .text.Reset_Handler
                0x000000000800709c       0x50 build/debug/startup_stm32f303xc.o
                0x000000000800709c                Reset_Handler
 .text.Default_Handler
                0x00000000080070ec        0x2 build/debug/startup_stm32f303xc.o
                0x00000000080070ec                RTC_Alarm_IRQHandler
                0x00000000080070ec                TIM8_TRG_COM_IRQHandler
                0x00000000080070ec                TIM8_CC_IRQHandler
                0x00000000080070ec                TIM1_CC_IRQHandler
                0x00000000080070ec                USB_HP_IRQHandler
                0x00000000080070ec                PVD_IRQHandler
                0x00000000080070ec                TAMP_STAMP_IRQHandler
                0x00000000080070ec                EXTI3_IRQHandler
                0x00000000080070ec                USB_HP_CAN_TX_IRQHandler
                0x00000000080070ec                EXTI0_IRQHandler
                0x00000000080070ec                I2C2_EV_IRQHandler
                0x00000000080070ec                FPU_IRQHandler
                0x00000000080070ec                TIM1_UP_TIM16_IRQHandler
                0x00000000080070ec                ADC1_2_IRQHandler
                0x00000000080070ec                SPI1_IRQHandler
                0x00000000080070ec                CAN_SCE_IRQHandler
                0x00000000080070ec                TIM6_DAC_IRQHandler
                0x00000000080070ec                TIM8_UP_IRQHandler
                0x00000000080070ec                DMA2_Channel2_IRQHandler
                0x00000000080070ec                USART3_IRQHandler
                0x00000000080070ec                DMA1_Channel7_IRQHandler
                0x00000000080070ec                UART5_IRQHandler
                0x00000000080070ec                ADC3_IRQHandler
                0x00000000080070ec                TIM4_IRQHandler
                0x00000000080070ec                CAN_RX1_IRQHandler
                0x00000000080070ec                DMA2_Channel1_IRQHandler
                0x00000000080070ec                I2C1_EV_IRQHandler
                0x00000000080070ec                DMA1_Channel6_IRQHandler
                0x00000000080070ec                UART4_IRQHandler
                0x00000000080070ec                DMA2_Channel4_IRQHandler
                0x00000000080070ec                TIM3_IRQHandler
                0x00000000080070ec                RCC_IRQHandler
                0x00000000080070ec                DMA1_Channel1_IRQHandler
                0x00000000080070ec                Default_Handler
                0x00000000080070ec                USBWakeUp_RMP_IRQHandler
                0x00000000080070ec                EXTI15_10_IRQHandler
                0x00000000080070ec                TIM7_IRQHandler
                0x00000000080070ec                EXTI9_5_IRQHandler
                0x00000000080070ec                RTC_WKUP_IRQHandler
                0x00000000080070ec                SPI2_IRQHandler
                0x00000000080070ec                USB_LP_CAN_RX0_IRQHandler
                0x00000000080070ec                DMA2_Channel5_IRQHandler
                0x00000000080070ec                DMA1_Channel5_IRQHandler
                0x00000000080070ec                USB_LP_IRQHandler
                0x00000000080070ec                EXTI4_IRQHandler
                0x00000000080070ec                TIM1_TRG_COM_TIM17_IRQHandler
                0x00000000080070ec                DMA1_Channel3_IRQHandler
                0x00000000080070ec                ADC4_IRQHandler
                0x00000000080070ec                WWDG_IRQHandler
                0x00000000080070ec                TIM2_IRQHandler
                0x00000000080070ec                COMP7_IRQHandler
                0x00000000080070ec                COMP1_2_3_IRQHandler
                0x00000000080070ec                EXTI1_IRQHandler
                0x00000000080070ec                USART2_IRQHandler
                0x00000000080070ec                COMP4_5_6_IRQHandler
                0x00000000080070ec                I2C2_ER_IRQHandler
                0x00000000080070ec                DMA1_Channel2_IRQHandler
                0x00000000080070ec                TIM8_BRK_IRQHandler
                0x00000000080070ec                FLASH_IRQHandler
                0x00000000080070ec                USART1_IRQHandler
                0x00000000080070ec                SPI3_IRQHandler
                0x00000000080070ec                I2C1_ER_IRQHandler
                0x00000000080070ec                USBWakeUp_IRQHandler
                0x00000000080070ec                DMA2_Channel3_IRQHandler
                0x00000000080070ec                EXTI2_TSC_IRQHandler
                0x00000000080070ec                TIM1_BRK_TIM15_IRQHandler
 *(.glue_7)
 .glue_7        0x00000000080070ee        0x0 linker stubs
 *(.glue_7t)
 .glue_7t       0x00000000080070ee        0x0 linker stubs
 *(.eh_frame)
 *fill*         0x00000000080070ee        0x2 
 .eh_frame      0x00000000080070f0        0x0 /usr/lib/gcc/arm-none-eabi/10.3.1/thumb/v7e-m+fp/hard/crtbegin.o
 *(.init)
 .init          0x00000000080070f0        0x4 /usr/lib/gcc/arm-none-eabi/10.3.1/thumb/v7e-m+fp/hard/crti.o
                0x00000000080070f0                _init
 .init          0x00000000080070f4        0x8 /usr/lib/gcc/arm-none-eabi/10.3.1/thumb/v7e-m+fp/hard/crtn.o
 *(.fini)
 .fini          0x00000000080070fc        0x4 /usr/lib/gcc/arm-none-eabi/10.3.1/thumb/v7e-m+fp/hard/crti.o
                0x00000000080070fc                _fini
 .fini          0x0000000008007100        0x8 /usr/lib/gcc/arm-none-eabi/10.3.1/thumb/v7e-m+fp/hard/crtn.o
                0x0000000008007108                . = ALIGN (0x4)
                0x0000000008007108                _etext = .

.vfp11_veneer   0x0000000008007108        0x0
 .vfp11_veneer  0x0000000008007108        0x0 linker stubs

.v4_bx          0x0000000008007108        0x0
 .v4_bx         0x0000000008007108        0x0 linker stubs

.iplt           0x0000000008007108        0x0
 .iplt          0x0000000008007108        0x0 /usr/lib/gcc/arm-none-eabi/10.3.1/thumb/v7e-m+fp/hard/crtbegin.o

.rodata         0x0000000008007108      0x26c
                0x0000000008007108                . = ALIGN (0x4)
 *(.rodata)
 .rodata        0x0000000008007108        0x4 /usr/lib/gcc/arm-none-eabi/10.3.1/../../../arm-none-eabi/lib/thumb/v7e-m+fp/hard/libc_nano.a(lib_a-impure.o)
                0x0000000008007108                _global_impure_ptr
 .rodata        0x000000000800710c       0x60 /usr/lib/gcc/arm-none-eabi/10.3.1/../../../arm-none-eabi/lib/thumb/v7e-m+fp/hard/libc_nano.a(lib_a-findfp.o)
                0x000000000800710c                __sf_fake_stderr
                0x000000000800712c                __sf_fake_stdout
                0x000000000800714c                __sf_fake_stdin
 *(.rodata*)
 .rodata.dwt_xfer3000.str1.4
                0x000000000800716c       0xda build/debug/deca_device.o
 *fill*         0x0000000008007246        0x2 
 .rodata.__func__.1
                0x0000000008007248        0xd build/debug/deca_device.o
 *fill*         0x0000000008007255        0x3 
 .rodata.sts_length_factors
                0x0000000008007258        0xe build/debug/deca_device.o
                0x0000000008007258                sts_length_factors
 *fill*         0x0000000008007266        0x2 
 .rodata.ds_twr_responder_sts.str1.4
                0x0000000008007268       0x52 build/debug/ds_twr_responder_sts.o
 *fill*         0x00000000080072ba        0x2 
 .rodata.test_run_info.str1.4
                0x00000000080072bc        0x3 build/debug/main.o
 *fill*         0x00000000080072bf        0x1 
 .rodata.aPLLMULFactorTable
                0x00000000080072c0       0x10 build/debug/stm32f3xx_hal_rcc.o
 .rodata.aPredivFactorTable
                0x00000000080072d0       0x10 build/debug/stm32f3xx_hal_rcc.o
 .rodata.AHBPrescTable
                0x00000000080072e0       0x10 build/debug/system_stm32f3xx.o
                0x00000000080072e0                AHBPrescTable
 .rodata.APBPrescTable
                0x00000000080072f0        0x8 build/debug/system_stm32f3xx.o
                0x00000000080072f0                APBPrescTable
 .rodata.str1.4
                0x00000000080072f8       0x3f /usr/lib/gcc/arm-none-eabi/10.3.1/../../../arm-none-eabi/lib/thumb/v7e-m+fp/hard/libc_nano.a(lib_a-assert.o)
                                         0x43 (size before relaxing)
 *fill*         0x0000000008007337        0x1 
 .rodata.str1.4
                0x0000000008007338       0x13 /usr/lib/gcc/arm-none-eabi/10.3.1/../../../arm-none-eabi/lib/thumb/v7e-m+fp/hard/libc_nano.a(lib_a-nano-vfprintf.o)
 *fill*         0x000000000800734b        0x1 
 .rodata.str1.4
                0x000000000800734c       0x25 /usr/lib/gcc/arm-none-eabi/10.3.1/../../../arm-none-eabi/lib/thumb/v7e-m+fp/hard/libc_nano.a(lib_a-nano-vfprintf_i.o)
 .rodata.str1.4
                0x0000000008007371       0x13 /usr/lib/gcc/arm-none-eabi/10.3.1/../../../arm-none-eabi/lib/thumb/v7e-m+fp/hard/libc_nano.a(lib_a-nano-svfprintf.o)
                0x0000000008007384                . = ALIGN (0x4)
 *fill*         0x0000000008007371        0x3 

.ARM.extab      0x0000000008007374        0x0
                0x0000000008007374                . = ALIGN (0x4)
 *(.ARM.extab* .gnu.linkonce.armextab.*)
                0x0000000008007374                . = ALIGN (0x4)

.ARM            0x0000000008007374        0x0
                0x0000000008007374                . = ALIGN (0x4)
                0x0000000008007374                __exidx_start = .
 *(.ARM.exidx*)
                0x0000000008007374                __exidx_end = .
                0x0000000008007374                . = ALIGN (0x4)

.preinit_array  0x0000000008007374        0x0
                0x0000000008007374                . = ALIGN (0x4)
                0x0000000008007374                PROVIDE (__preinit_array_start = .)
 *(.preinit_array*)
                0x0000000008007374                PROVIDE (__preinit_array_end = .)
                0x0000000008007374                . = ALIGN (0x4)

.init_array     0x0000000008007374        0x4
                0x0000000008007374                . = ALIGN (0x4)
                0x0000000008007374                PROVIDE (__init_array_start = .)
 *(SORT_BY_NAME(.init_array.*))
 *(.init_array*)
 .init_array    0x0000000008007374        0x4 /usr/lib/gcc/arm-none-eabi/10.3.1/thumb/v7e-m+fp/hard/crtbegin.o
                0x0000000008007378                PROVIDE (__init_array_end = .)
                0x0000000008007378                . = ALIGN (0x4)

.fini_array     0x0000000008007378        0x4
                0x0000000008007378                . = ALIGN (0x4)
                0x0000000008007378                PROVIDE (__fini_array_start = .)
 *(SORT_BY_NAME(.fini_array.*))
 *(.fini_array*)
 .fini_array    0x0000000008007378        0x4 /usr/lib/gcc/arm-none-eabi/10.3.1/thumb/v7e-m+fp/hard/crtbegin.o
                0x000000000800737c                PROVIDE (__fini_array_end = .)
                0x000000000800737c                . = ALIGN (0x4)
                0x000000000800737c                _sidata = LOADADDR (.data)

.rel.dyn        0x000000000800737c        0x0
 .rel.iplt      0x000000000800737c        0x0 /usr/lib/gcc/arm-none-eabi/10.3.1/thumb/v7e-m+fp/hard/crtbegin.o

.data           0x0000000020000000      0x100 load address 0x000000000800737c
                0x0000000020000000                . = ALIGN (0x4)
                0x0000000020000000                _sdata = .
 *(.data)
 .data          0x0000000020000000       0x64 /usr/lib/gcc/arm-none-eabi/10.3.1/../../../arm-none-eabi/lib/thumb/v7e-m+fp/hard/libc_nano.a(lib_a-impure.o)
                0x0000000020000000                _impure_ptr
 *(.data*)
 .data.config_options
                0x0000000020000064       0x10 build/debug/config_options.o
                0x0000000020000064                config_options
 .data.txconfig_options
                0x0000000020000074        0xc build/debug/config_options.o
                0x0000000020000074                txconfig_options
 .data.txconfig_options_ch9
                0x0000000020000080        0xc build/debug/config_options.o
                0x0000000020000080                txconfig_options_ch9
 .data.pdw3000local
                0x000000002000008c        0x4 build/debug/deca_device.o
 .data.cp_iv    0x0000000020000090       0x10 build/debug/ds_twr_responder_sts.o
 .data.cp_key   0x00000000200000a0       0x10 build/debug/ds_twr_responder_sts.o
 .data.rx_final_msg
                0x00000000200000b0       0x18 build/debug/ds_twr_responder_sts.o
 .data.rx_poll_msg
                0x00000000200000c8        0xc build/debug/ds_twr_responder_sts.o
 .data.tx_dist_to_PC
                0x00000000200000d4       0x12 build/debug/ds_twr_responder_sts.o
 *fill*         0x00000000200000e6        0x2 
 .data.tx_resp_msg
                0x00000000200000e8        0xc build/debug/ds_twr_responder_sts.o
 .data.uwTickFreq
                0x00000000200000f4        0x1 build/debug/stm32f3xx_hal.o
                0x00000000200000f4                uwTickFreq
 *fill*         0x00000000200000f5        0x3 
 .data.uwTickPrio
                0x00000000200000f8        0x4 build/debug/stm32f3xx_hal.o
                0x00000000200000f8                uwTickPrio
 .data.SystemCoreClock
                0x00000000200000fc        0x4 build/debug/system_stm32f3xx.o
                0x00000000200000fc                SystemCoreClock
 *(.RamFunc)
 *(.RamFunc*)
                0x0000000020000100                . = ALIGN (0x4)
                0x0000000020000100                _edata = .
                0x000000000800747c                _siccmram = LOADADDR (.ccmram)

.tm_clone_table
                0x0000000020000100        0x0 load address 0x000000000800747c
 .tm_clone_table
                0x0000000020000100        0x0 /usr/lib/gcc/arm-none-eabi/10.3.1/thumb/v7e-m+fp/hard/crtbegin.o
 .tm_clone_table
                0x0000000020000100        0x0 /usr/lib/gcc/arm-none-eabi/10.3.1/thumb/v7e-m+fp/hard/crtend.o

.igot.plt       0x0000000020000100        0x0 load address 0x000000000800747c
 .igot.plt      0x0000000020000100        0x0 /usr/lib/gcc/arm-none-eabi/10.3.1/thumb/v7e-m+fp/hard/crtbegin.o

.ccmram         0x0000000010000000        0x0 load address 0x000000000800747c
                0x0000000010000000                . = ALIGN (0x4)
                0x0000000010000000                _sccmram = .
 *(.ccmram)
 *(.ccmram*)
                0x0000000010000000                . = ALIGN (0x4)
                0x0000000010000000                _eccmram = .
                0x0000000010000000                . = ALIGN (0x4)

.bss            0x0000000020000100      0x39c
                0x0000000020000100                _sbss = .
                0x0000000020000100                __bss_start__ = _sbss
 *(.bss)
 .bss           0x0000000020000100       0x1c /usr/lib/gcc/arm-none-eabi/10.3.1/thumb/v7e-m+fp/hard/crtbegin.o
 .bss           0x000000002000011c        0x8 /usr/lib/gcc/arm-none-eabi/10.3.1/../../../arm-none-eabi/lib/thumb/v7e-m+fp/hard/libc_nano.a(lib_a-nano-mallocr.o)
                0x000000002000011c                __malloc_free_list
                0x0000000020000120                __malloc_sbrk_start
 .bss           0x0000000020000124        0x4 /usr/lib/gcc/arm-none-eabi/10.3.1/../../../arm-none-eabi/lib/thumb/v7e-m+fp/hard/libc_nano.a(lib_a-reent.o)
                0x0000000020000124                errno
 *(.bss*)
 .bss.dist_str  0x0000000020000128       0x10 build/debug/config_options.o
                0x0000000020000128                dist_str
 .bss.DW3000local
                0x0000000020000138       0x40 build/debug/deca_device.o
 .bss.crcTable  0x0000000020000178      0x100 build/debug/deca_device.o
 .bss.dist_str_to_PC
                0x0000000020000278       0x10 build/debug/ds_twr_responder_sts.o
                0x0000000020000278                dist_str_to_PC
 .bss.errors    0x0000000020000288       0x5c build/debug/ds_twr_responder_sts.o
 .bss.frame_seq_nb
                0x00000000200002e4        0x1 build/debug/ds_twr_responder_sts.o
 *fill*         0x00000000200002e5        0x3 
 .bss.poll_rx_ts
                0x00000000200002e8        0x8 build/debug/ds_twr_responder_sts.o
 .bss.resp_tx_ts
                0x00000000200002f0        0x8 build/debug/ds_twr_responder_sts.o
 .bss.rx_buffer
                0x00000000200002f8       0x18 build/debug/ds_twr_responder_sts.o
 .bss.status_reg
                0x0000000020000310        0x4 build/debug/ds_twr_responder_sts.o
 .bss.example_pointer
                0x0000000020000314        0x4 build/debug/example_info.o
                0x0000000020000314                example_pointer
 .bss.hspi1     0x0000000020000318       0x64 build/debug/spi.o
                0x0000000020000318                hspi1
 .bss.uwTick    0x000000002000037c        0x4 build/debug/stm32f3xx_hal.o
                0x000000002000037c                uwTick
 .bss.__sbrk_heap_end
                0x0000000020000380        0x4 build/debug/sysmem.o
 .bss.htim2     0x0000000020000384       0x4c build/debug/tim.o
                0x0000000020000384                htim2
 .bss.hdma_usart1_tx
                0x00000000200003d0       0x44 build/debug/usart.o
                0x00000000200003d0                hdma_usart1_tx
 .bss.huart1    0x0000000020000414       0x88 build/debug/usart.o
                0x0000000020000414                huart1
 *(COMMON)
                0x000000002000049c                . = ALIGN (0x4)
                0x000000002000049c                _ebss = .
                0x000000002000049c                __bss_end__ = _ebss

._user_heap_stack
                0x000000002000049c      0x604
                0x00000000200004a0                . = ALIGN (0x8)
 *fill*         0x000000002000049c        0x4 
                [!provide]                        PROVIDE (end = .)
                0x00000000200004a0                PROVIDE (_end = .)
                0x00000000200006a0                . = (. + _Min_Heap_Size)
 *fill*         0x00000000200004a0      0x200 
                0x0000000020000aa0                . = (. + _Min_Stack_Size)
 *fill*         0x00000000200006a0      0x400 
                0x0000000020000aa0                . = ALIGN (0x8)

/DISCARD/
 libc.a(*)
 libm.a(*)
 libgcc.a(*)
OUTPUT(build/debug/DW_resp4.elf elf32-littlearm)
LOAD linker stubs
LOAD /usr/lib/gcc/arm-none-eabi/10.3.1/../../../arm-none-eabi/lib/thumb/v7e-m+fp/hard/libc.a
LOAD /usr/lib/gcc/arm-none-eabi/10.3.1/../../../arm-none-eabi/lib/thumb/v7e-m+fp/hard/libm.a
LOAD /usr/lib/gcc/arm-none-eabi/10.3.1/thumb/v7e-m+fp/hard/libgcc.a

.ARM.attributes
                0x0000000000000000       0x30
 .ARM.attributes
                0x0000000000000000       0x1e /usr/lib/gcc/arm-none-eabi/10.3.1/thumb/v7e-m+fp/hard/crti.o
 .ARM.attributes
                0x000000000000001e       0x34 /usr/lib/gcc/arm-none-eabi/10.3.1/thumb/v7e-m+fp/hard/crtbegin.o
 .ARM.attributes
                0x0000000000000052       0x39 build/debug/config_options.o
 .ARM.attributes
                0x000000000000008b       0x34 build/debug/deca_device.o
 .ARM.attributes
                0x00000000000000bf       0x34 build/debug/deca_mutex.o
 .ARM.attributes
                0x00000000000000f3       0x34 build/debug/deca_sleep.o
 .ARM.attributes
                0x0000000000000127       0x34 build/debug/deca_spi.o
 .ARM.attributes
                0x000000000000015b       0x34 build/debug/dma.o
 .ARM.attributes
                0x000000000000018f       0x34 build/debug/ds_twr_responder_sts.o
 .ARM.attributes
                0x00000000000001c3       0x34 build/debug/example_info.o
 .ARM.attributes
                0x00000000000001f7       0x34 build/debug/gpio.o
 .ARM.attributes
                0x000000000000022b       0x34 build/debug/main.o
 .ARM.attributes
                0x000000000000025f       0x34 build/debug/port.o
 .ARM.attributes
                0x0000000000000293       0x34 build/debug/shared_functions.o
 .ARM.attributes
                0x00000000000002c7       0x34 build/debug/spi.o
 .ARM.attributes
                0x00000000000002fb       0x34 build/debug/stm32f3xx_hal.o
 .ARM.attributes
                0x000000000000032f       0x34 build/debug/stm32f3xx_hal_cortex.o
 .ARM.attributes
                0x0000000000000363       0x34 build/debug/stm32f3xx_hal_dma.o
 .ARM.attributes
                0x0000000000000397       0x34 build/debug/stm32f3xx_hal_gpio.o
 .ARM.attributes
                0x00000000000003cb       0x34 build/debug/stm32f3xx_hal_msp.o
 .ARM.attributes
                0x00000000000003ff       0x34 build/debug/stm32f3xx_hal_rcc.o
 .ARM.attributes
                0x0000000000000433       0x34 build/debug/stm32f3xx_hal_rcc_ex.o
 .ARM.attributes
                0x0000000000000467       0x34 build/debug/stm32f3xx_hal_spi.o
 .ARM.attributes
                0x000000000000049b       0x34 build/debug/stm32f3xx_hal_tim.o
 .ARM.attributes
                0x00000000000004cf       0x34 build/debug/stm32f3xx_hal_tim_ex.o
 .ARM.attributes
                0x0000000000000503       0x34 build/debug/stm32f3xx_hal_uart.o
 .ARM.attributes
                0x0000000000000537       0x34 build/debug/stm32f3xx_it.o
 .ARM.attributes
                0x000000000000056b       0x34 build/debug/syscalls.o
 .ARM.attributes
                0x000000000000059f       0x34 build/debug/sysmem.o
 .ARM.attributes
                0x00000000000005d3       0x34 build/debug/system_stm32f3xx.o
 .ARM.attributes
                0x0000000000000607       0x34 build/debug/tim.o
 .ARM.attributes
                0x000000000000063b       0x34 build/debug/usart.o
 .ARM.attributes
                0x000000000000066f       0x21 build/debug/startup_stm32f303xc.o
 .ARM.attributes
                0x0000000000000690       0x34 /usr/lib/gcc/arm-none-eabi/10.3.1/../../../arm-none-eabi/lib/thumb/v7e-m+fp/hard/libc_nano.a(lib_a-assert.o)
 .ARM.attributes
                0x00000000000006c4       0x34 /usr/lib/gcc/arm-none-eabi/10.3.1/../../../arm-none-eabi/lib/thumb/v7e-m+fp/hard/libc_nano.a(lib_a-errno.o)
 .ARM.attributes
                0x00000000000006f8       0x34 /usr/lib/gcc/arm-none-eabi/10.3.1/../../../arm-none-eabi/lib/thumb/v7e-m+fp/hard/libc_nano.a(lib_a-fprintf.o)
 .ARM.attributes
                0x000000000000072c       0x32 /usr/lib/gcc/arm-none-eabi/10.3.1/../../../arm-none-eabi/lib/thumb/v7e-m+fp/hard/libc_nano.a(lib_a-impure.o)
 .ARM.attributes
                0x000000000000075e       0x34 /usr/lib/gcc/arm-none-eabi/10.3.1/../../../arm-none-eabi/lib/thumb/v7e-m+fp/hard/libc_nano.a(lib_a-init.o)
 .ARM.attributes
                0x0000000000000792       0x34 /usr/lib/gcc/arm-none-eabi/10.3.1/../../../arm-none-eabi/lib/thumb/v7e-m+fp/hard/libc_nano.a(lib_a-memcmp.o)
 .ARM.attributes
                0x00000000000007c6       0x34 /usr/lib/gcc/arm-none-eabi/10.3.1/../../../arm-none-eabi/lib/thumb/v7e-m+fp/hard/libc_nano.a(lib_a-memset.o)
 .ARM.attributes
                0x00000000000007fa       0x34 /usr/lib/gcc/arm-none-eabi/10.3.1/../../../arm-none-eabi/lib/thumb/v7e-m+fp/hard/libc_nano.a(lib_a-nano-vfprintf.o)
 .ARM.attributes
                0x000000000000082e       0x34 /usr/lib/gcc/arm-none-eabi/10.3.1/../../../arm-none-eabi/lib/thumb/v7e-m+fp/hard/libc_nano.a(lib_a-nano-vfprintf_i.o)
 .ARM.attributes
                0x0000000000000862       0x34 /usr/lib/gcc/arm-none-eabi/10.3.1/../../../arm-none-eabi/lib/thumb/v7e-m+fp/hard/libc_nano.a(lib_a-sprintf.o)
 .ARM.attributes
                0x0000000000000896       0x1c /usr/lib/gcc/arm-none-eabi/10.3.1/../../../arm-none-eabi/lib/thumb/v7e-m+fp/hard/libc_nano.a(lib_a-strlen.o)
 .ARM.attributes
                0x00000000000008b2       0x34 /usr/lib/gcc/arm-none-eabi/10.3.1/../../../arm-none-eabi/lib/thumb/v7e-m+fp/hard/libc_nano.a(lib_a-wbuf.o)
 .ARM.attributes
                0x00000000000008e6       0x34 /usr/lib/gcc/arm-none-eabi/10.3.1/../../../arm-none-eabi/lib/thumb/v7e-m+fp/hard/libc_nano.a(lib_a-wsetup.o)
 .ARM.attributes
                0x000000000000091a       0x34 /usr/lib/gcc/arm-none-eabi/10.3.1/../../../arm-none-eabi/lib/thumb/v7e-m+fp/hard/libc_nano.a(lib_a-abort.o)
 .ARM.attributes
                0x000000000000094e       0x34 /usr/lib/gcc/arm-none-eabi/10.3.1/../../../arm-none-eabi/lib/thumb/v7e-m+fp/hard/libc_nano.a(lib_a-fflush.o)
 .ARM.attributes
                0x0000000000000982       0x34 /usr/lib/gcc/arm-none-eabi/10.3.1/../../../arm-none-eabi/lib/thumb/v7e-m+fp/hard/libc_nano.a(lib_a-findfp.o)
 .ARM.attributes
                0x00000000000009b6       0x34 /usr/lib/gcc/arm-none-eabi/10.3.1/../../../arm-none-eabi/lib/thumb/v7e-m+fp/hard/libc_nano.a(lib_a-fvwrite.o)
 .ARM.attributes
                0x00000000000009ea       0x34 /usr/lib/gcc/arm-none-eabi/10.3.1/../../../arm-none-eabi/lib/thumb/v7e-m+fp/hard/libc_nano.a(lib_a-fwalk.o)
 .ARM.attributes
                0x0000000000000a1e       0x34 /usr/lib/gcc/arm-none-eabi/10.3.1/../../../arm-none-eabi/lib/thumb/v7e-m+fp/hard/libc_nano.a(lib_a-makebuf.o)
 .ARM.attributes
                0x0000000000000a52       0x1c /usr/lib/gcc/arm-none-eabi/10.3.1/../../../arm-none-eabi/lib/thumb/v7e-m+fp/hard/libc_nano.a(lib_a-memchr.o)
 .ARM.attributes
                0x0000000000000a6e       0x1c /usr/lib/gcc/arm-none-eabi/10.3.1/../../../arm-none-eabi/lib/thumb/v7e-m+fp/hard/libc_nano.a(lib_a-memcpy.o)
 .ARM.attributes
                0x0000000000000a8a       0x34 /usr/lib/gcc/arm-none-eabi/10.3.1/../../../arm-none-eabi/lib/thumb/v7e-m+fp/hard/libc_nano.a(lib_a-memmove.o)
 .ARM.attributes
                0x0000000000000abe       0x34 /usr/lib/gcc/arm-none-eabi/10.3.1/../../../arm-none-eabi/lib/thumb/v7e-m+fp/hard/libc_nano.a(lib_a-nano-freer.o)
 .ARM.attributes
                0x0000000000000af2       0x34 /usr/lib/gcc/arm-none-eabi/10.3.1/../../../arm-none-eabi/lib/thumb/v7e-m+fp/hard/libc_nano.a(lib_a-nano-mallocr.o)
 .ARM.attributes
                0x0000000000000b26       0x34 /usr/lib/gcc/arm-none-eabi/10.3.1/../../../arm-none-eabi/lib/thumb/v7e-m+fp/hard/libc_nano.a(lib_a-nano-reallocr.o)
 .ARM.attributes
                0x0000000000000b5a       0x34 /usr/lib/gcc/arm-none-eabi/10.3.1/../../../arm-none-eabi/lib/thumb/v7e-m+fp/hard/libc_nano.a(lib_a-nano-svfprintf.o)
 .ARM.attributes
                0x0000000000000b8e       0x34 /usr/lib/gcc/arm-none-eabi/10.3.1/../../../arm-none-eabi/lib/thumb/v7e-m+fp/hard/libc_nano.a(lib_a-sbrkr.o)
 .ARM.attributes
                0x0000000000000bc2       0x34 /usr/lib/gcc/arm-none-eabi/10.3.1/../../../arm-none-eabi/lib/thumb/v7e-m+fp/hard/libc_nano.a(lib_a-signal.o)
 .ARM.attributes
                0x0000000000000bf6       0x34 /usr/lib/gcc/arm-none-eabi/10.3.1/../../../arm-none-eabi/lib/thumb/v7e-m+fp/hard/libc_nano.a(lib_a-signalr.o)
 .ARM.attributes
                0x0000000000000c2a       0x34 /usr/lib/gcc/arm-none-eabi/10.3.1/../../../arm-none-eabi/lib/thumb/v7e-m+fp/hard/libc_nano.a(lib_a-stdio.o)
 .ARM.attributes
                0x0000000000000c5e       0x34 /usr/lib/gcc/arm-none-eabi/10.3.1/../../../arm-none-eabi/lib/thumb/v7e-m+fp/hard/libc_nano.a(lib_a-writer.o)
 .ARM.attributes
                0x0000000000000c92       0x34 /usr/lib/gcc/arm-none-eabi/10.3.1/../../../arm-none-eabi/lib/thumb/v7e-m+fp/hard/libc_nano.a(lib_a-closer.o)
 .ARM.attributes
                0x0000000000000cc6       0x34 /usr/lib/gcc/arm-none-eabi/10.3.1/../../../arm-none-eabi/lib/thumb/v7e-m+fp/hard/libc_nano.a(lib_a-fstatr.o)
 .ARM.attributes
                0x0000000000000cfa       0x34 /usr/lib/gcc/arm-none-eabi/10.3.1/../../../arm-none-eabi/lib/thumb/v7e-m+fp/hard/libc_nano.a(lib_a-isattyr.o)
 .ARM.attributes
                0x0000000000000d2e       0x34 /usr/lib/gcc/arm-none-eabi/10.3.1/../../../arm-none-eabi/lib/thumb/v7e-m+fp/hard/libc_nano.a(lib_a-lseekr.o)
 .ARM.attributes
                0x0000000000000d62       0x34 /usr/lib/gcc/arm-none-eabi/10.3.1/../../../arm-none-eabi/lib/thumb/v7e-m+fp/hard/libc_nano.a(lib_a-mlock.o)
 .ARM.attributes
                0x0000000000000d96       0x34 /usr/lib/gcc/arm-none-eabi/10.3.1/../../../arm-none-eabi/lib/thumb/v7e-m+fp/hard/libc_nano.a(lib_a-nano-msizer.o)
 .ARM.attributes
                0x0000000000000dca       0x34 /usr/lib/gcc/arm-none-eabi/10.3.1/../../../arm-none-eabi/lib/thumb/v7e-m+fp/hard/libc_nano.a(lib_a-readr.o)
 .ARM.attributes
                0x0000000000000dfe       0x34 /usr/lib/gcc/arm-none-eabi/10.3.1/../../../arm-none-eabi/lib/thumb/v7e-m+fp/hard/libc_nano.a(lib_a-reent.o)
 .ARM.attributes
                0x0000000000000e32       0x1e /usr/lib/gcc/arm-none-eabi/10.3.1/thumb/v7e-m+fp/hard/libgcc.a(_arm_addsubdf3.o)
 .ARM.attributes
                0x0000000000000e50       0x1e /usr/lib/gcc/arm-none-eabi/10.3.1/thumb/v7e-m+fp/hard/libgcc.a(_arm_muldivdf3.o)
 .ARM.attributes
                0x0000000000000e6e       0x34 /usr/lib/gcc/arm-none-eabi/10.3.1/thumb/v7e-m+fp/hard/libgcc.a(_fixdfdi.o)
 .ARM.attributes
                0x0000000000000ea2       0x34 /usr/lib/gcc/arm-none-eabi/10.3.1/thumb/v7e-m+fp/hard/libgcc.a(_fixunsdfdi.o)
 .ARM.attributes
                0x0000000000000ed6       0x1e /usr/lib/gcc/arm-none-eabi/10.3.1/thumb/v7e-m+fp/hard/libgcc.a(_arm_cmpdf2.o)
 .ARM.attributes
                0x0000000000000ef4       0x1e /usr/lib/gcc/arm-none-eabi/10.3.1/thumb/v7e-m+fp/hard/libgcc.a(_arm_fixunsdfsi.o)
 .ARM.attributes
                0x0000000000000f12       0x32 /usr/lib/gcc/arm-none-eabi/10.3.1/thumb/v7e-m+fp/hard/crtend.o
 .ARM.attributes
                0x0000000000000f44       0x1e /usr/lib/gcc/arm-none-eabi/10.3.1/thumb/v7e-m+fp/hard/crtn.o

.comment        0x0000000000000000       0x33
 .comment       0x0000000000000000       0x33 /usr/lib/gcc/arm-none-eabi/10.3.1/thumb/v7e-m+fp/hard/crtbegin.o
                                         0x34 (size before relaxing)
 .comment       0x0000000000000033       0x34 build/debug/config_options.o
 .comment       0x0000000000000033       0x34 build/debug/deca_device.o
 .comment       0x0000000000000033       0x34 build/debug/deca_mutex.o
 .comment       0x0000000000000033       0x34 build/debug/deca_sleep.o
 .comment       0x0000000000000033       0x34 build/debug/deca_spi.o
 .comment       0x0000000000000033       0x34 build/debug/dma.o
 .comment       0x0000000000000033       0x34 build/debug/ds_twr_responder_sts.o
 .comment       0x0000000000000033       0x34 build/debug/example_info.o
 .comment       0x0000000000000033       0x34 build/debug/gpio.o
 .comment       0x0000000000000033       0x34 build/debug/main.o
 .comment       0x0000000000000033       0x34 build/debug/port.o
 .comment       0x0000000000000033       0x34 build/debug/shared_functions.o
 .comment       0x0000000000000033       0x34 build/debug/spi.o
 .comment       0x0000000000000033       0x34 build/debug/stm32f3xx_hal.o
 .comment       0x0000000000000033       0x34 build/debug/stm32f3xx_hal_cortex.o
 .comment       0x0000000000000033       0x34 build/debug/stm32f3xx_hal_dma.o
 .comment       0x0000000000000033       0x34 build/debug/stm32f3xx_hal_gpio.o
 .comment       0x0000000000000033       0x34 build/debug/stm32f3xx_hal_msp.o
 .comment       0x0000000000000033       0x34 build/debug/stm32f3xx_hal_rcc.o
 .comment       0x0000000000000033       0x34 build/debug/stm32f3xx_hal_rcc_ex.o
 .comment       0x0000000000000033       0x34 build/debug/stm32f3xx_hal_spi.o
 .comment       0x0000000000000033       0x34 build/debug/stm32f3xx_hal_tim.o
 .comment       0x0000000000000033       0x34 build/debug/stm32f3xx_hal_tim_ex.o
 .comment       0x0000000000000033       0x34 build/debug/stm32f3xx_hal_uart.o
 .comment       0x0000000000000033       0x34 build/debug/stm32f3xx_it.o
 .comment       0x0000000000000033       0x34 build/debug/syscalls.o
 .comment       0x0000000000000033       0x34 build/debug/sysmem.o
 .comment       0x0000000000000033       0x34 build/debug/system_stm32f3xx.o
 .comment       0x0000000000000033       0x34 build/debug/tim.o
 .comment       0x0000000000000033       0x34 build/debug/usart.o
 .comment       0x0000000000000033       0x34 /usr/lib/gcc/arm-none-eabi/10.3.1/../../../arm-none-eabi/lib/thumb/v7e-m+fp/hard/libc_nano.a(lib_a-assert.o)
 .comment       0x0000000000000033       0x34 /usr/lib/gcc/arm-none-eabi/10.3.1/../../../arm-none-eabi/lib/thumb/v7e-m+fp/hard/libc_nano.a(lib_a-errno.o)
 .comment       0x0000000000000033       0x34 /usr/lib/gcc/arm-none-eabi/10.3.1/../../../arm-none-eabi/lib/thumb/v7e-m+fp/hard/libc_nano.a(lib_a-fprintf.o)
 .comment       0x0000000000000033       0x34 /usr/lib/gcc/arm-none-eabi/10.3.1/../../../arm-none-eabi/lib/thumb/v7e-m+fp/hard/libc_nano.a(lib_a-impure.o)
 .comment       0x0000000000000033       0x34 /usr/lib/gcc/arm-none-eabi/10.3.1/../../../arm-none-eabi/lib/thumb/v7e-m+fp/hard/libc_nano.a(lib_a-init.o)
 .comment       0x0000000000000033       0x34 /usr/lib/gcc/arm-none-eabi/10.3.1/../../../arm-none-eabi/lib/thumb/v7e-m+fp/hard/libc_nano.a(lib_a-memcmp.o)
 .comment       0x0000000000000033       0x34 /usr/lib/gcc/arm-none-eabi/10.3.1/../../../arm-none-eabi/lib/thumb/v7e-m+fp/hard/libc_nano.a(lib_a-memset.o)
 .comment       0x0000000000000033       0x34 /usr/lib/gcc/arm-none-eabi/10.3.1/../../../arm-none-eabi/lib/thumb/v7e-m+fp/hard/libc_nano.a(lib_a-nano-vfprintf.o)
 .comment       0x0000000000000033       0x34 /usr/lib/gcc/arm-none-eabi/10.3.1/../../../arm-none-eabi/lib/thumb/v7e-m+fp/hard/libc_nano.a(lib_a-nano-vfprintf_i.o)
 .comment       0x0000000000000033       0x34 /usr/lib/gcc/arm-none-eabi/10.3.1/../../../arm-none-eabi/lib/thumb/v7e-m+fp/hard/libc_nano.a(lib_a-sprintf.o)
 .comment       0x0000000000000033       0x34 /usr/lib/gcc/arm-none-eabi/10.3.1/../../../arm-none-eabi/lib/thumb/v7e-m+fp/hard/libc_nano.a(lib_a-wbuf.o)
 .comment       0x0000000000000033       0x34 /usr/lib/gcc/arm-none-eabi/10.3.1/../../../arm-none-eabi/lib/thumb/v7e-m+fp/hard/libc_nano.a(lib_a-wsetup.o)
 .comment       0x0000000000000033       0x34 /usr/lib/gcc/arm-none-eabi/10.3.1/../../../arm-none-eabi/lib/thumb/v7e-m+fp/hard/libc_nano.a(lib_a-abort.o)
 .comment       0x0000000000000033       0x34 /usr/lib/gcc/arm-none-eabi/10.3.1/../../../arm-none-eabi/lib/thumb/v7e-m+fp/hard/libc_nano.a(lib_a-fflush.o)
 .comment       0x0000000000000033       0x34 /usr/lib/gcc/arm-none-eabi/10.3.1/../../../arm-none-eabi/lib/thumb/v7e-m+fp/hard/libc_nano.a(lib_a-findfp.o)
 .comment       0x0000000000000033       0x34 /usr/lib/gcc/arm-none-eabi/10.3.1/../../../arm-none-eabi/lib/thumb/v7e-m+fp/hard/libc_nano.a(lib_a-fvwrite.o)
 .comment       0x0000000000000033       0x34 /usr/lib/gcc/arm-none-eabi/10.3.1/../../../arm-none-eabi/lib/thumb/v7e-m+fp/hard/libc_nano.a(lib_a-fwalk.o)
 .comment       0x0000000000000033       0x34 /usr/lib/gcc/arm-none-eabi/10.3.1/../../../arm-none-eabi/lib/thumb/v7e-m+fp/hard/libc_nano.a(lib_a-makebuf.o)
 .comment       0x0000000000000033       0x34 /usr/lib/gcc/arm-none-eabi/10.3.1/../../../arm-none-eabi/lib/thumb/v7e-m+fp/hard/libc_nano.a(lib_a-memmove.o)
 .comment       0x0000000000000033       0x34 /usr/lib/gcc/arm-none-eabi/10.3.1/../../../arm-none-eabi/lib/thumb/v7e-m+fp/hard/libc_nano.a(lib_a-nano-freer.o)
 .comment       0x0000000000000033       0x34 /usr/lib/gcc/arm-none-eabi/10.3.1/../../../arm-none-eabi/lib/thumb/v7e-m+fp/hard/libc_nano.a(lib_a-nano-mallocr.o)
 .comment       0x0000000000000033       0x34 /usr/lib/gcc/arm-none-eabi/10.3.1/../../../arm-none-eabi/lib/thumb/v7e-m+fp/hard/libc_nano.a(lib_a-nano-reallocr.o)
 .comment       0x0000000000000033       0x34 /usr/lib/gcc/arm-none-eabi/10.3.1/../../../arm-none-eabi/lib/thumb/v7e-m+fp/hard/libc_nano.a(lib_a-nano-svfprintf.o)
 .comment       0x0000000000000033       0x34 /usr/lib/gcc/arm-none-eabi/10.3.1/../../../arm-none-eabi/lib/thumb/v7e-m+fp/hard/libc_nano.a(lib_a-sbrkr.o)
 .comment       0x0000000000000033       0x34 /usr/lib/gcc/arm-none-eabi/10.3.1/../../../arm-none-eabi/lib/thumb/v7e-m+fp/hard/libc_nano.a(lib_a-signal.o)
 .comment       0x0000000000000033       0x34 /usr/lib/gcc/arm-none-eabi/10.3.1/../../../arm-none-eabi/lib/thumb/v7e-m+fp/hard/libc_nano.a(lib_a-signalr.o)
 .comment       0x0000000000000033       0x34 /usr/lib/gcc/arm-none-eabi/10.3.1/../../../arm-none-eabi/lib/thumb/v7e-m+fp/hard/libc_nano.a(lib_a-stdio.o)
 .comment       0x0000000000000033       0x34 /usr/lib/gcc/arm-none-eabi/10.3.1/../../../arm-none-eabi/lib/thumb/v7e-m+fp/hard/libc_nano.a(lib_a-writer.o)
 .comment       0x0000000000000033       0x34 /usr/lib/gcc/arm-none-eabi/10.3.1/../../../arm-none-eabi/lib/thumb/v7e-m+fp/hard/libc_nano.a(lib_a-closer.o)
 .comment       0x0000000000000033       0x34 /usr/lib/gcc/arm-none-eabi/10.3.1/../../../arm-none-eabi/lib/thumb/v7e-m+fp/hard/libc_nano.a(lib_a-fstatr.o)
 .comment       0x0000000000000033       0x34 /usr/lib/gcc/arm-none-eabi/10.3.1/../../../arm-none-eabi/lib/thumb/v7e-m+fp/hard/libc_nano.a(lib_a-isattyr.o)
 .comment       0x0000000000000033       0x34 /usr/lib/gcc/arm-none-eabi/10.3.1/../../../arm-none-eabi/lib/thumb/v7e-m+fp/hard/libc_nano.a(lib_a-lseekr.o)
 .comment       0x0000000000000033       0x34 /usr/lib/gcc/arm-none-eabi/10.3.1/../../../arm-none-eabi/lib/thumb/v7e-m+fp/hard/libc_nano.a(lib_a-mlock.o)
 .comment       0x0000000000000033       0x34 /usr/lib/gcc/arm-none-eabi/10.3.1/../../../arm-none-eabi/lib/thumb/v7e-m+fp/hard/libc_nano.a(lib_a-nano-msizer.o)
 .comment       0x0000000000000033       0x34 /usr/lib/gcc/arm-none-eabi/10.3.1/../../../arm-none-eabi/lib/thumb/v7e-m+fp/hard/libc_nano.a(lib_a-readr.o)
 .comment       0x0000000000000033       0x34 /usr/lib/gcc/arm-none-eabi/10.3.1/../../../arm-none-eabi/lib/thumb/v7e-m+fp/hard/libc_nano.a(lib_a-reent.o)
 .comment       0x0000000000000033       0x34 /usr/lib/gcc/arm-none-eabi/10.3.1/thumb/v7e-m+fp/hard/libgcc.a(_fixdfdi.o)
 .comment       0x0000000000000033       0x34 /usr/lib/gcc/arm-none-eabi/10.3.1/thumb/v7e-m+fp/hard/libgcc.a(_fixunsdfdi.o)
 .comment       0x0000000000000033       0x34 /usr/lib/gcc/arm-none-eabi/10.3.1/thumb/v7e-m+fp/hard/crtend.o

.debug_info     0x0000000000000000    0x33a35
 .debug_info    0x0000000000000000      0x274 build/debug/config_options.o
 .debug_info    0x0000000000000274     0x67dc build/debug/deca_device.o
 .debug_info    0x0000000000006a50      0x11c build/debug/deca_mutex.o
 .debug_info    0x0000000000006b6c      0x10a build/debug/deca_sleep.o
 .debug_info    0x0000000000006c76      0xb67 build/debug/deca_spi.o
 .debug_info    0x00000000000077dd      0x39c build/debug/dma.o
 .debug_info    0x0000000000007b79     0x1016 build/debug/ds_twr_responder_sts.o
 .debug_info    0x0000000000008b8f       0xc9 build/debug/example_info.o
 .debug_info    0x0000000000008c58      0x391 build/debug/gpio.o
 .debug_info    0x0000000000008fe9      0xbdc build/debug/main.o
 .debug_info    0x0000000000009bc5      0xf55 build/debug/port.o
 .debug_info    0x000000000000ab1a      0x64b build/debug/shared_functions.o
 .debug_info    0x000000000000b165      0x8dc build/debug/spi.o
 .debug_info    0x000000000000ba41      0x86f build/debug/stm32f3xx_hal.o
 .debug_info    0x000000000000c2b0     0x1003 build/debug/stm32f3xx_hal_cortex.o
 .debug_info    0x000000000000d2b3      0x873 build/debug/stm32f3xx_hal_dma.o
 .debug_info    0x000000000000db26      0x6a8 build/debug/stm32f3xx_hal_gpio.o
 .debug_info    0x000000000000e1ce      0x19a build/debug/stm32f3xx_hal_msp.o
 .debug_info    0x000000000000e368     0x1551 build/debug/stm32f3xx_hal_rcc.o
 .debug_info    0x000000000000f8b9      0x712 build/debug/stm32f3xx_hal_rcc_ex.o
 .debug_info    0x000000000000ffcb     0x216f build/debug/stm32f3xx_hal_spi.o
 .debug_info    0x000000000001213a     0x3ede build/debug/stm32f3xx_hal_tim.o
 .debug_info    0x0000000000016018     0x1b93 build/debug/stm32f3xx_hal_tim_ex.o
 .debug_info    0x0000000000017bab     0x50a0 build/debug/stm32f3xx_hal_uart.o
 .debug_info    0x000000000001cc4b      0x3a4 build/debug/stm32f3xx_it.o
 .debug_info    0x000000000001cfef      0x7af build/debug/syscalls.o
 .debug_info    0x000000000001d79e      0x15c build/debug/sysmem.o
 .debug_info    0x000000000001d8fa      0x40e build/debug/system_stm32f3xx.o
 .debug_info    0x000000000001dd08      0x915 build/debug/tim.o
 .debug_info    0x000000000001e61d      0x9ee build/debug/usart.o
 .debug_info    0x000000000001f00b       0x22 build/debug/startup_stm32f303xc.o
 .debug_info    0x000000000001f02d      0x8bd /usr/lib/gcc/arm-none-eabi/10.3.1/../../../arm-none-eabi/lib/thumb/v7e-m+fp/hard/libc_nano.a(lib_a-assert.o)
 .debug_info    0x000000000001f8ea      0x7ae /usr/lib/gcc/arm-none-eabi/10.3.1/../../../arm-none-eabi/lib/thumb/v7e-m+fp/hard/libc_nano.a(lib_a-errno.o)
 .debug_info    0x0000000000020098      0x902 /usr/lib/gcc/arm-none-eabi/10.3.1/../../../arm-none-eabi/lib/thumb/v7e-m+fp/hard/libc_nano.a(lib_a-fprintf.o)
 .debug_info    0x000000000002099a      0x863 /usr/lib/gcc/arm-none-eabi/10.3.1/../../../arm-none-eabi/lib/thumb/v7e-m+fp/hard/libc_nano.a(lib_a-impure.o)
 .debug_info    0x00000000000211fd      0x11a /usr/lib/gcc/arm-none-eabi/10.3.1/../../../arm-none-eabi/lib/thumb/v7e-m+fp/hard/libc_nano.a(lib_a-init.o)
 .debug_info    0x0000000000021317      0x138 /usr/lib/gcc/arm-none-eabi/10.3.1/../../../arm-none-eabi/lib/thumb/v7e-m+fp/hard/libc_nano.a(lib_a-memcmp.o)
 .debug_info    0x000000000002144f      0x137 /usr/lib/gcc/arm-none-eabi/10.3.1/../../../arm-none-eabi/lib/thumb/v7e-m+fp/hard/libc_nano.a(lib_a-memset.o)
 .debug_info    0x0000000000021586     0x115f /usr/lib/gcc/arm-none-eabi/10.3.1/../../../arm-none-eabi/lib/thumb/v7e-m+fp/hard/libc_nano.a(lib_a-nano-vfprintf.o)
 .debug_info    0x00000000000226e5      0xe9e /usr/lib/gcc/arm-none-eabi/10.3.1/../../../arm-none-eabi/lib/thumb/v7e-m+fp/hard/libc_nano.a(lib_a-nano-vfprintf_i.o)
 .debug_info    0x0000000000023583      0x926 /usr/lib/gcc/arm-none-eabi/10.3.1/../../../arm-none-eabi/lib/thumb/v7e-m+fp/hard/libc_nano.a(lib_a-sprintf.o)
 .debug_info    0x0000000000023ea9       0x26 /usr/lib/gcc/arm-none-eabi/10.3.1/../../../arm-none-eabi/lib/thumb/v7e-m+fp/hard/libc_nano.a(lib_a-strlen.o)
 .debug_info    0x0000000000023ecf      0x998 /usr/lib/gcc/arm-none-eabi/10.3.1/../../../arm-none-eabi/lib/thumb/v7e-m+fp/hard/libc_nano.a(lib_a-wbuf.o)
 .debug_info    0x0000000000024867      0x902 /usr/lib/gcc/arm-none-eabi/10.3.1/../../../arm-none-eabi/lib/thumb/v7e-m+fp/hard/libc_nano.a(lib_a-wsetup.o)
 .debug_info    0x0000000000025169       0xcb /usr/lib/gcc/arm-none-eabi/10.3.1/../../../arm-none-eabi/lib/thumb/v7e-m+fp/hard/libc_nano.a(lib_a-abort.o)
 .debug_info    0x0000000000025234      0xb0d /usr/lib/gcc/arm-none-eabi/10.3.1/../../../arm-none-eabi/lib/thumb/v7e-m+fp/hard/libc_nano.a(lib_a-fflush.o)
 .debug_info    0x0000000000025d41      0xfae /usr/lib/gcc/arm-none-eabi/10.3.1/../../../arm-none-eabi/lib/thumb/v7e-m+fp/hard/libc_nano.a(lib_a-findfp.o)
 .debug_info    0x0000000000026cef      0xb5e /usr/lib/gcc/arm-none-eabi/10.3.1/../../../arm-none-eabi/lib/thumb/v7e-m+fp/hard/libc_nano.a(lib_a-fvwrite.o)
 .debug_info    0x000000000002784d      0x900 /usr/lib/gcc/arm-none-eabi/10.3.1/../../../arm-none-eabi/lib/thumb/v7e-m+fp/hard/libc_nano.a(lib_a-fwalk.o)
 .debug_info    0x000000000002814d      0xc8a /usr/lib/gcc/arm-none-eabi/10.3.1/../../../arm-none-eabi/lib/thumb/v7e-m+fp/hard/libc_nano.a(lib_a-makebuf.o)
 .debug_info    0x0000000000028dd7       0x26 /usr/lib/gcc/arm-none-eabi/10.3.1/../../../arm-none-eabi/lib/thumb/v7e-m+fp/hard/libc_nano.a(lib_a-memchr.o)
 .debug_info    0x0000000000028dfd       0x26 /usr/lib/gcc/arm-none-eabi/10.3.1/../../../arm-none-eabi/lib/thumb/v7e-m+fp/hard/libc_nano.a(lib_a-memcpy.o)
 .debug_info    0x0000000000028e23      0x152 /usr/lib/gcc/arm-none-eabi/10.3.1/../../../arm-none-eabi/lib/thumb/v7e-m+fp/hard/libc_nano.a(lib_a-memmove.o)
 .debug_info    0x0000000000028f75      0x903 /usr/lib/gcc/arm-none-eabi/10.3.1/../../../arm-none-eabi/lib/thumb/v7e-m+fp/hard/libc_nano.a(lib_a-nano-freer.o)
 .debug_info    0x0000000000029878      0xa0c /usr/lib/gcc/arm-none-eabi/10.3.1/../../../arm-none-eabi/lib/thumb/v7e-m+fp/hard/libc_nano.a(lib_a-nano-mallocr.o)
 .debug_info    0x000000000002a284      0x911 /usr/lib/gcc/arm-none-eabi/10.3.1/../../../arm-none-eabi/lib/thumb/v7e-m+fp/hard/libc_nano.a(lib_a-nano-reallocr.o)
 .debug_info    0x000000000002ab95     0x10d5 /usr/lib/gcc/arm-none-eabi/10.3.1/../../../arm-none-eabi/lib/thumb/v7e-m+fp/hard/libc_nano.a(lib_a-nano-svfprintf.o)
 .debug_info    0x000000000002bc6a      0x828 /usr/lib/gcc/arm-none-eabi/10.3.1/../../../arm-none-eabi/lib/thumb/v7e-m+fp/hard/libc_nano.a(lib_a-sbrkr.o)
 .debug_info    0x000000000002c492      0xdcc /usr/lib/gcc/arm-none-eabi/10.3.1/../../../arm-none-eabi/lib/thumb/v7e-m+fp/hard/libc_nano.a(lib_a-signal.o)
 .debug_info    0x000000000002d25e      0x871 /usr/lib/gcc/arm-none-eabi/10.3.1/../../../arm-none-eabi/lib/thumb/v7e-m+fp/hard/libc_nano.a(lib_a-signalr.o)
 .debug_info    0x000000000002dacf      0xabc /usr/lib/gcc/arm-none-eabi/10.3.1/../../../arm-none-eabi/lib/thumb/v7e-m+fp/hard/libc_nano.a(lib_a-stdio.o)
 .debug_info    0x000000000002e58b      0x85a /usr/lib/gcc/arm-none-eabi/10.3.1/../../../arm-none-eabi/lib/thumb/v7e-m+fp/hard/libc_nano.a(lib_a-writer.o)
 .debug_info    0x000000000002ede5      0x805 /usr/lib/gcc/arm-none-eabi/10.3.1/../../../arm-none-eabi/lib/thumb/v7e-m+fp/hard/libc_nano.a(lib_a-closer.o)
 .debug_info    0x000000000002f5ea      0xa1d /usr/lib/gcc/arm-none-eabi/10.3.1/../../../arm-none-eabi/lib/thumb/v7e-m+fp/hard/libc_nano.a(lib_a-fstatr.o)
 .debug_info    0x0000000000030007      0x805 /usr/lib/gcc/arm-none-eabi/10.3.1/../../../arm-none-eabi/lib/thumb/v7e-m+fp/hard/libc_nano.a(lib_a-isattyr.o)
 .debug_info    0x000000000003080c      0x83b /usr/lib/gcc/arm-none-eabi/10.3.1/../../../arm-none-eabi/lib/thumb/v7e-m+fp/hard/libc_nano.a(lib_a-lseekr.o)
 .debug_info    0x0000000000031047      0x7dc /usr/lib/gcc/arm-none-eabi/10.3.1/../../../arm-none-eabi/lib/thumb/v7e-m+fp/hard/libc_nano.a(lib_a-mlock.o)
 .debug_info    0x0000000000031823      0x840 /usr/lib/gcc/arm-none-eabi/10.3.1/../../../arm-none-eabi/lib/thumb/v7e-m+fp/hard/libc_nano.a(lib_a-nano-msizer.o)
 .debug_info    0x0000000000032063      0x853 /usr/lib/gcc/arm-none-eabi/10.3.1/../../../arm-none-eabi/lib/thumb/v7e-m+fp/hard/libc_nano.a(lib_a-readr.o)
 .debug_info    0x00000000000328b6      0xa7e /usr/lib/gcc/arm-none-eabi/10.3.1/../../../arm-none-eabi/lib/thumb/v7e-m+fp/hard/libc_nano.a(lib_a-reent.o)
 .debug_info    0x0000000000033334       0x26 /usr/lib/gcc/arm-none-eabi/10.3.1/thumb/v7e-m+fp/hard/libgcc.a(_arm_addsubdf3.o)
 .debug_info    0x000000000003335a       0x26 /usr/lib/gcc/arm-none-eabi/10.3.1/thumb/v7e-m+fp/hard/libgcc.a(_arm_muldivdf3.o)
 .debug_info    0x0000000000033380      0x303 /usr/lib/gcc/arm-none-eabi/10.3.1/thumb/v7e-m+fp/hard/libgcc.a(_fixdfdi.o)
 .debug_info    0x0000000000033683      0x366 /usr/lib/gcc/arm-none-eabi/10.3.1/thumb/v7e-m+fp/hard/libgcc.a(_fixunsdfdi.o)
 .debug_info    0x00000000000339e9       0x26 /usr/lib/gcc/arm-none-eabi/10.3.1/thumb/v7e-m+fp/hard/libgcc.a(_arm_cmpdf2.o)
 .debug_info    0x0000000000033a0f       0x26 /usr/lib/gcc/arm-none-eabi/10.3.1/thumb/v7e-m+fp/hard/libgcc.a(_arm_fixunsdfsi.o)

.debug_abbrev   0x0000000000000000     0x7d98
 .debug_abbrev  0x0000000000000000       0xda build/debug/config_options.o
 .debug_abbrev  0x00000000000000da      0x3a2 build/debug/deca_device.o
 .debug_abbrev  0x000000000000047c       0xb9 build/debug/deca_mutex.o
 .debug_abbrev  0x0000000000000535       0x84 build/debug/deca_sleep.o
 .debug_abbrev  0x00000000000005b9      0x1f5 build/debug/deca_spi.o
 .debug_abbrev  0x00000000000007ae      0x114 build/debug/dma.o
 .debug_abbrev  0x00000000000008c2      0x1df build/debug/ds_twr_responder_sts.o
 .debug_abbrev  0x0000000000000aa1       0xc9 build/debug/example_info.o
 .debug_abbrev  0x0000000000000b6a      0x14e build/debug/gpio.o
 .debug_abbrev  0x0000000000000cb8      0x222 build/debug/main.o
 .debug_abbrev  0x0000000000000eda      0x2be build/debug/port.o
 .debug_abbrev  0x0000000000001198      0x23f build/debug/shared_functions.o
 .debug_abbrev  0x00000000000013d7      0x1d3 build/debug/spi.o
 .debug_abbrev  0x00000000000015aa      0x207 build/debug/stm32f3xx_hal.o
 .debug_abbrev  0x00000000000017b1      0x361 build/debug/stm32f3xx_hal_cortex.o
 .debug_abbrev  0x0000000000001b12      0x212 build/debug/stm32f3xx_hal_dma.o
 .debug_abbrev  0x0000000000001d24      0x1e6 build/debug/stm32f3xx_hal_gpio.o
 .debug_abbrev  0x0000000000001f0a       0xbf build/debug/stm32f3xx_hal_msp.o
 .debug_abbrev  0x0000000000001fc9      0x2e4 build/debug/stm32f3xx_hal_rcc.o
 .debug_abbrev  0x00000000000022ad      0x264 build/debug/stm32f3xx_hal_rcc_ex.o
 .debug_abbrev  0x0000000000002511      0x248 build/debug/stm32f3xx_hal_spi.o
 .debug_abbrev  0x0000000000002759      0x232 build/debug/stm32f3xx_hal_tim.o
 .debug_abbrev  0x000000000000298b      0x248 build/debug/stm32f3xx_hal_tim_ex.o
 .debug_abbrev  0x0000000000002bd3      0x2cc build/debug/stm32f3xx_hal_uart.o
 .debug_abbrev  0x0000000000002e9f      0x154 build/debug/stm32f3xx_it.o
 .debug_abbrev  0x0000000000002ff3      0x1a3 build/debug/syscalls.o
 .debug_abbrev  0x0000000000003196       0xe7 build/debug/sysmem.o
 .debug_abbrev  0x000000000000327d      0x119 build/debug/system_stm32f3xx.o
 .debug_abbrev  0x0000000000003396      0x1c5 build/debug/tim.o
 .debug_abbrev  0x000000000000355b      0x1e2 build/debug/usart.o
 .debug_abbrev  0x000000000000373d       0x12 build/debug/startup_stm32f303xc.o
 .debug_abbrev  0x000000000000374f      0x1c3 /usr/lib/gcc/arm-none-eabi/10.3.1/../../../arm-none-eabi/lib/thumb/v7e-m+fp/hard/libc_nano.a(lib_a-assert.o)
 .debug_abbrev  0x0000000000003912      0x157 /usr/lib/gcc/arm-none-eabi/10.3.1/../../../arm-none-eabi/lib/thumb/v7e-m+fp/hard/libc_nano.a(lib_a-errno.o)
 .debug_abbrev  0x0000000000003a69      0x213 /usr/lib/gcc/arm-none-eabi/10.3.1/../../../arm-none-eabi/lib/thumb/v7e-m+fp/hard/libc_nano.a(lib_a-fprintf.o)
 .debug_abbrev  0x0000000000003c7c      0x151 /usr/lib/gcc/arm-none-eabi/10.3.1/../../../arm-none-eabi/lib/thumb/v7e-m+fp/hard/libc_nano.a(lib_a-impure.o)
 .debug_abbrev  0x0000000000003dcd       0xcc /usr/lib/gcc/arm-none-eabi/10.3.1/../../../arm-none-eabi/lib/thumb/v7e-m+fp/hard/libc_nano.a(lib_a-init.o)
 .debug_abbrev  0x0000000000003e99       0x8d /usr/lib/gcc/arm-none-eabi/10.3.1/../../../arm-none-eabi/lib/thumb/v7e-m+fp/hard/libc_nano.a(lib_a-memcmp.o)
 .debug_abbrev  0x0000000000003f26       0xb4 /usr/lib/gcc/arm-none-eabi/10.3.1/../../../arm-none-eabi/lib/thumb/v7e-m+fp/hard/libc_nano.a(lib_a-memset.o)
 .debug_abbrev  0x0000000000003fda      0x358 /usr/lib/gcc/arm-none-eabi/10.3.1/../../../arm-none-eabi/lib/thumb/v7e-m+fp/hard/libc_nano.a(lib_a-nano-vfprintf.o)
 .debug_abbrev  0x0000000000004332      0x25c /usr/lib/gcc/arm-none-eabi/10.3.1/../../../arm-none-eabi/lib/thumb/v7e-m+fp/hard/libc_nano.a(lib_a-nano-vfprintf_i.o)
 .debug_abbrev  0x000000000000458e      0x213 /usr/lib/gcc/arm-none-eabi/10.3.1/../../../arm-none-eabi/lib/thumb/v7e-m+fp/hard/libc_nano.a(lib_a-sprintf.o)
 .debug_abbrev  0x00000000000047a1       0x14 /usr/lib/gcc/arm-none-eabi/10.3.1/../../../arm-none-eabi/lib/thumb/v7e-m+fp/hard/libc_nano.a(lib_a-strlen.o)
 .debug_abbrev  0x00000000000047b5      0x21f /usr/lib/gcc/arm-none-eabi/10.3.1/../../../arm-none-eabi/lib/thumb/v7e-m+fp/hard/libc_nano.a(lib_a-wbuf.o)
 .debug_abbrev  0x00000000000049d4      0x1d4 /usr/lib/gcc/arm-none-eabi/10.3.1/../../../arm-none-eabi/lib/thumb/v7e-m+fp/hard/libc_nano.a(lib_a-wsetup.o)
 .debug_abbrev  0x0000000000004ba8       0x80 /usr/lib/gcc/arm-none-eabi/10.3.1/../../../arm-none-eabi/lib/thumb/v7e-m+fp/hard/libc_nano.a(lib_a-abort.o)
 .debug_abbrev  0x0000000000004c28      0x2dd /usr/lib/gcc/arm-none-eabi/10.3.1/../../../arm-none-eabi/lib/thumb/v7e-m+fp/hard/libc_nano.a(lib_a-fflush.o)
 .debug_abbrev  0x0000000000004f05      0x3cd /usr/lib/gcc/arm-none-eabi/10.3.1/../../../arm-none-eabi/lib/thumb/v7e-m+fp/hard/libc_nano.a(lib_a-findfp.o)
 .debug_abbrev  0x00000000000052d2      0x1f7 /usr/lib/gcc/arm-none-eabi/10.3.1/../../../arm-none-eabi/lib/thumb/v7e-m+fp/hard/libc_nano.a(lib_a-fvwrite.o)
 .debug_abbrev  0x00000000000054c9      0x197 /usr/lib/gcc/arm-none-eabi/10.3.1/../../../arm-none-eabi/lib/thumb/v7e-m+fp/hard/libc_nano.a(lib_a-fwalk.o)